Archive member included to satisfy reference by file (symbol)

c:/altera/15.0/nios2eds/bin/gnu/h-x86_64-mingw32/bin/../lib/gcc/nios2-elf/4.9.1/../../../../../H-x86_64-mingw32/nios2-elf/lib\libm.a(lib_a-s_floor.o)
                              obj/default/hello_world.o (floor)
c:/altera/15.0/nios2eds/bin/gnu/h-x86_64-mingw32/bin/../lib/gcc/nios2-elf/4.9.1\libgcc.a(adddf3.o)
                              c:/altera/15.0/nios2eds/bin/gnu/h-x86_64-mingw32/bin/../lib/gcc/nios2-elf/4.9.1/../../../../../H-x86_64-mingw32/nios2-elf/lib\libm.a(lib_a-s_floor.o) (__adddf3)
c:/altera/15.0/nios2eds/bin/gnu/h-x86_64-mingw32/bin/../lib/gcc/nios2-elf/4.9.1\libgcc.a(gedf2.o)
                              obj/default/hello_world.o (__gedf2)
c:/altera/15.0/nios2eds/bin/gnu/h-x86_64-mingw32/bin/../lib/gcc/nios2-elf/4.9.1\libgcc.a(ledf2.o)
                              obj/default/hello_world.o (__ledf2)
c:/altera/15.0/nios2eds/bin/gnu/h-x86_64-mingw32/bin/../lib/gcc/nios2-elf/4.9.1\libgcc.a(muldf3.o)
                              obj/default/hello_world.o (__muldf3)
c:/altera/15.0/nios2eds/bin/gnu/h-x86_64-mingw32/bin/../lib/gcc/nios2-elf/4.9.1\libgcc.a(fixdfsi.o)
                              obj/default/hello_world.o (__fixdfsi)
c:/altera/15.0/nios2eds/bin/gnu/h-x86_64-mingw32/bin/../lib/gcc/nios2-elf/4.9.1\libgcc.a(floatsidf.o)
                              obj/default/hello_world.o (__floatsidf)
c:/altera/15.0/nios2eds/bin/gnu/h-x86_64-mingw32/bin/../lib/gcc/nios2-elf/4.9.1\libgcc.a(_clzsi2.o)
                              c:/altera/15.0/nios2eds/bin/gnu/h-x86_64-mingw32/bin/../lib/gcc/nios2-elf/4.9.1\libgcc.a(adddf3.o) (__clzsi2)
c:/altera/15.0/nios2eds/bin/gnu/h-x86_64-mingw32/bin/../lib/gcc/nios2-elf/4.9.1\libgcc.a(_clz.o)
                              c:/altera/15.0/nios2eds/bin/gnu/h-x86_64-mingw32/bin/../lib/gcc/nios2-elf/4.9.1\libgcc.a(_clzsi2.o) (__clz_tab)
c:/altera/15.0/nios2eds/bin/gnu/h-x86_64-mingw32/bin/../lib/gcc/nios2-elf/4.9.1/../../../../../H-x86_64-mingw32/nios2-elf/lib\libc.a(lib_a-clock.o)
                              obj/default/hello_world.o (clock)
c:/altera/15.0/nios2eds/bin/gnu/h-x86_64-mingw32/bin/../lib/gcc/nios2-elf/4.9.1/../../../../../H-x86_64-mingw32/nios2-elf/lib\libc.a(lib_a-impure.o)
                              c:/altera/15.0/nios2eds/bin/gnu/h-x86_64-mingw32/bin/../lib/gcc/nios2-elf/4.9.1/../../../../../H-x86_64-mingw32/nios2-elf/lib\libc.a(lib_a-clock.o) (_impure_ptr)
c:/altera/15.0/nios2eds/bin/gnu/h-x86_64-mingw32/bin/../lib/gcc/nios2-elf/4.9.1/../../../../../H-x86_64-mingw32/nios2-elf/lib\libc.a(lib_a-printf.o)
                              obj/default/hello_world.o (printf)
c:/altera/15.0/nios2eds/bin/gnu/h-x86_64-mingw32/bin/../lib/gcc/nios2-elf/4.9.1/../../../../../H-x86_64-mingw32/nios2-elf/lib\libc.a(lib_a-putchar.o)
                              obj/default/hello_world.o (putchar)
c:/altera/15.0/nios2eds/bin/gnu/h-x86_64-mingw32/bin/../lib/gcc/nios2-elf/4.9.1/../../../../../H-x86_64-mingw32/nios2-elf/lib\libc.a(lib_a-puts.o)
                              obj/default/hello_world.o (puts)
c:/altera/15.0/nios2eds/bin/gnu/h-x86_64-mingw32/bin/../lib/gcc/nios2-elf/4.9.1/../../../../../H-x86_64-mingw32/nios2-elf/lib\libc.a(lib_a-sprintf.o)
                              obj/default/hello_world.o (sprintf)
c:/altera/15.0/nios2eds/bin/gnu/h-x86_64-mingw32/bin/../lib/gcc/nios2-elf/4.9.1/../../../../../H-x86_64-mingw32/nios2-elf/lib\libc.a(lib_a-strlen.o)
                              c:/altera/15.0/nios2eds/bin/gnu/h-x86_64-mingw32/bin/../lib/gcc/nios2-elf/4.9.1/../../../../../H-x86_64-mingw32/nios2-elf/lib\libc.a(lib_a-puts.o) (strlen)
c:/altera/15.0/nios2eds/bin/gnu/h-x86_64-mingw32/bin/../lib/gcc/nios2-elf/4.9.1/../../../../../H-x86_64-mingw32/nios2-elf/lib\libc.a(lib_a-svfprintf.o)
                              c:/altera/15.0/nios2eds/bin/gnu/h-x86_64-mingw32/bin/../lib/gcc/nios2-elf/4.9.1/../../../../../H-x86_64-mingw32/nios2-elf/lib\libc.a(lib_a-sprintf.o) (___svfprintf_internal_r)
c:/altera/15.0/nios2eds/bin/gnu/h-x86_64-mingw32/bin/../lib/gcc/nios2-elf/4.9.1/../../../../../H-x86_64-mingw32/nios2-elf/lib\libc.a(lib_a-timesr.o)
                              c:/altera/15.0/nios2eds/bin/gnu/h-x86_64-mingw32/bin/../lib/gcc/nios2-elf/4.9.1/../../../../../H-x86_64-mingw32/nios2-elf/lib\libc.a(lib_a-clock.o) (_times_r)
c:/altera/15.0/nios2eds/bin/gnu/h-x86_64-mingw32/bin/../lib/gcc/nios2-elf/4.9.1/../../../../../H-x86_64-mingw32/nios2-elf/lib\libc.a(lib_a-vfprintf.o)
                              c:/altera/15.0/nios2eds/bin/gnu/h-x86_64-mingw32/bin/../lib/gcc/nios2-elf/4.9.1/../../../../../H-x86_64-mingw32/nios2-elf/lib\libc.a(lib_a-printf.o) (___vfprintf_internal_r)
c:/altera/15.0/nios2eds/bin/gnu/h-x86_64-mingw32/bin/../lib/gcc/nios2-elf/4.9.1/../../../../../H-x86_64-mingw32/nios2-elf/lib\libc.a(lib_a-wsetup.o)
[...]
Memory Configuration

Name             Origin             Length             Attributes
reset            0x0000000008000000 0x0000000000000020
sdram            0x0000000008000020 0x0000000003ffffe0
*default*        0x0000000000000000 0xffffffffffffffff

Linker script and memory map

LOAD ../Display_project_bsp//obj/HAL/src/crt0.o
LOAD obj/default/hello_world.o
LOAD c:/altera/15.0/nios2eds/bin/gnu/h-x86_64-mingw32/bin/../lib/gcc/nios2-elf/4.9.1/../../../../../H-x86_64-mingw32/nios2-elf/lib\libstdc++.a
LOAD c:/altera/15.0/nios2eds/bin/gnu/h-x86_64-mingw32/bin/../lib/gcc/nios2-elf/4.9.1/../../../../../H-x86_64-mingw32/nios2-elf/lib\libm.a
LOAD c:/altera/15.0/nios2eds/bin/gnu/h-x86_64-mingw32/bin/../lib/gcc/nios2-elf/4.9.1\libgcc.a
START GROUP
LOAD c:/altera/15.0/nios2eds/bin/gnu/h-x86_64-mingw32/bin/../lib/gcc/nios2-elf/4.9.1/../../../../../H-x86_64-mingw32/nios2-elf/lib\libc.a
LOAD c:/altera/15.0/nios2eds/bin/gnu/h-x86_64-mingw32/bin/../lib/gcc/nios2-elf/4.9.1\libgcc.a
LOAD ../Display_project_bsp/\libhal_bsp.a
LOAD c:/altera/15.0/nios2eds/bin/gnu/h-x86_64-mingw32/bin/../lib/gcc/nios2-elf/4.9.1/../../../../../H-x86_64-mingw32/nios2-elf/lib\libm.a
END GROUP
LOAD c:/altera/15.0/nios2eds/bin/gnu/h-x86_64-mingw32/bin/../lib/gcc/nios2-elf/4.9.1\libgcc.a
                0x0000000008000000                __alt_mem_sdram = 0x8000000

.entry          0x0000000008000000       0x20
 *(.entry)
 .entry         0x0000000008000000       0x20 ../Display_project_bsp//obj/HAL/src/crt0.o
                0x0000000008000000                __reset

.exceptions     0x0000000008000020      0x19c
                0x0000000008000020                PROVIDE (__ram_exceptions_start, ABSOLUTE (.))
                0x0000000008000020                . = ALIGN (0x20)
 *(.irq)
 *(.exceptions.entry.label)
 .exceptions.entry.label
                0x0000000008000020        0x0 ../Display_project_bsp/\libhal_bsp.a(alt_irq_entry.o)
                0x0000000008000020                alt_irq_entry
 .exceptions.entry.label
                0x0000000008000020        0x0 ../Display_project_bsp/\libhal_bsp.a(alt_exception_entry.o)
                0x0000000008000020                alt_exception
 *(.exceptions.entry.user)
 *(.exceptions.entry.ecc_fatal)
 *(.exceptions.entry)
 .exceptions.entry
                0x0000000008000020       0x54 ../Display_project_bsp/\libhal_bsp.a(alt_exception_entry.o)
 *(.exceptions.irqtest.user)
 *(.exceptions.irqtest)
 .exceptions.irqtest
                0x0000000008000074       0x10 ../Display_project_bsp/\libhal_bsp.a(alt_irq_entry.o)
 *(.exceptions.irqhandler.user)
 *(.exceptions.irqhandler)
 .exceptions.irqhandler
                0x0000000008000084        0x4 ../Display_project_bsp/\libhal_bsp.a(alt_irq_entry.o)
 *(.exceptions.irqreturn.user)
 *(.exceptions.irqreturn)
 .exceptions.irqreturn
                0x0000000008000088        0x4 ../Display_project_bsp/\libhal_bsp.a(alt_irq_entry.o)
 *(.exceptions.notirq.label)
 .exceptions.notirq.label
                0x000000000800008c        0x0 ../Display_project_bsp/\libhal_bsp.a(alt_irq_entry.o)
 *(.exceptions.notirq.user)
 *(.exceptions.notirq)
 .exceptions.notirq
                0x000000000800008c        0x8 ../Display_project_bsp/\libhal_bsp.a(alt_exception_entry.o)
 *(.exceptions.soft.user)
 *(.exceptions.soft)
 *(.exceptions.unknown.user)
 *(.exceptions.unknown)
 .exceptions.unknown
                0x0000000008000094        0x4 ../Display_project_bsp/\libhal_bsp.a(alt_exception_entry.o)
 *(.exceptions.exit.label)
 .exceptions.exit.label
                0x0000000008000098        0x0 ../Display_project_bsp/\libhal_bsp.a(alt_irq_entry.o)
 .exceptions.exit.label
                0x0000000008000098        0x0 ../Display_project_bsp/\libhal_bsp.a(alt_exception_entry.o)
 *(.exceptions.exit.user)
 *(.exceptions.exit)
 .exceptions.exit
                0x0000000008000098       0x54 ../Display_project_bsp/\libhal_bsp.a(alt_exception_entry.o)
 *(.exceptions)
 .exceptions    0x00000000080000ec       0xd0 ../Display_project_bsp/\libhal_bsp.a(alt_irq_handler.o)
                0x00000000080000ec                alt_irq_handler
                0x00000000080001bc                PROVIDE (__ram_exceptions_end, ABSOLUTE (.))
                0x0000000008000020                PROVIDE (__flash_exceptions_start, LOADADDR (.exceptions))

.text           0x00000000080001bc    0x15938
                0x00000000080001bc                PROVIDE (stext, ABSOLUTE (.))
 *(.interp)
 *(.hash)
 *(.dynsym)
 *(.dynstr)
 *(.gnu.version)
 *(.gnu.version_d)
 *(.gnu.version_r)
 *(.rel.init)
 *(.rela.init)
 *(.rel.text .rel.text.* .rel.gnu.linkonce.t.*)
 *(.rela.text .rela.text.* .rela.gnu.linkonce.t.*)
 *(.rel.fini)
 *(.rela.fini)
 *(.rel.rodata .rel.rodata.* .rel.gnu.linkonce.r.*)
 *(.rela.rodata .rela.rodata.* .rela.gnu.linkonce.r.*)
 *(.rel.data .rel.data.* .rel.gnu.linkonce.d.*)
 *(.rela.data .rela.data.* .rela.gnu.linkonce.d.*)
 *(.rel.tdata .rel.tdata.* .rel.gnu.linkonce.td.*)
 *(.rela.tdata .rela.tdata.* .rela.gnu.linkonce.td.*)
 *(.rel.tbss .rel.tbss.* .rel.gnu.linkonce.tb.*)
 *(.rela.tbss .rela.tbss.* .rela.gnu.linkonce.tb.*)
 *(.rel.ctors)
 *(.rela.ctors)
 *(.rel.dtors)
 *(.rela.dtors)
 *(.rel.got)
 *(.rela.got)
 *(.rel.sdata .rel.sdata.* .rel.gnu.linkonce.s.*)
 *(.rela.sdata .rela.sdata.* .rela.gnu.linkonce.s.*)
 *(.rel.sbss .rel.sbss.* .rel.gnu.linkonce.sb.*)
 *(.rela.sbss .rela.sbss.* .rela.gnu.linkonce.sb.*)
 *(.rel.sdata2 .rel.sdata2.* .rel.gnu.linkonce.s2.*)
 *(.rela.sdata2 .rela.sdata2.* .rela.gnu.linkonce.s2.*)
 *(.rel.sbss2 .rel.sbss2.* .rel.gnu.linkonce.sb2.*)
 *(.rela.sbss2 .rela.sbss2.* .rela.gnu.linkonce.sb2.*)
 *(.rel.bss .rel.bss.* .rel.gnu.linkonce.b.*)
 *(.rela.bss .rela.bss.* .rela.gnu.linkonce.b.*)
 *(.rel.plt)
 *(.rela.plt)
 *(.rel.dyn)
 *(.init)
 *(.plt)
 *(.text .stub .text.* .gnu.linkonce.t.*)
 .text          0x00000000080001bc       0x3c ../Display_project_bsp//obj/HAL/src/crt0.o
                0x00000000080001bc                _start
 .text          0x00000000080001f8     0x305c obj/default/hello_world.o
                0x00000000080001f8                WriteAPixel
                0x0000000008000274                ReadAPixel
                0x0000000008000304                ProgramPalette
                0x0000000008000380                DrawHorizontalLine
                0x0000000008000410                DrawVerticalLine
                0x00000000080004a0                sign
                0x00000000080004f4                DrawBresenhamLine
                0x0000000008000594                DrawFillRect
                0x0000000008000600                DrawRect
                0x0000000008000684                DrawFillRectBorder
                0x0000000008000768                OutGraphicsCharFont1
                0x0000000008000914                OutGraphicsCharFont2
                0x0000000008000ac4                DrawString
                0x0000000008000c0c                putCharTouch
                0x0000000008000c64                getCharTouch
                0x0000000008000cac                Init_Touch
                0x0000000008000d18                ScreenTouched
                0x0000000008000d4c                WaitForTouch
                0x0000000008000d7c                GetPen
                0x0000000008000e78                GetPress
                0x0000000008000ec8                GetBasePen
                0x0000000008000fc4                GetBasePress
                0x0000000008001014                Init_RS232
                0x0000000008001074                putcharRS232
                0x00000000080010d4                getbitRS232
                0x0000000008001134                getcharRS232
                0x000000000800118c                RS232TestForReceivedData
                0x00000000080011bc                GetRangeData
                0x0000000008001208                OpenServo
                0x0000000008001234                CloseServo
                0x0000000008001260                TurnOnLights
                0x000000000800128c                TurnOffLights
                0x00000000080012b8                sendTempRequest
                0x00000000080012f0                GetTemp
                0x00000000080013a0                SendSolved
                0x00000000080013cc                putcharBluetooth
                0x0000000008001428                getcharBluetooth
                0x0000000008001480                wait
                0x00000000080014dc                writeDataToTx
                0x000000000800156c                readDataFromTx
                0x00000000080016e8                initBluetooth
                0x0000000008001748                enterCommandMode
                0x000000000800177c                reset
                0x00000000080017ac                setAuthenticationMode
                0x00000000080017dc                name
                0x0000000008001810                setPassword
                0x0000000008001844                AttemptBluetoothConnection
                0x0000000008001894                exitCommandMode
                0x00000000080018c4                configureBluetoothDongle
                0x0000000008001958                configureMasterBluetoothDongle
                0x0000000008001998                timer_0_ISR
                0x00000000080019c8                Init_ISR
                0x0000000008001a50                sendAndGetTemp
                0x0000000008001b30                delay
                0x0000000008001b88                delay_double
                0x0000000008001c10                BaseDisplay
                0x0000000008001d10                InfoDisplay
                0x0000000008002370                RequestCloseDisplay
                0x00000000080023d0                RequestOpenDisplay
                0x0000000008002430                BaseChoice
                0x0000000008002504                waitForInterrupt
                0x0000000008002564                InfoSelect
                0x0000000008002890                InfoChoice
                0x00000000080029f0                PrintNumbers
                0x0000000008002ad4                InitRoomArray
                0x0000000008002bd4                RunDisplay
                0x00000000080031d4                TestSerial
                0x000000000800321c                main
 .text          0x0000000008003254      0x1f4 c:/altera/15.0/nios2eds/bin/gnu/h-x86_64-mingw32/bin/../lib/gcc/nios2-elf/4.9.1/../../../../../H-x86_64-mingw32/nios2-elf/lib\libm.a(lib_a-s_floor.o)
                0x0000000008003254                floor
 .text          0x0000000008003448      0x89c c:/altera/15.0/nios2eds/bin/gnu/h-x86_64-mingw32/bin/../lib/gcc/nios2-elf/4.9.1\libgcc.a(adddf3.o)
                0x0000000008003448                __adddf3
 .text          0x0000000008003ce4       0xe0 c:/altera/15.0/nios2eds/bin/gnu/h-x86_64-mingw32/bin/../lib/gcc/nios2-elf/4.9.1\libgcc.a(gedf2.o)
                0x0000000008003ce4                __gedf2
                0x0000000008003ce4                __gtdf2
 .text          0x0000000008003dc4       0xe0 c:/altera/15.0/nios2eds/bin/gnu/h-x86_64-mingw32/bin/../lib/gcc/nios2-elf/4.9.1\libgcc.a(ledf2.o)
                0x0000000008003dc4                __ledf2
                0x0000000008003dc4                __ltdf2
 .text          0x0000000008003ea4      0x724 c:/altera/15.0/nios2eds/bin/gnu/h-x86_64-mingw32/bin/../lib/gcc/nios2-elf/4.9.1\libgcc.a(muldf3.o)
                0x0000000008003ea4                __muldf3
 .text          0x00000000080045c8       0x88 c:/altera/15.0/nios2eds/bin/gnu/h-x86_64-mingw32/bin/../lib/gcc/nios2-elf/4.9.1\libgcc.a(fixdfsi.o)
                0x00000000080045c8                __fixdfsi
 .text          0x0000000008004650       0xd0 c:/altera/15.0/nios2eds/bin/gnu/h-x86_64-mingw32/bin/../lib/gcc/nios2-elf/4.9.1\libgcc.a(floatsidf.o)
                0x0000000008004650                __floatsidf
 .text          0x0000000008004720       0x64 c:/altera/15.0/nios2eds/bin/gnu/h-x86_64-mingw32/bin/../lib/gcc/nios2-elf/4.9.1\libgcc.a(_clzsi2.o)
                0x0000000008004720                __clzsi2
 .text          0x0000000008004784        0x0 c:/altera/15.0/nios2eds/bin/gnu/h-x86_64-mingw32/bin/../lib/gcc/nios2-elf/4.9.1\libgcc.a(_clz.o)
 .text          0x0000000008004784       0x4c c:/altera/15.0/nios2eds/bin/gnu/h-x86_64-mingw32/bin/../lib/gcc/nios2-elf/4.9.1/../../../../../H-x86_64-mingw32/nios2-elf/lib\libc.a(lib_a-clock.o)
                0x0000000008004784                clock
 .text          0x00000000080047d0        0x0 c:/altera/15.0/nios2eds/bin/gnu/h-x86_64-mingw32/bin/../lib/gcc/nios2-elf/4.9.1/../../../../../H-x86_64-mingw32/nios2-elf/lib\libc.a(lib_a-impure.o)
 .text          0x00000000080047d0       0x68 c:/altera/15.0/nios2eds/bin/gnu/h-x86_64-mingw32/bin/../lib/gcc/nios2-elf/4.9.1/../../../../../H-x86_64-mingw32/nios2-elf/lib\libc.a(lib_a-printf.o)
                0x00000000080047d0                _printf_r
                0x00000000080047fc                printf
 .text          0x0000000008004838       0x20 c:/altera/15.0/nios2eds/bin/gnu/h-x86_64-mingw32/bin/../lib/gcc/nios2-elf/4.9.1/../../../../../H-x86_64-mingw32/nios2-elf/lib\libc.a(lib_a-putchar.o)
                0x0000000008004838                _putchar_r
                0x0000000008004840                putchar
 .text          0x0000000008004858       0xcc c:/altera/15.0/nios2eds/bin/gnu/h-x86_64-mingw32/bin/../lib/gcc/nios2-elf/4.9.1/../../../../../H-x86_64-mingw32/nios2-elf/lib\libc.a(lib_a-puts.o)
                0x0000000008004858                _puts_r
                0x0000000008004910                puts
 .text          0x0000000008004924       0xc4 c:/altera/15.0/nios2eds/bin/gnu/h-x86_64-mingw32/bin/../lib/gcc/nios2-elf/4.9.1/../../../../../H-x86_64-mingw32/nios2-elf/lib\libc.a(lib_a-sprintf.o)
                0x0000000008004924                _sprintf_r
                0x000000000800497c                sprintf
 .text          0x00000000080049e8       0x98 c:/altera/15.0/nios2eds/bin/gnu/h-x86_64-mingw32/bin/../lib/gcc/nios2-elf/4.9.1/../../../../../H-x86_64-mingw32/nios2-elf/lib\libc.a(lib_a-strlen.o)
                0x00000000080049e8                strlen
 .text          0x0000000008004a80     0x1f90 c:/altera/15.0/nios2eds/bin/gnu/h-x86_64-mingw32/bin/../lib/gcc/nios2-elf/4.9.1/../../../../../H-x86_64-mingw32/nios2-elf/lib\libc.a(lib_a-svfprintf.o)
                0x0000000008004a80                ___svfprintf_internal_r
 .text          0x0000000008006a10        0x8 c:/altera/15.0/nios2eds/bin/gnu/h-x86_64-mingw32/bin/../lib/gcc/nios2-elf/4.9.1/../../../../../H-x86_64-mingw32/nios2-elf/lib\libc.a(lib_a-timesr.o)
                0x0000000008006a10                _times_r
 .text          0x0000000008006a18     0x2020 c:/altera/15.0/nios2eds/bin/gnu/h-x86_64-mingw32/bin/../lib/gcc/nios2-elf/4.9.1/../../../../../H-x86_64-mingw32/nios2-elf/lib\libc.a(lib_a-vfprintf.o)
                0x0000000008006a18                ___vfprintf_internal_r
                0x0000000008008a14                __vfprintf_internal
 .text          0x0000000008008a38      0x130 c:/altera/15.0/nios2eds/bin/gnu/h-x86_64-mingw32/bin/../lib/gcc/nios2-elf/4.9.1/../../../../../H-x86_64-mingw32/nios2-elf/lib\libc.a(lib_a-wsetup.o)
                0x0000000008008a38                __swsetup_r
 .text          0x0000000008008b68     0x1928 c:/altera/15.0/nios2eds/bin/gnu/h-x86_64-mingw32/bin/../lib/gcc/nios2-elf/4.9.1/../../../../../H-x86_64-mingw32/nios2-elf/lib\libc.a(lib_a-dtoa.o)
                0x0000000008008d68                _dtoa_r
 .text          0x000000000800a490      0x258 c:/altera/15.0/nios2eds/bin/gnu/h-x86_64-mingw32/bin/../lib/gcc/nios2-elf/4.9.1/../../../../../H-x86_64-mingw32/nios2-elf/lib\libc.a(lib_a-fflush.o)
                0x000000000800a490                _fflush_r
                0x000000000800a6b8                fflush
 .text          0x000000000800a6e8      0x3a0 c:/altera/15.0/nios2eds/bin/gnu/h-x86_64-mingw32/bin/../lib/gcc/nios2-elf/4.9.1/../../../../../H-x86_64-mingw32/nios2-elf/lib\libc.a(lib_a-findfp.o)
                0x000000000800a6f8                _cleanup_r
                0x000000000800a8a4                __sfmoreglue
                0x000000000800a908                __sfp
                0x000000000800aa20                _cleanup
                0x000000000800aa38                __sinit
                0x000000000800aa48                __sfp_lock_acquire
                0x000000000800aa4c                __sfp_lock_release
                0x000000000800aa50                __sinit_lock_acquire
                0x000000000800aa54                __sinit_lock_release
                0x000000000800aa58                __fp_lock_all
                0x000000000800aa70                __fp_unlock_all
 .text          0x000000000800aa88      0x414 c:/altera/15.0/nios2eds/bin/gnu/h-x86_64-mingw32/bin/../lib/gcc/nios2-elf/4.9.1/../../../../../H-x86_64-mingw32/nios2-elf/lib\libc.a(lib_a-freer.o)
                0x000000000800aa88                _malloc_trim_r
                0x000000000800abac                _free_r
 .text          0x000000000800ae9c      0x4a4 c:/altera/15.0/nios2eds/bin/gnu/h-x86_64-mingw32/bin/../lib/gcc/nios2-elf/4.9.1/../../../../../H-x86_64-mingw32/nios2-elf/lib\libc.a(lib_a-fvwrite.o)
                0x000000000800ae9c                __sfvwrite_r
 .text          0x000000000800b340      0x170 c:/altera/15.0/nios2eds/bin/gnu/h-x86_64-mingw32/bin/../lib/gcc/nios2-elf/4.9.1/../../../../../H-x86_64-mingw32/nios2-elf/lib\libc.a(lib_a-fwalk.o)
                0x000000000800b340                _fwalk
                0x000000000800b3f8                _fwalk_reent
 .text          0x000000000800b4b0       0xe0 c:/altera/15.0/nios2eds/bin/gnu/h-x86_64-mingw32/bin/../lib/gcc/nios2-elf/4.9.1/../../../../../H-x86_64-mingw32/nios2-elf/lib\libc.a(lib_a-locale.o)
                0x000000000800b4b0                _setlocale_r
                0x000000000800b52c                __locale_charset
                0x000000000800b538                __locale_mb_cur_max
                0x000000000800b548                __locale_msgcharset
                0x000000000800b554                __locale_cjk_lang
                0x000000000800b55c                _localeconv_r
                0x000000000800b568                setlocale
                0x000000000800b584                localeconv
 .text          0x000000000800b590      0x1b8 c:/altera/15.0/nios2eds/bin/gnu/h-x86_64-mingw32/bin/../lib/gcc/nios2-elf/4.9.1/../../../../../H-x86_64-mingw32/nios2-elf/lib\libc.a(lib_a-makebuf.o)
                0x000000000800b590                __smakebuf_r
 .text          0x000000000800b748      0x7a8 c:/altera/15.0/nios2eds/bin/gnu/h-x86_64-mingw32/bin/../lib/gcc/nios2-elf/4.9.1/../../../../../H-x86_64-mingw32/nios2-elf/lib\libc.a(lib_a-mallocr.o)
                0x000000000800b748                _malloc_r
 .text          0x000000000800bef0       0xe8 c:/altera/15.0/nios2eds/bin/gnu/h-x86_64-mingw32/bin/../lib/gcc/nios2-elf/4.9.1/../../../../../H-x86_64-mingw32/nios2-elf/lib\libc.a(lib_a-memchr.o)
                0x000000000800bef0                memchr
 .text          0x000000000800bfd8      0x138 c:/altera/15.0/nios2eds/bin/gnu/h-x86_64-mingw32/bin/../lib/gcc/nios2-elf/4.9.1/../../../../../H-x86_64-mingw32/nios2-elf/lib\libc.a(lib_a-memcpy.o)
                0x000000000800bfd8                memcpy
 .text          0x000000000800c110      0x15c c:/altera/15.0/nios2eds/bin/gnu/h-x86_64-mingw32/bin/../lib/gcc/nios2-elf/4.9.1/../../../../../H-x86_64-mingw32/nios2-elf/lib\libc.a(lib_a-memmove.o)
                0x000000000800c110                memmove
 .text          0x000000000800c26c      0x124 c:/altera/15.0/nios2eds/bin/gnu/h-x86_64-mingw32/bin/../lib/gcc/nios2-elf/4.9.1/../../../../../H-x86_64-mingw32/nios2-elf/lib\libc.a(lib_a-memset.o)
                0x000000000800c26c                memset
 .text          0x000000000800c390      0xf8c c:/altera/15.0/nios2eds/bin/gnu/h-x86_64-mingw32/bin/../lib/gcc/nios2-elf/4.9.1/../../../../../H-x86_64-mingw32/nios2-elf/lib\libc.a(lib_a-mprec.o)
                0x000000000800c390                _Balloc
                0x000000000800c438                _Bfree
                0x000000000800c460                __multadd
                0x000000000800c574                __s2b
                0x000000000800c678                __hi0bits
                0x000000000800c6e0                __lo0bits
                0x000000000800c790                __i2b
                0x000000000800c7cc                __multiply
                0x000000000800c9c8                __pow5mult
                0x000000000800cb08                __lshift
                0x000000000800cc50                __mcmp
                0x000000000800ccb0                __mdiff
                0x000000000800ce48                __ulp
                0x000000000800cea8                __b2d
                0x000000000800cfc4                __d2b
                0x000000000800d100                __ratio
                0x000000000800d1a4                _mprec_log10
                0x000000000800d218                __copybits
                0x000000000800d290                __any_on
 .text          0x000000000800d31c      0x168 c:/altera/15.0/nios2eds/bin/gnu/h-x86_64-mingw32/bin/../lib/gcc/nios2-elf/4.9.1/../../../../../H-x86_64-mingw32/nios2-elf/lib\libc.a(lib_a-putc.o)
                0x000000000800d31c                _putc_r
                0x000000000800d3bc                putc
 .text          0x000000000800d484      0x5a0 c:/altera/15.0/nios2eds/bin/gnu/h-x86_64-mingw32/bin/../lib/gcc/nios2-elf/4.9.1/../../../../../H-x86_64-mingw32/nios2-elf/lib\libc.a(lib_a-reallocr.o)
                0x000000000800d484                _realloc_r
 .text          0x000000000800da24       0x74 c:/altera/15.0/nios2eds/bin/gnu/h-x86_64-mingw32/bin/../lib/gcc/nios2-elf/4.9.1/../../../../../H-x86_64-mingw32/nios2-elf/lib\libc.a(lib_a-s_fpclassify.o)
                0x000000000800da24                __fpclassifyd
 .text          0x000000000800da98       0x54 c:/altera/15.0/nios2eds/bin/gnu/h-x86_64-mingw32/bin/../lib/gcc/nios2-elf/4.9.1/../../../../../H-x86_64-mingw32/nios2-elf/lib\libc.a(lib_a-sbrkr.o)
                0x000000000800da98                _sbrk_r
 .text          0x000000000800daec      0x13c c:/altera/15.0/nios2eds/bin/gnu/h-x86_64-mingw32/bin/../lib/gcc/nios2-elf/4.9.1/../../../../../H-x86_64-mingw32/nios2-elf/lib\libc.a(lib_a-stdio.o)
                0x000000000800daec                __sread
                0x000000000800db40                __seofread
                0x000000000800db48                __swrite
                0x000000000800dbc4                __sseek
                0x000000000800dc20                __sclose
 .text          0x000000000800dc28       0xa4 c:/altera/15.0/nios2eds/bin/gnu/h-x86_64-mingw32/bin/../lib/gcc/nios2-elf/4.9.1/../../../../../H-x86_64-mingw32/nios2-elf/lib\libc.a(lib_a-strcmp.o)
                0x000000000800dc28                strcmp
 .text          0x000000000800dccc     0x1230 c:/altera/15.0/nios2eds/bin/gnu/h-x86_64-mingw32/bin/../lib/gcc/nios2-elf/4.9.1/../../../../../H-x86_64-mingw32/nios2-elf/lib\libc.a(lib_a-svfiprintf.o)
                0x000000000800dccc                __ssprint_r
                0x000000000800de94                ___svfiprintf_internal_r
 .text          0x000000000800eefc     0x1494 c:/altera/15.0/nios2eds/bin/gnu/h-x86_64-mingw32/bin/../lib/gcc/nios2-elf/4.9.1/../../../../../H-x86_64-mingw32/nios2-elf/lib\libc.a(lib_a-vfiprintf.o)
                0x000000000800eff8                __sprint_r
                0x000000000800f010                ___vfiprintf_internal_r
                0x000000000801036c                __vfiprintf_internal
 .text          0x0000000008010390      0x170 c:/altera/15.0/nios2eds/bin/gnu/h-x86_64-mingw32/bin/../lib/gcc/nios2-elf/4.9.1/../../../../../H-x86_64-mingw32/nios2-elf/lib\libc.a(lib_a-wbuf.o)
                0x0000000008010390                __swbuf_r
                0x00000000080104e4                __swbuf
 .text          0x0000000008010500       0x5c c:/altera/15.0/nios2eds/bin/gnu/h-x86_64-mingw32/bin/../lib/gcc/nios2-elf/4.9.1/../../../../../H-x86_64-mingw32/nios2-elf/lib\libc.a(lib_a-writer.o)
                0x0000000008010500                _write_r
 .text          0x000000000801055c       0x54 c:/altera/15.0/nios2eds/bin/gnu/h-x86_64-mingw32/bin/../lib/gcc/nios2-elf/4.9.1/../../../../../H-x86_64-mingw32/nios2-elf/lib\libc.a(closer.o)
                0x000000000801055c                _close_r
 .text          0x00000000080105b0       0xc4 c:/altera/15.0/nios2eds/bin/gnu/h-x86_64-mingw32/bin/../lib/gcc/nios2-elf/4.9.1/../../../../../H-x86_64-mingw32/nios2-elf/lib\libc.a(lib_a-callocr.o)
                0x00000000080105b0                _calloc_r
 .text          0x0000000008010674      0x114 c:/altera/15.0/nios2eds/bin/gnu/h-x86_64-mingw32/bin/../lib/gcc/nios2-elf/4.9.1/../../../../../H-x86_64-mingw32/nios2-elf/lib\libc.a(lib_a-fclose.o)
                0x0000000008010674                _fclose_r
                0x0000000008010774                fclose
 .text          0x0000000008010788      0x1dc c:/altera/15.0/nios2eds/bin/gnu/h-x86_64-mingw32/bin/../lib/gcc/nios2-elf/4.9.1/../../../../../H-x86_64-mingw32/nios2-elf/lib\libc.a(lib_a-fputwc.o)
                0x0000000008010788                _fputwc_r
                0x000000000801090c                fputwc
 .text          0x0000000008010964       0x58 c:/altera/15.0/nios2eds/bin/gnu/h-x86_64-mingw32/bin/../lib/gcc/nios2-elf/4.9.1/../../../../../H-x86_64-mingw32/nios2-elf/lib\libc.a(lib_a-fstatr.o)
                0x0000000008010964                _fstat_r
 .text          0x00000000080109bc        0x0 c:/altera/15.0/nios2eds/bin/gnu/h-x86_64-mingw32/bin/../lib/gcc/nios2-elf/4.9.1/../../../../../H-x86_64-mingw32/nios2-elf/lib\libc.a(lib_a-int_errno.o)
 .text          0x00000000080109bc       0x54 c:/altera/15.0/nios2eds/bin/gnu/h-x86_64-mingw32/bin/../lib/gcc/nios2-elf/4.9.1/../../../../../H-x86_64-mingw32/nios2-elf/lib\libc.a(lib_a-isattyr.o)
                0x00000000080109bc                _isatty_r
 .text          0x0000000008010a10       0x5c c:/altera/15.0/nios2eds/bin/gnu/h-x86_64-mingw32/bin/../lib/gcc/nios2-elf/4.9.1/../../../../../H-x86_64-mingw32/nios2-elf/lib\libc.a(lib_a-lseekr.o)
                0x0000000008010a10                _lseek_r
 .text          0x0000000008010a6c       0x5c c:/altera/15.0/nios2eds/bin/gnu/h-x86_64-mingw32/bin/../lib/gcc/nios2-elf/4.9.1/../../../../../H-x86_64-mingw32/nios2-elf/lib\libc.a(lib_a-readr.o)
                0x0000000008010a6c                _read_r
 .text          0x0000000008010ac8      0x174 c:/altera/15.0/nios2eds/bin/gnu/h-x86_64-mingw32/bin/../lib/gcc/nios2-elf/4.9.1/../../../../../H-x86_64-mingw32/nios2-elf/lib\libc.a(lib_a-wcrtomb.o)
                0x0000000008010ac8                _wcrtomb_r
                0x0000000008010b64                wcrtomb
 .text          0x0000000008010c3c       0x8c c:/altera/15.0/nios2eds/bin/gnu/h-x86_64-mingw32/bin/../lib/gcc/nios2-elf/4.9.1/../../../../../H-x86_64-mingw32/nios2-elf/lib\libc.a(lib_a-wctomb_r.o)
                0x0000000008010c3c                __ascii_wctomb
                0x0000000008010c6c                _wctomb_r
 .text          0x0000000008010cc8      0x5c0 c:/altera/15.0/nios2eds/bin/gnu/h-x86_64-mingw32/bin/../lib/gcc/nios2-elf/4.9.1\libgcc.a(_udivdi3.o)
                0x0000000008010cc8                __udivdi3
 .text          0x0000000008011288      0x590 c:/altera/15.0/nios2eds/bin/gnu/h-x86_64-mingw32/bin/../lib/gcc/nios2-elf/4.9.1\libgcc.a(_umoddi3.o)
                0x0000000008011288                __umoddi3
 .text          0x0000000008011818      0x12c c:/altera/15.0/nios2eds/bin/gnu/h-x86_64-mingw32/bin/../lib/gcc/nios2-elf/4.9.1\libgcc.a(lib2-divmod.o)
                0x0000000008011884                __divsi3
                0x00000000080118d8                __modsi3
                0x0000000008011934                __udivsi3
                0x000000000801193c                __umodsi3
 .text          0x0000000008011944      0x8cc c:/altera/15.0/nios2eds/bin/gnu/h-x86_64-mingw32/bin/../lib/gcc/nios2-elf/4.9.1\libgcc.a(divdf3.o)
                0x0000000008011944                __divdf3
 .text          0x0000000008012210       0x84 c:/altera/15.0/nios2eds/bin/gnu/h-x86_64-mingw32/bin/../lib/gcc/nios2-elf/4.9.1\libgcc.a(eqdf2.o)
                0x0000000008012210                __nedf2
                0x0000000008012210                __eqdf2
 .text          0x0000000008012294      0x8d0 c:/altera/15.0/nios2eds/bin/gnu/h-x86_64-mingw32/bin/../lib/gcc/nios2-elf/4.9.1\libgcc.a(subdf3.o)
                0x0000000008012294                __subdf3
 .text          0x0000000008012b64       0xa4 c:/altera/15.0/nios2eds/bin/gnu/h-x86_64-mingw32/bin/../lib/gcc/nios2-elf/4.9.1\libgcc.a(floatunsidf.o)
                0x0000000008012b64                __floatunsidf
 .text          0x0000000008012c08      0x120 ../Display_project_bsp/\libhal_bsp.a(alt_close.o)
                0x0000000008012c58                close
 .text          0x0000000008012d28       0x2c ../Display_project_bsp/\libhal_bsp.a(alt_dev.o)
 .text          0x0000000008012d54        0x0 ../Display_project_bsp/\libhal_bsp.a(alt_errno.o)
 .text          0x0000000008012d54      0x100 ../Display_project_bsp/\libhal_bsp.a(alt_fstat.o)
                0x0000000008012da4                fstat
 .text          0x0000000008012e54      0x1e0 ../Display_project_bsp/\libhal_bsp.a(alt_iic.o)
                0x0000000008012e54                alt_ic_isr_register
                0x0000000008012ea4                alt_ic_irq_enable
                0x0000000008012f44                alt_ic_irq_disable
                0x0000000008012fe8                alt_ic_irq_enabled
 .text          0x0000000008013034       0xf0 ../Display_project_bsp/\libhal_bsp.a(alt_iic_isr_register.o)
                0x0000000008013034                alt_iic_isr_register
 .text          0x0000000008013124        0x0 ../Display_project_bsp/\libhal_bsp.a(alt_irq_entry.o)
 .text          0x0000000008013124        0x0 ../Display_project_bsp/\libhal_bsp.a(alt_irq_handler.o)
 .text          0x0000000008013124        0x0 ../Display_project_bsp/\libhal_bsp.a(alt_irq_vars.o)
 .text          0x0000000008013124       0xf4 ../Display_project_bsp/\libhal_bsp.a(alt_isatty.o)
                0x0000000008013174                isatty
 .text          0x0000000008013218       0xe4 ../Display_project_bsp/\libhal_bsp.a(alt_load.o)
                0x000000000801327c                alt_load
 .text          0x00000000080132fc      0x124 ../Display_project_bsp/\libhal_bsp.a(alt_lseek.o)
                0x000000000801334c                lseek
 .text          0x0000000008013420       0x78 ../Display_project_bsp/\libhal_bsp.a(alt_main.o)
                0x0000000008013420                alt_main
 .text          0x0000000008013498       0x40 ../Display_project_bsp/\libhal_bsp.a(alt_malloc_lock.o)
                0x0000000008013498                __malloc_lock
                0x00000000080134b8                __malloc_unlock
 .text          0x00000000080134d8      0x14c ../Display_project_bsp/\libhal_bsp.a(alt_read.o)
                0x0000000008013528                read
 .text          0x0000000008013624       0x60 ../Display_project_bsp/\libhal_bsp.a(alt_release_fd.o)
                0x0000000008013624                alt_release_fd
 .text          0x0000000008013684       0xb0 ../Display_project_bsp/\libhal_bsp.a(alt_sbrk.o)
                0x0000000008013684                sbrk
 .text          0x0000000008013734       0xd8 ../Display_project_bsp/\libhal_bsp.a(alt_times.o)
                0x0000000008013784                times
 .text          0x000000000801380c       0x30 ../Display_project_bsp/\libhal_bsp.a(alt_usleep.o)
                0x000000000801380c                usleep
 .text          0x000000000801383c      0x148 ../Display_project_bsp/\libhal_bsp.a(alt_write.o)
                0x000000000801388c                write
 .text          0x0000000008013984      0x100 ../Display_project_bsp/\libhal_bsp.a(alt_sys_init.o)
                0x00000000080139bc                alt_irq_init
                0x00000000080139f0                alt_sys_init
 .text          0x0000000008013a84      0x164 ../Display_project_bsp/\libhal_bsp.a(altera_avalon_jtag_uart_fd.o)
                0x0000000008013a84                altera_avalon_jtag_uart_read_fd
                0x0000000008013ae4                altera_avalon_jtag_uart_write_fd
                0x0000000008013b44                altera_avalon_jtag_uart_close_fd
                0x0000000008013b94                altera_avalon_jtag_uart_ioctl_fd
 .text          0x0000000008013be8      0x3d8 ../Display_project_bsp/\libhal_bsp.a(altera_avalon_jtag_uart_init.o)
                0x0000000008013be8                altera_avalon_jtag_uart_init
                0x0000000008013f58                altera_avalon_jtag_uart_close
 .text          0x0000000008013fc0       0xec ../Display_project_bsp/\libhal_bsp.a(altera_avalon_jtag_uart_ioctl.o)
                0x0000000008013fc0                altera_avalon_jtag_uart_ioctl
 .text          0x00000000080140ac      0x20c ../Display_project_bsp/\libhal_bsp.a(altera_avalon_jtag_uart_read.o)
                0x00000000080140ac                altera_avalon_jtag_uart_read
 .text          0x00000000080142b8      0x218 ../Display_project_bsp/\libhal_bsp.a(altera_avalon_jtag_uart_write.o)
                0x00000000080142b8                altera_avalon_jtag_uart_write
 .text          0x00000000080144d0       0xfc ../Display_project_bsp/\libhal_bsp.a(altera_avalon_timer_sc.o)
                0x0000000008014544                alt_avalon_timer_sc_init
 .text          0x00000000080145cc        0x0 ../Display_project_bsp/\libhal_bsp.a(altera_avalon_timer_vars.o)
 .text          0x00000000080145cc      0x4d8 ../Display_project_bsp/\libhal_bsp.a(altera_up_avalon_character_lcd.o)
                0x00000000080145cc                get_DDRAM_addr
                0x0000000008014640                alt_up_character_lcd_send_cmd
                0x000000000801467c                alt_up_character_lcd_init
                0x00000000080146b0                alt_up_character_lcd_open_dev
                0x00000000080146f0                alt_up_character_lcd_write
                0x0000000008014768                alt_up_character_lcd_string
                0x00000000080147dc                alt_up_character_lcd_write_fd
                0x000000000801482c                alt_up_character_lcd_set_cursor_pos
                0x00000000080148a0                alt_up_character_lcd_shift_cursor
                0x0000000008014928                alt_up_character_lcd_shift_display
                0x00000000080149b0                alt_up_character_lcd_erase_pos
                0x0000000008014a3c                alt_up_character_lcd_cursor_off
                0x0000000008014a70                alt_up_character_lcd_cursor_blink_on
 .text          0x0000000008014aa4      0x140 ../Display_project_bsp/\libhal_bsp.a(alt_alarm_start.o)
                0x0000000008014aa4                alt_alarm_start
 .text          0x0000000008014be4      0x128 ../Display_project_bsp/\libhal_bsp.a(alt_busy_sleep.o)
                0x0000000008014be4                alt_busy_sleep
 .text          0x0000000008014d0c       0x1c ../Display_project_bsp/\libhal_bsp.a(alt_dcache_flush_all.o)
                0x0000000008014d0c                alt_dcache_flush_all
 .text          0x0000000008014d28       0xf4 ../Display_project_bsp/\libhal_bsp.a(alt_dev_llist_insert.o)
                0x0000000008014d78                alt_dev_llist_insert
 .text          0x0000000008014e1c       0x5c ../Display_project_bsp/\libhal_bsp.a(alt_do_ctors.o)
                0x0000000008014e1c                _do_ctors
 .text          0x0000000008014e78       0x5c ../Display_project_bsp/\libhal_bsp.a(alt_do_dtors.o)
                0x0000000008014e78                _do_dtors
 .text          0x0000000008014ed4        0x0 ../Display_project_bsp/\libhal_bsp.a(alt_exception_entry.o)
 .text          0x0000000008014ed4       0x90 ../Display_project_bsp/\libhal_bsp.a(alt_find_dev.o)
                0x0000000008014ed4                alt_find_dev
 .text          0x0000000008014f64       0x30 ../Display_project_bsp/\libhal_bsp.a(alt_icache_flush_all.o)
                0x0000000008014f64                alt_icache_flush_all
 .text          0x0000000008014f94      0x138 ../Display_project_bsp/\libhal_bsp.a(alt_io_redirect.o)
                0x0000000008015054                alt_io_redirect
 .text          0x00000000080150cc      0x274 ../Display_project_bsp/\libhal_bsp.a(alt_open.o)
                0x00000000080151e8                open
 .text          0x0000000008015340      0x19c ../Display_project_bsp/\libhal_bsp.a(alt_tick.o)
                0x0000000008015340                alt_alarm_stop
                0x00000000080153d8                alt_tick
 .text          0x00000000080154dc       0x20 ../Display_project_bsp/\libhal_bsp.a(altera_nios2_qsys_irq.o)
                0x00000000080154dc                altera_nios2_qsys_irq_init
 .text          0x00000000080154fc      0x114 ../Display_project_bsp/\libhal_bsp.a(alt_find_file.o)
                0x00000000080154fc                alt_find_file
 .text          0x0000000008015610       0xb4 ../Display_project_bsp/\libhal_bsp.a(alt_get_fd.o)
                0x0000000008015610                alt_get_fd
 .text          0x00000000080156c4       0x8c ../Display_project_bsp/\libhal_bsp.a(alt_icache_flush.o)
                0x00000000080156c4                alt_icache_flush
 .text          0x0000000008015750       0x14 c:/altera/15.0/nios2eds/bin/gnu/h-x86_64-mingw32/bin/../lib/gcc/nios2-elf/4.9.1/../../../../../H-x86_64-mingw32/nios2-elf/lib\libc.a(lib_a-atexit.o)
                0x0000000008015750                atexit
 .text          0x0000000008015764       0x38 c:/altera/15.0/nios2eds/bin/gnu/h-x86_64-mingw32/bin/../lib/gcc/nios2-elf/4.9.1/../../../../../H-x86_64-mingw32/nios2-elf/lib\libc.a(lib_a-exit.o)
                0x0000000008015764                exit
 .text          0x000000000801579c       0x7c c:/altera/15.0/nios2eds/bin/gnu/h-x86_64-mingw32/bin/../lib/gcc/nios2-elf/4.9.1/../../../../../H-x86_64-mingw32/nios2-elf/lib\libc.a(lib_a-memcmp.o)
                0x000000000801579c                memcmp
 .text          0x0000000008015818      0x114 c:/altera/15.0/nios2eds/bin/gnu/h-x86_64-mingw32/bin/../lib/gcc/nios2-elf/4.9.1/../../../../../H-x86_64-mingw32/nios2-elf/lib\libc.a(lib_a-__atexit.o)
                0x0000000008015818                __register_exitproc
 .text          0x000000000801592c      0x194 c:/altera/15.0/nios2eds/bin/gnu/h-x86_64-mingw32/bin/../lib/gcc/nios2-elf/4.9.1/../../../../../H-x86_64-mingw32/nios2-elf/lib\libc.a(lib_a-__call_atexit.o)
                0x000000000801592c                __call_exitprocs
 .text          0x0000000008015ac0       0x34 ../Display_project_bsp/\libhal_bsp.a(alt_exit.o)
                0x0000000008015ac0                _exit
 *(.gnu.warning.*)
 *(.fini)
                0x0000000008015af4                PROVIDE (__etext, ABSOLUTE (.))
                0x0000000008015af4                PROVIDE (_etext, ABSOLUTE (.))
                0x0000000008015af4                PROVIDE (etext, ABSOLUTE (.))
 *(.eh_frame_hdr)
                0x0000000008015af4                . = ALIGN (0x4)
                0x0000000008015af4                PROVIDE (__preinit_array_start, ABSOLUTE (.))
 *(.preinit_array)
                0x0000000008015af4                PROVIDE (__preinit_array_end, ABSOLUTE (.))
                0x0000000008015af4                PROVIDE (__init_array_start, ABSOLUTE (.))
 *(.init_array)
                0x0000000008015af4                PROVIDE (__init_array_end, ABSOLUTE (.))
                0x0000000008015af4                PROVIDE (__fini_array_start, ABSOLUTE (.))
 *(.fini_array)
                0x0000000008015af4                PROVIDE (__fini_array_end, ABSOLUTE (.))
 *(.eh_frame)
 *(.gcc_except_table .gcc_except_table.*)
 *(.dynamic)
                0x0000000008015af4                PROVIDE (__CTOR_LIST__, ABSOLUTE (.))
 *(.ctors)
 *(SORT(.ctors.*))
                0x0000000008015af4                PROVIDE (__CTOR_END__, ABSOLUTE (.))
                0x0000000008015af4                PROVIDE (__DTOR_LIST__, ABSOLUTE (.))
 *(.dtors)
 *(SORT(.dtors.*))
                0x0000000008015af4                PROVIDE (__DTOR_END__, ABSOLUTE (.))
 *(.jcr)
                0x0000000008015af4                . = ALIGN (0x4)

.rodata         0x0000000008015af4     0xab08
                0x0000000008015af4                PROVIDE (__ram_rodata_start, ABSOLUTE (.))
                0x0000000008015af4                . = ALIGN (0x4)
 *(.rodata .rodata.* .gnu.linkonce.r.*)
 .rodata        0x0000000008015af4     0xa7b0 obj/default/hello_world.o
                0x0000000008015af4                Font5x7
                0x0000000008015d8e                Font10x14
                0x00000000080167f2                Font16x27
                0x0000000008017bfc                Font22x40
                0x000000000801a884                Font38x59
 .rodata        0x00000000080202a4      0x100 c:/altera/15.0/nios2eds/bin/gnu/h-x86_64-mingw32/bin/../lib/gcc/nios2-elf/4.9.1\libgcc.a(_clz.o)
                0x00000000080202a4                __clz_tab
 .rodata.str1.4
                0x00000000080203a4        0x2 c:/altera/15.0/nios2eds/bin/gnu/h-x86_64-mingw32/bin/../lib/gcc/nios2-elf/4.9.1/../../../../../H-x86_64-mingw32/nios2-elf/lib\libc.a(lib_a-impure.o)
                                          0x4 (size before relaxing)
 *fill*         0x00000000080203a6        0x2 
 .rodata.str1.4
                0x00000000080203a8        0x2 c:/altera/15.0/nios2eds/bin/gnu/h-x86_64-mingw32/bin/../lib/gcc/nios2-elf/4.9.1/../../../../../H-x86_64-mingw32/nios2-elf/lib\libc.a(lib_a-puts.o)
                                          0x4 (size before relaxing)
 *fill*         0x00000000080203aa        0x2 
 .rodata.str1.4
                0x00000000080203ac       0x42 c:/altera/15.0/nios2eds/bin/gnu/h-x86_64-mingw32/bin/../lib/gcc/nios2-elf/4.9.1/../../../../../H-x86_64-mingw32/nios2-elf/lib\libc.a(lib_a-svfprintf.o)
                                         0x44 (size before relaxing)
 .rodata        0x00000000080203ee       0x20 c:/altera/15.0/nios2eds/bin/gnu/h-x86_64-mingw32/bin/../lib/gcc/nios2-elf/4.9.1/../../../../../H-x86_64-mingw32/nios2-elf/lib\libc.a(lib_a-svfprintf.o)
 .rodata.str1.4
                0x0000000000000000       0x44 c:/altera/15.0/nios2eds/bin/gnu/h-x86_64-mingw32/bin/../lib/gcc/nios2-elf/4.9.1/../../../../../H-x86_64-mingw32/nios2-elf/lib\libc.a(lib_a-vfprintf.o)
 .rodata        0x000000000802040e       0x20 c:/altera/15.0/nios2eds/bin/gnu/h-x86_64-mingw32/bin/../lib/gcc/nios2-elf/4.9.1/../../../../../H-x86_64-mingw32/nios2-elf/lib\libc.a(lib_a-vfprintf.o)
 *fill*         0x000000000802042e        0x2 
 .rodata.str1.4
                0x0000000008020430       0x10 c:/altera/15.0/nios2eds/bin/gnu/h-x86_64-mingw32/bin/../lib/gcc/nios2-elf/4.9.1/../../../../../H-x86_64-mingw32/nios2-elf/lib\libc.a(lib_a-dtoa.o)
                                         0x14 (size before relaxing)
 .rodata.str1.4
                0x0000000008020440        0xc c:/altera/15.0/nios2eds/bin/gnu/h-x86_64-mingw32/bin/../lib/gcc/nios2-elf/4.9.1/../../../../../H-x86_64-mingw32/nios2-elf/lib\libc.a(lib_a-locale.o)
                                         0x14 (size before relaxing)
 .rodata        0x000000000802044c      0x124 c:/altera/15.0/nios2eds/bin/gnu/h-x86_64-mingw32/bin/../lib/gcc/nios2-elf/4.9.1/../../../../../H-x86_64-mingw32/nios2-elf/lib\libc.a(lib_a-mprec.o)
                0x0000000008020458                __mprec_tinytens
                0x0000000008020480                __mprec_bigtens
                0x00000000080204a8                __mprec_tens
 .rodata.str1.4
                0x0000000000000000       0x30 c:/altera/15.0/nios2eds/bin/gnu/h-x86_64-mingw32/bin/../lib/gcc/nios2-elf/4.9.1/../../../../../H-x86_64-mingw32/nios2-elf/lib\libc.a(lib_a-svfiprintf.o)
 .rodata        0x0000000008020570       0x20 c:/altera/15.0/nios2eds/bin/gnu/h-x86_64-mingw32/bin/../lib/gcc/nios2-elf/4.9.1/../../../../../H-x86_64-mingw32/nios2-elf/lib\libc.a(lib_a-svfiprintf.o)
 .rodata.str1.4
                0x0000000000000000       0x30 c:/altera/15.0/nios2eds/bin/gnu/h-x86_64-mingw32/bin/../lib/gcc/nios2-elf/4.9.1/../../../../../H-x86_64-mingw32/nios2-elf/lib\libc.a(lib_a-vfiprintf.o)
 .rodata        0x0000000008020590       0x20 c:/altera/15.0/nios2eds/bin/gnu/h-x86_64-mingw32/bin/../lib/gcc/nios2-elf/4.9.1/../../../../../H-x86_64-mingw32/nios2-elf/lib\libc.a(lib_a-vfiprintf.o)
 .rodata        0x00000000080205b0        0xc ../Display_project_bsp/\libhal_bsp.a(alt_dev.o)
 .rodata        0x00000000080205bc       0x14 ../Display_project_bsp/\libhal_bsp.a(alt_main.o)
 .rodata        0x00000000080205d0       0x2c ../Display_project_bsp/\libhal_bsp.a(alt_sys_init.o)
 *(.rodata1)
                0x00000000080205fc                . = ALIGN (0x4)
                0x00000000080205fc                PROVIDE (__ram_rodata_end, ABSOLUTE (.))
                0x0000000008015af4                PROVIDE (__flash_rodata_start, LOADADDR (.rodata))

.rwdata         0x00000000080205fc     0x1b18 load address 0x0000000008022114
                0x00000000080205fc                PROVIDE (__ram_rwdata_start, ABSOLUTE (.))
                0x00000000080205fc                . = ALIGN (0x4)
 *(.got.plt)
 *(.got)
 *(.data1)
 *(.data .data.* .gnu.linkonce.d.*)
 .data          0x00000000080205fc        0x0 ../Display_project_bsp//obj/HAL/src/crt0.o
 .data          0x00000000080205fc        0x0 obj/default/hello_world.o
 .data          0x00000000080205fc        0x0 c:/altera/15.0/nios2eds/bin/gnu/h-x86_64-mingw32/bin/../lib/gcc/nios2-elf/4.9.1/../../../../../H-x86_64-mingw32/nios2-elf/lib\libm.a(lib_a-s_floor.o)
 .data          0x00000000080205fc        0x0 c:/altera/15.0/nios2eds/bin/gnu/h-x86_64-mingw32/bin/../lib/gcc/nios2-elf/4.9.1\libgcc.a(adddf3.o)
 .data          0x00000000080205fc        0x0 c:/altera/15.0/nios2eds/bin/gnu/h-x86_64-mingw32/bin/../lib/gcc/nios2-elf/4.9.1\libgcc.a(gedf2.o)
 .data          0x00000000080205fc        0x0 c:/altera/15.0/nios2eds/bin/gnu/h-x86_64-mingw32/bin/../lib/gcc/nios2-elf/4.9.1\libgcc.a(ledf2.o)
 .data          0x00000000080205fc        0x0 c:/altera/15.0/nios2eds/bin/gnu/h-x86_64-mingw32/bin/../lib/gcc/nios2-elf/4.9.1\libgcc.a(muldf3.o)
 .data          0x00000000080205fc        0x0 c:/altera/15.0/nios2eds/bin/gnu/h-x86_64-mingw32/bin/../lib/gcc/nios2-elf/4.9.1\libgcc.a(fixdfsi.o)
 .data          0x00000000080205fc        0x0 c:/altera/15.0/nios2eds/bin/gnu/h-x86_64-mingw32/bin/../lib/gcc/nios2-elf/4.9.1\libgcc.a(floatsidf.o)
 .data          0x00000000080205fc        0x0 c:/altera/15.0/nios2eds/bin/gnu/h-x86_64-mingw32/bin/../lib/gcc/nios2-elf/4.9.1\libgcc.a(_clzsi2.o)
 .data          0x00000000080205fc        0x0 c:/altera/15.0/nios2eds/bin/gnu/h-x86_64-mingw32/bin/../lib/gcc/nios2-elf/4.9.1\libgcc.a(_clz.o)
 .data          0x00000000080205fc        0x0 c:/altera/15.0/nios2eds/bin/gnu/h-x86_64-mingw32/bin/../lib/gcc/nios2-elf/4.9.1/../../../../../H-x86_64-mingw32/nios2-elf/lib\libc.a(lib_a-clock.o)
 .data          0x00000000080205fc      0x424 c:/altera/15.0/nios2eds/bin/gnu/h-x86_64-mingw32/bin/../lib/gcc/nios2-elf/4.9.1/../../../../../H-x86_64-mingw32/nios2-elf/lib\libc.a(lib_a-impure.o)
 .data          0x0000000008020a20        0x0 c:/altera/15.0/nios2eds/bin/gnu/h-x86_64-mingw32/bin/../lib/gcc/nios2-elf/4.9.1/../../../../../H-x86_64-mingw32/nios2-elf/lib\libc.a(lib_a-printf.o)
 .data          0x0000000008020a20        0x0 c:/altera/15.0/nios2eds/bin/gnu/h-x86_64-mingw32/bin/../lib/gcc/nios2-elf/4.9.1/../../../../../H-x86_64-mingw32/nios2-elf/lib\libc.a(lib_a-putchar.o)
 .data          0x0000000008020a20        0x0 c:/altera/15.0/nios2eds/bin/gnu/h-x86_64-mingw32/bin/../lib/gcc/nios2-elf/4.9.1/../../../../../H-x86_64-mingw32/nios2-elf/lib\libc.a(lib_a-puts.o)
 .data          0x0000000008020a20        0x0 c:/altera/15.0/nios2eds/bin/gnu/h-x86_64-mingw32/bin/../lib/gcc/nios2-elf/4.9.1/../../../../../H-x86_64-mingw32/nios2-elf/lib\libc.a(lib_a-sprintf.o)
 .data          0x0000000008020a20        0x0 c:/altera/15.0/nios2eds/bin/gnu/h-x86_64-mingw32/bin/../lib/gcc/nios2-elf/4.9.1/../../../../../H-x86_64-mingw32/nios2-elf/lib\libc.a(lib_a-strlen.o)
 .data          0x0000000008020a20        0x0 c:/altera/15.0/nios2eds/bin/gnu/h-x86_64-mingw32/bin/../lib/gcc/nios2-elf/4.9.1/../../../../../H-x86_64-mingw32/nios2-elf/lib\libc.a(lib_a-svfprintf.o)
 .data          0x0000000008020a20        0x0 c:/altera/15.0/nios2eds/bin/gnu/h-x86_64-mingw32/bin/../lib/gcc/nios2-elf/4.9.1/../../../../../H-x86_64-mingw32/nios2-elf/lib\libc.a(lib_a-timesr.o)
 .data          0x0000000008020a20        0x0 c:/altera/15.0/nios2eds/bin/gnu/h-x86_64-mingw32/bin/../lib/gcc/nios2-elf/4.9.1/../../../../../H-x86_64-mingw32/nios2-elf/lib\libc.a(lib_a-vfprintf.o)
 .data          0x0000000008020a20        0x0 c:/altera/15.0/nios2eds/bin/gnu/h-x86_64-mingw32/bin/../lib/gcc/nios2-elf/4.9.1/../../../../../H-x86_64-mingw32/nios2-elf/lib\libc.a(lib_a-wsetup.o)
 .data          0x0000000008020a20        0x0 c:/altera/15.0/nios2eds/bin/gnu/h-x86_64-mingw32/bin/../lib/gcc/nios2-elf/4.9.1/../../../../../H-x86_64-mingw32/nios2-elf/lib\libc.a(lib_a-dtoa.o)
 .data          0x0000000008020a20        0x0 c:/altera/15.0/nios2eds/bin/gnu/h-x86_64-mingw32/bin/../lib/gcc/nios2-elf/4.9.1/../../../../../H-x86_64-mingw32/nios2-elf/lib\libc.a(lib_a-fflush.o)
 .data          0x0000000008020a20        0x0 c:/altera/15.0/nios2eds/bin/gnu/h-x86_64-mingw32/bin/../lib/gcc/nios2-elf/4.9.1/../../../../../H-x86_64-mingw32/nios2-elf/lib\libc.a(lib_a-findfp.o)
 .data          0x0000000008020a20        0x0 c:/altera/15.0/nios2eds/bin/gnu/h-x86_64-mingw32/bin/../lib/gcc/nios2-elf/4.9.1/../../../../../H-x86_64-mingw32/nios2-elf/lib\libc.a(lib_a-freer.o)
 .data          0x0000000008020a20        0x0 c:/altera/15.0/nios2eds/bin/gnu/h-x86_64-mingw32/bin/../lib/gcc/nios2-elf/4.9.1/../../../../../H-x86_64-mingw32/nios2-elf/lib\libc.a(lib_a-fvwrite.o)
 .data          0x0000000008020a20        0x0 c:/altera/15.0/nios2eds/bin/gnu/h-x86_64-mingw32/bin/../lib/gcc/nios2-elf/4.9.1/../../../../../H-x86_64-mingw32/nios2-elf/lib\libc.a(lib_a-fwalk.o)
 .data          0x0000000008020a20       0x78 c:/altera/15.0/nios2eds/bin/gnu/h-x86_64-mingw32/bin/../lib/gcc/nios2-elf/4.9.1/../../../../../H-x86_64-mingw32/nios2-elf/lib\libc.a(lib_a-locale.o)
 .data          0x0000000008020a98        0x0 c:/altera/15.0/nios2eds/bin/gnu/h-x86_64-mingw32/bin/../lib/gcc/nios2-elf/4.9.1/../../../../../H-x86_64-mingw32/nios2-elf/lib\libc.a(lib_a-makebuf.o)
 .data          0x0000000008020a98      0x408 c:/altera/15.0/nios2eds/bin/gnu/h-x86_64-mingw32/bin/../lib/gcc/nios2-elf/4.9.1/../../../../../H-x86_64-mingw32/nios2-elf/lib\libc.a(lib_a-mallocr.o)
                0x0000000008020a98                __malloc_av_
 .data          0x0000000008020ea0        0x0 c:/altera/15.0/nios2eds/bin/gnu/h-x86_64-mingw32/bin/../lib/gcc/nios2-elf/4.9.1/../../../../../H-x86_64-mingw32/nios2-elf/lib\libc.a(lib_a-memchr.o)
 .data          0x0000000008020ea0        0x0 c:/altera/15.0/nios2eds/bin/gnu/h-x86_64-mingw32/bin/../lib/gcc/nios2-elf/4.9.1/../../../../../H-x86_64-mingw32/nios2-elf/lib\libc.a(lib_a-memcpy.o)
 .data          0x0000000008020ea0        0x0 c:/altera/15.0/nios2eds/bin/gnu/h-x86_64-mingw32/bin/../lib/gcc/nios2-elf/4.9.1/../../../../../H-x86_64-mingw32/nios2-elf/lib\libc.a(lib_a-memmove.o)
 .data          0x0000000008020ea0        0x0 c:/altera/15.0/nios2eds/bin/gnu/h-x86_64-mingw32/bin/../lib/gcc/nios2-elf/4.9.1/../../../../../H-x86_64-mingw32/nios2-elf/lib\libc.a(lib_a-memset.o)
 .data          0x0000000008020ea0        0x0 c:/altera/15.0/nios2eds/bin/gnu/h-x86_64-mingw32/bin/../lib/gcc/nios2-elf/4.9.1/../../../../../H-x86_64-mingw32/nios2-elf/lib\libc.a(lib_a-mprec.o)
 .data          0x0000000008020ea0        0x0 c:/altera/15.0/nios2eds/bin/gnu/h-x86_64-mingw32/bin/../lib/gcc/nios2-elf/4.9.1/../../../../../H-x86_64-mingw32/nios2-elf/lib\libc.a(lib_a-putc.o)
 .data          0x0000000008020ea0        0x0 c:/altera/15.0/nios2eds/bin/gnu/h-x86_64-mingw32/bin/../lib/gcc/nios2-elf/4.9.1/../../../../../H-x86_64-mingw32/nios2-elf/lib\libc.a(lib_a-reallocr.o)
 .data          0x0000000008020ea0        0x0 c:/altera/15.0/nios2eds/bin/gnu/h-x86_64-mingw32/bin/../lib/gcc/nios2-elf/4.9.1/../../../../../H-x86_64-mingw32/nios2-elf/lib\libc.a(lib_a-s_fpclassify.o)
 .data          0x0000000008020ea0        0x0 c:/altera/15.0/nios2eds/bin/gnu/h-x86_64-mingw32/bin/../lib/gcc/nios2-elf/4.9.1/../../../../../H-x86_64-mingw32/nios2-elf/lib\libc.a(lib_a-sbrkr.o)
 .data          0x0000000008020ea0        0x0 c:/altera/15.0/nios2eds/bin/gnu/h-x86_64-mingw32/bin/../lib/gcc/nios2-elf/4.9.1/../../../../../H-x86_64-mingw32/nios2-elf/lib\libc.a(lib_a-stdio.o)
 .data          0x0000000008020ea0        0x0 c:/altera/15.0/nios2eds/bin/gnu/h-x86_64-mingw32/bin/../lib/gcc/nios2-elf/4.9.1/../../../../../H-x86_64-mingw32/nios2-elf/lib\libc.a(lib_a-strcmp.o)
 .data          0x0000000008020ea0        0x0 c:/altera/15.0/nios2eds/bin/gnu/h-x86_64-mingw32/bin/../lib/gcc/nios2-elf/4.9.1/../../../../../H-x86_64-mingw32/nios2-elf/lib\libc.a(lib_a-svfiprintf.o)
 .data          0x0000000008020ea0        0x0 c:/altera/15.0/nios2eds/bin/gnu/h-x86_64-mingw32/bin/../lib/gcc/nios2-elf/4.9.1/../../../../../H-x86_64-mingw32/nios2-elf/lib\libc.a(lib_a-vfiprintf.o)
 .data          0x0000000008020ea0        0x0 c:/altera/15.0/nios2eds/bin/gnu/h-x86_64-mingw32/bin/../lib/gcc/nios2-elf/4.9.1/../../../../../H-x86_64-mingw32/nios2-elf/lib\libc.a(lib_a-wbuf.o)
 .data          0x0000000008020ea0        0x0 c:/altera/15.0/nios2eds/bin/gnu/h-x86_64-mingw32/bin/../lib/gcc/nios2-elf/4.9.1/../../../../../H-x86_64-mingw32/nios2-elf/lib\libc.a(lib_a-writer.o)
 .data          0x0000000008020ea0        0x0 c:/altera/15.0/nios2eds/bin/gnu/h-x86_64-mingw32/bin/../lib/gcc/nios2-elf/4.9.1/../../../../../H-x86_64-mingw32/nios2-elf/lib\libc.a(closer.o)
 .data          0x0000000008020ea0        0x0 c:/altera/15.0/nios2eds/bin/gnu/h-x86_64-mingw32/bin/../lib/gcc/nios2-elf/4.9.1/../../../../../H-x86_64-mingw32/nios2-elf/lib\libc.a(lib_a-callocr.o)
 .data          0x0000000008020ea0        0x0 c:/altera/15.0/nios2eds/bin/gnu/h-x86_64-mingw32/bin/../lib/gcc/nios2-elf/4.9.1/../../../../../H-x86_64-mingw32/nios2-elf/lib\libc.a(lib_a-fclose.o)
 .data          0x0000000008020ea0        0x0 c:/altera/15.0/nios2eds/bin/gnu/h-x86_64-mingw32/bin/../lib/gcc/nios2-elf/4.9.1/../../../../../H-x86_64-mingw32/nios2-elf/lib\libc.a(lib_a-fputwc.o)
 .data          0x0000000008020ea0        0x0 c:/altera/15.0/nios2eds/bin/gnu/h-x86_64-mingw32/bin/../lib/gcc/nios2-elf/4.9.1/../../../../../H-x86_64-mingw32/nios2-elf/lib\libc.a(lib_a-fstatr.o)
 .data          0x0000000008020ea0        0x0 c:/altera/15.0/nios2eds/bin/gnu/h-x86_64-mingw32/bin/../lib/gcc/nios2-elf/4.9.1/../../../../../H-x86_64-mingw32/nios2-elf/lib\libc.a(lib_a-int_errno.o)
 .data          0x0000000008020ea0        0x0 c:/altera/15.0/nios2eds/bin/gnu/h-x86_64-mingw32/bin/../lib/gcc/nios2-elf/4.9.1/../../../../../H-x86_64-mingw32/nios2-elf/lib\libc.a(lib_a-isattyr.o)
 .data          0x0000000008020ea0        0x0 c:/altera/15.0/nios2eds/bin/gnu/h-x86_64-mingw32/bin/../lib/gcc/nios2-elf/4.9.1/../../../../../H-x86_64-mingw32/nios2-elf/lib\libc.a(lib_a-lseekr.o)
 .data          0x0000000008020ea0        0x0 c:/altera/15.0/nios2eds/bin/gnu/h-x86_64-mingw32/bin/../lib/gcc/nios2-elf/4.9.1/../../../../../H-x86_64-mingw32/nios2-elf/lib\libc.a(lib_a-readr.o)
 .data          0x0000000008020ea0        0x0 c:/altera/15.0/nios2eds/bin/gnu/h-x86_64-mingw32/bin/../lib/gcc/nios2-elf/4.9.1/../../../../../H-x86_64-mingw32/nios2-elf/lib\libc.a(lib_a-wcrtomb.o)
 .data          0x0000000008020ea0        0x0 c:/altera/15.0/nios2eds/bin/gnu/h-x86_64-mingw32/bin/../lib/gcc/nios2-elf/4.9.1/../../../../../H-x86_64-mingw32/nios2-elf/lib\libc.a(lib_a-wctomb_r.o)
 .data          0x0000000008020ea0        0x0 c:/altera/15.0/nios2eds/bin/gnu/h-x86_64-mingw32/bin/../lib/gcc/nios2-elf/4.9.1\libgcc.a(_udivdi3.o)
 .data          0x0000000008020ea0        0x0 c:/altera/15.0/nios2eds/bin/gnu/h-x86_64-mingw32/bin/../lib/gcc/nios2-elf/4.9.1\libgcc.a(_umoddi3.o)
 .data          0x0000000008020ea0        0x0 c:/altera/15.0/nios2eds/bin/gnu/h-x86_64-mingw32/bin/../lib/gcc/nios2-elf/4.9.1\libgcc.a(lib2-divmod.o)
 .data          0x0000000008020ea0        0x0 c:/altera/15.0/nios2eds/bin/gnu/h-x86_64-mingw32/bin/../lib/gcc/nios2-elf/4.9.1\libgcc.a(divdf3.o)
 .data          0x0000000008020ea0        0x0 c:/altera/15.0/nios2eds/bin/gnu/h-x86_64-mingw32/bin/../lib/gcc/nios2-elf/4.9.1\libgcc.a(eqdf2.o)
 .data          0x0000000008020ea0        0x0 c:/altera/15.0/nios2eds/bin/gnu/h-x86_64-mingw32/bin/../lib/gcc/nios2-elf/4.9.1\libgcc.a(subdf3.o)
 .data          0x0000000008020ea0        0x0 c:/altera/15.0/nios2eds/bin/gnu/h-x86_64-mingw32/bin/../lib/gcc/nios2-elf/4.9.1\libgcc.a(floatunsidf.o)
 .data          0x0000000008020ea0        0x0 ../Display_project_bsp/\libhal_bsp.a(alt_close.o)
 .data          0x0000000008020ea0      0x1a8 ../Display_project_bsp/\libhal_bsp.a(alt_dev.o)
                0x0000000008020ea0                alt_dev_null
                0x0000000008020ec8                alt_fd_list
 .data          0x0000000008021048        0x0 ../Display_project_bsp/\libhal_bsp.a(alt_errno.o)
 .data          0x0000000008021048        0x0 ../Display_project_bsp/\libhal_bsp.a(alt_fstat.o)
 .data          0x0000000008021048        0x0 ../Display_project_bsp/\libhal_bsp.a(alt_iic.o)
 .data          0x0000000008021048        0x0 ../Display_project_bsp/\libhal_bsp.a(alt_iic_isr_register.o)
 .data          0x0000000008021048        0x0 ../Display_project_bsp/\libhal_bsp.a(alt_irq_entry.o)
 .data          0x0000000008021048        0x0 ../Display_project_bsp/\libhal_bsp.a(alt_irq_handler.o)
 .data          0x0000000008021048        0x0 ../Display_project_bsp/\libhal_bsp.a(alt_irq_vars.o)
 .data          0x0000000008021048        0x0 ../Display_project_bsp/\libhal_bsp.a(alt_isatty.o)
 .data          0x0000000008021048        0x0 ../Display_project_bsp/\libhal_bsp.a(alt_load.o)
 .data          0x0000000008021048        0x0 ../Display_project_bsp/\libhal_bsp.a(alt_lseek.o)
 .data          0x0000000008021048        0x0 ../Display_project_bsp/\libhal_bsp.a(alt_main.o)
 .data          0x0000000008021048        0x0 ../Display_project_bsp/\libhal_bsp.a(alt_malloc_lock.o)
 .data          0x0000000008021048        0x0 ../Display_project_bsp/\libhal_bsp.a(alt_read.o)
 .data          0x0000000008021048        0x0 ../Display_project_bsp/\libhal_bsp.a(alt_release_fd.o)
 .data          0x0000000008021048        0x0 ../Display_project_bsp/\libhal_bsp.a(alt_sbrk.o)
 .data          0x0000000008021048        0x0 ../Display_project_bsp/\libhal_bsp.a(alt_times.o)
 .data          0x0000000008021048        0x0 ../Display_project_bsp/\libhal_bsp.a(alt_usleep.o)
 .data          0x0000000008021048        0x0 ../Display_project_bsp/\libhal_bsp.a(alt_write.o)
 .data          0x0000000008021048     0x108c ../Display_project_bsp/\libhal_bsp.a(alt_sys_init.o)
 .data          0x00000000080220d4        0x0 ../Display_project_bsp/\libhal_bsp.a(altera_avalon_jtag_uart_fd.o)
 .data          0x00000000080220d4        0x0 ../Display_project_bsp/\libhal_bsp.a(altera_avalon_jtag_uart_init.o)
 .data          0x00000000080220d4        0x0 ../Display_project_bsp/\libhal_bsp.a(altera_avalon_jtag_uart_ioctl.o)
 .data          0x00000000080220d4        0x0 ../Display_project_bsp/\libhal_bsp.a(altera_avalon_jtag_uart_read.o)
 .data          0x00000000080220d4        0x0 ../Display_project_bsp/\libhal_bsp.a(altera_avalon_jtag_uart_write.o)
 .data          0x00000000080220d4        0x0 ../Display_project_bsp/\libhal_bsp.a(altera_avalon_timer_sc.o)
 .data          0x00000000080220d4        0x0 ../Display_project_bsp/\libhal_bsp.a(altera_avalon_timer_vars.o)
 .data          0x00000000080220d4        0x0 ../Display_project_bsp/\libhal_bsp.a(altera_up_avalon_character_lcd.o)
 .data          0x00000000080220d4        0x0 ../Display_project_bsp/\libhal_bsp.a(alt_alarm_start.o)
 .data          0x00000000080220d4        0x0 ../Display_project_bsp/\libhal_bsp.a(alt_busy_sleep.o)
 .data          0x00000000080220d4        0x0 ../Display_project_bsp/\libhal_bsp.a(alt_dcache_flush_all.o)
 .data          0x00000000080220d4        0x0 ../Display_project_bsp/\libhal_bsp.a(alt_dev_llist_insert.o)
 .data          0x00000000080220d4        0x0 ../Display_project_bsp/\libhal_bsp.a(alt_do_ctors.o)
 .data          0x00000000080220d4        0x0 ../Display_project_bsp/\libhal_bsp.a(alt_do_dtors.o)
 .data          0x00000000080220d4        0x0 ../Display_project_bsp/\libhal_bsp.a(alt_exception_entry.o)
 .data          0x00000000080220d4        0x0 ../Display_project_bsp/\libhal_bsp.a(alt_find_dev.o)
 .data          0x00000000080220d4        0x0 ../Display_project_bsp/\libhal_bsp.a(alt_icache_flush_all.o)
 .data          0x00000000080220d4        0x0 ../Display_project_bsp/\libhal_bsp.a(alt_io_redirect.o)
 .data          0x00000000080220d4        0x0 ../Display_project_bsp/\libhal_bsp.a(alt_open.o)
 .data          0x00000000080220d4        0x0 ../Display_project_bsp/\libhal_bsp.a(alt_tick.o)
 .data          0x00000000080220d4        0x0 ../Display_project_bsp/\libhal_bsp.a(altera_nios2_qsys_irq.o)
 .data          0x00000000080220d4        0x0 ../Display_project_bsp/\libhal_bsp.a(alt_find_file.o)
 .data          0x00000000080220d4        0x0 ../Display_project_bsp/\libhal_bsp.a(alt_get_fd.o)
 .data          0x00000000080220d4        0x0 ../Display_project_bsp/\libhal_bsp.a(alt_icache_flush.o)
 .data          0x00000000080220d4        0x0 c:/altera/15.0/nios2eds/bin/gnu/h-x86_64-mingw32/bin/../lib/gcc/nios2-elf/4.9.1/../../../../../H-x86_64-mingw32/nios2-elf/lib\libc.a(lib_a-atexit.o)
 .data          0x00000000080220d4        0x0 c:/altera/15.0/nios2eds/bin/gnu/h-x86_64-mingw32/bin/../lib/gcc/nios2-elf/4.9.1/../../../../../H-x86_64-mingw32/nios2-elf/lib\libc.a(lib_a-exit.o)
 .data          0x00000000080220d4        0x0 c:/altera/15.0/nios2eds/bin/gnu/h-x86_64-mingw32/bin/../lib/gcc/nios2-elf/4.9.1/../../../../../H-x86_64-mingw32/nios2-elf/lib\libc.a(lib_a-memcmp.o)
 .data          0x00000000080220d4        0x0 c:/altera/15.0/nios2eds/bin/gnu/h-x86_64-mingw32/bin/../lib/gcc/nios2-elf/4.9.1/../../../../../H-x86_64-mingw32/nios2-elf/lib\libc.a(lib_a-__atexit.o)
 .data          0x00000000080220d4        0x0 c:/altera/15.0/nios2eds/bin/gnu/h-x86_64-mingw32/bin/../lib/gcc/nios2-elf/4.9.1/../../../../../H-x86_64-mingw32/nios2-elf/lib\libc.a(lib_a-__call_atexit.o)
 .data          0x00000000080220d4        0x0 ../Display_project_bsp/\libhal_bsp.a(alt_exit.o)
                0x000000000802a0d4                _gp = ABSOLUTE ((. + 0x8000))
                0x000000000802a0d4                PROVIDE (gp, _gp)
 *(.rwdata .rwdata.*)
 *(.sdata .sdata.* .gnu.linkonce.s.*)
 .sdata         0x00000000080220d4        0x8 c:/altera/15.0/nios2eds/bin/gnu/h-x86_64-mingw32/bin/../lib/gcc/nios2-elf/4.9.1/../../../../../H-x86_64-mingw32/nios2-elf/lib\libc.a(lib_a-impure.o)
                0x00000000080220d4                _global_impure_ptr
                0x00000000080220d8                _impure_ptr
 .sdata         0x00000000080220dc        0x4 c:/altera/15.0/nios2eds/bin/gnu/h-x86_64-mingw32/bin/../lib/gcc/nios2-elf/4.9.1/../../../../../H-x86_64-mingw32/nios2-elf/lib\libc.a(lib_a-locale.o)
                0x00000000080220dc                __mb_cur_max
 .sdata         0x00000000080220e0        0x8 c:/altera/15.0/nios2eds/bin/gnu/h-x86_64-mingw32/bin/../lib/gcc/nios2-elf/4.9.1/../../../../../H-x86_64-mingw32/nios2-elf/lib\libc.a(lib_a-mallocr.o)
                0x00000000080220e0                __malloc_sbrk_base
                0x00000000080220e4                __malloc_trim_threshold
 .sdata         0x00000000080220e8        0x4 c:/altera/15.0/nios2eds/bin/gnu/h-x86_64-mingw32/bin/../lib/gcc/nios2-elf/4.9.1/../../../../../H-x86_64-mingw32/nios2-elf/lib\libc.a(lib_a-wctomb_r.o)
                0x00000000080220e8                __wctomb
 .sdata         0x00000000080220ec       0x14 ../Display_project_bsp/\libhal_bsp.a(alt_dev.o)
                0x00000000080220ec                alt_fs_list
                0x00000000080220f4                alt_dev_list
                0x00000000080220fc                alt_max_fd
 .sdata         0x0000000008022100        0x4 ../Display_project_bsp/\libhal_bsp.a(alt_errno.o)
                0x0000000008022100                alt_errno
 .sdata         0x0000000008022104        0x4 ../Display_project_bsp/\libhal_bsp.a(alt_irq_vars.o)
                0x0000000008022104                alt_priority_mask
 .sdata         0x0000000008022108        0x4 ../Display_project_bsp/\libhal_bsp.a(alt_sbrk.o)
 .sdata         0x000000000802210c        0x8 ../Display_project_bsp/\libhal_bsp.a(alt_tick.o)
                0x000000000802210c                alt_alarm_list
 *(.sdata2 .sdata2.* .gnu.linkonce.s2.*)
                0x0000000008022114                . = ALIGN (0x4)
                0x0000000008022114                _edata = ABSOLUTE (.)
                0x0000000008022114                PROVIDE (edata, ABSOLUTE (.))
                0x0000000008022114                PROVIDE (__ram_rwdata_end, ABSOLUTE (.))
                0x0000000008022114                PROVIDE (__flash_rwdata_start, LOADADDR (.rwdata))

.bss            0x0000000008023c2c      0x25c
                0x0000000008023c2c                __bss_start = ABSOLUTE (.)
                0x0000000008023c2c                PROVIDE (__sbss_start, ABSOLUTE (.))
                0x0000000008023c2c                PROVIDE (___sbss_start, ABSOLUTE (.))
 *(.dynsbss)
 *(.sbss .sbss.* .gnu.linkonce.sb.*)
 .sbss          0x0000000008023c2c        0x4 obj/default/hello_world.o
                0x0000000008023c2c                auto_approve
 .sbss          0x0000000008023c30        0x4 obj/default/hello_world.o
                0x0000000008023c30                curr_room_num
 .sbss          0x0000000008023c34        0xc c:/altera/15.0/nios2eds/bin/gnu/h-x86_64-mingw32/bin/../lib/gcc/nios2-elf/4.9.1/../../../../../H-x86_64-mingw32/nios2-elf/lib\libc.a(lib_a-locale.o)
                0x0000000008023c34                _PathLocale
                0x0000000008023c38                __mlocale_changed
                0x0000000008023c3c                __nlocale_changed
 .sbss          0x0000000008023c40        0xc c:/altera/15.0/nios2eds/bin/gnu/h-x86_64-mingw32/bin/../lib/gcc/nios2-elf/4.9.1/../../../../../H-x86_64-mingw32/nios2-elf/lib\libc.a(lib_a-mallocr.o)
                0x0000000008023c40                __malloc_max_total_mem
                0x0000000008023c44                __malloc_max_sbrked_mem
                0x0000000008023c48                __malloc_top_pad
 .sbss          0x0000000008023c4c        0x4 c:/altera/15.0/nios2eds/bin/gnu/h-x86_64-mingw32/bin/../lib/gcc/nios2-elf/4.9.1/../../../../../H-x86_64-mingw32/nios2-elf/lib\libc.a(lib_a-int_errno.o)
                0x0000000008023c4c                errno
 .sbss          0x0000000008023c50        0x4 ../Display_project_bsp/\libhal_bsp.a(alt_irq_vars.o)
                0x0000000008023c50                alt_irq_active
 .sbss          0x0000000008023c54        0xc ../Display_project_bsp/\libhal_bsp.a(alt_main.o)
                0x0000000008023c54                alt_argc
                0x0000000008023c58                alt_argv
                0x0000000008023c5c                alt_envp
 .sbss          0x0000000008023c60        0x8 ../Display_project_bsp/\libhal_bsp.a(altera_avalon_timer_vars.o)
                0x0000000008023c60                altera_avalon_timer_ts_base
                0x0000000008023c64                altera_avalon_timer_ts_freq
 .sbss          0x0000000008023c68        0x8 ../Display_project_bsp/\libhal_bsp.a(alt_tick.o)
                0x0000000008023c68                _alt_tick_rate
                0x0000000008023c6c                _alt_nticks
 *(.sbss2 .sbss2.* .gnu.linkonce.sb2.*)
 *(.scommon)
                0x0000000008023c70                PROVIDE (__sbss_end, ABSOLUTE (.))
                0x0000000008023c70                PROVIDE (___sbss_end, ABSOLUTE (.))
 *(.dynbss)
 *(.bss .bss.* .gnu.linkonce.b.*)
 .bss           0x0000000008023c70        0x0 ../Display_project_bsp//obj/HAL/src/crt0.o
 .bss           0x0000000008023c70        0x0 obj/default/hello_world.o
 .bss           0x0000000008023c70        0x0 c:/altera/15.0/nios2eds/bin/gnu/h-x86_64-mingw32/bin/../lib/gcc/nios2-elf/4.9.1/../../../../../H-x86_64-mingw32/nios2-elf/lib\libm.a(lib_a-s_floor.o)
 .bss           0x0000000008023c70        0x0 c:/altera/15.0/nios2eds/bin/gnu/h-x86_64-mingw32/bin/../lib/gcc/nios2-elf/4.9.1\libgcc.a(adddf3.o)
 .bss           0x0000000008023c70        0x0 c:/altera/15.0/nios2eds/bin/gnu/h-x86_64-mingw32/bin/../lib/gcc/nios2-elf/4.9.1\libgcc.a(gedf2.o)
 .bss           0x0000000008023c70        0x0 c:/altera/15.0/nios2eds/bin/gnu/h-x86_64-mingw32/bin/../lib/gcc/nios2-elf/4.9.1\libgcc.a(ledf2.o)
 .bss           0x0000000008023c70        0x0 c:/altera/15.0/nios2eds/bin/gnu/h-x86_64-mingw32/bin/../lib/gcc/nios2-elf/4.9.1\libgcc.a(muldf3.o)
 .bss           0x0000000008023c70        0x0 c:/altera/15.0/nios2eds/bin/gnu/h-x86_64-mingw32/bin/../lib/gcc/nios2-elf/4.9.1\libgcc.a(fixdfsi.o)
 .bss           0x0000000008023c70        0x0 c:/altera/15.0/nios2eds/bin/gnu/h-x86_64-mingw32/bin/../lib/gcc/nios2-elf/4.9.1\libgcc.a(floatsidf.o)
 .bss           0x0000000008023c70        0x0 c:/altera/15.0/nios2eds/bin/gnu/h-x86_64-mingw32/bin/../lib/gcc/nios2-elf/4.9.1\libgcc.a(_clzsi2.o)
 .bss           0x0000000008023c70        0x0 c:/altera/15.0/nios2eds/bin/gnu/h-x86_64-mingw32/bin/../lib/gcc/nios2-elf/4.9.1\libgcc.a(_clz.o)
 .bss           0x0000000008023c70        0x0 c:/altera/15.0/nios2eds/bin/gnu/h-x86_64-mingw32/bin/../lib/gcc/nios2-elf/4.9.1/../../../../../H-x86_64-mingw32/nios2-elf/lib\libc.a(lib_a-clock.o)
 .bss           0x0000000008023c70        0x0 c:/altera/15.0/nios2eds/bin/gnu/h-x86_64-mingw32/bin/../lib/gcc/nios2-elf/4.9.1/../../../../../H-x86_64-mingw32/nios2-elf/lib\libc.a(lib_a-impure.o)
 .bss           0x0000000008023c70        0x0 c:/altera/15.0/nios2eds/bin/gnu/h-x86_64-mingw32/bin/../lib/gcc/nios2-elf/4.9.1/../../../../../H-x86_64-mingw32/nios2-elf/lib\libc.a(lib_a-printf.o)
 .bss           0x0000000008023c70        0x0 c:/altera/15.0/nios2eds/bin/gnu/h-x86_64-mingw32/bin/../lib/gcc/nios2-elf/4.9.1/../../../../../H-x86_64-mingw32/nios2-elf/lib\libc.a(lib_a-putchar.o)
 .bss           0x0000000008023c70        0x0 c:/altera/15.0/nios2eds/bin/gnu/h-x86_64-mingw32/bin/../lib/gcc/nios2-elf/4.9.1/../../../../../H-x86_64-mingw32/nios2-elf/lib\libc.a(lib_a-puts.o)
 .bss           0x0000000008023c70        0x0 c:/altera/15.0/nios2eds/bin/gnu/h-x86_64-mingw32/bin/../lib/gcc/nios2-elf/4.9.1/../../../../../H-x86_64-mingw32/nios2-elf/lib\libc.a(lib_a-sprintf.o)
 .bss           0x0000000008023c70        0x0 c:/altera/15.0/nios2eds/bin/gnu/h-x86_64-mingw32/bin/../lib/gcc/nios2-elf/4.9.1/../../../../../H-x86_64-mingw32/nios2-elf/lib\libc.a(lib_a-strlen.o)
 .bss           0x0000000008023c70        0x0 c:/altera/15.0/nios2eds/bin/gnu/h-x86_64-mingw32/bin/../lib/gcc/nios2-elf/4.9.1/../../../../../H-x86_64-mingw32/nios2-elf/lib\libc.a(lib_a-svfprintf.o)
 .bss           0x0000000008023c70        0x0 c:/altera/15.0/nios2eds/bin/gnu/h-x86_64-mingw32/bin/../lib/gcc/nios2-elf/4.9.1/../../../../../H-x86_64-mingw32/nios2-elf/lib\libc.a(lib_a-timesr.o)
 .bss           0x0000000008023c70        0x0 c:/altera/15.0/nios2eds/bin/gnu/h-x86_64-mingw32/bin/../lib/gcc/nios2-elf/4.9.1/../../../../../H-x86_64-mingw32/nios2-elf/lib\libc.a(lib_a-vfprintf.o)
 .bss           0x0000000008023c70        0x0 c:/altera/15.0/nios2eds/bin/gnu/h-x86_64-mingw32/bin/../lib/gcc/nios2-elf/4.9.1/../../../../../H-x86_64-mingw32/nios2-elf/lib\libc.a(lib_a-wsetup.o)
 .bss           0x0000000008023c70        0x0 c:/altera/15.0/nios2eds/bin/gnu/h-x86_64-mingw32/bin/../lib/gcc/nios2-elf/4.9.1/../../../../../H-x86_64-mingw32/nios2-elf/lib\libc.a(lib_a-dtoa.o)
 .bss           0x0000000008023c70        0x0 c:/altera/15.0/nios2eds/bin/gnu/h-x86_64-mingw32/bin/../lib/gcc/nios2-elf/4.9.1/../../../../../H-x86_64-mingw32/nios2-elf/lib\libc.a(lib_a-fflush.o)
 .bss           0x0000000008023c70        0x0 c:/altera/15.0/nios2eds/bin/gnu/h-x86_64-mingw32/bin/../lib/gcc/nios2-elf/4.9.1/../../../../../H-x86_64-mingw32/nios2-elf/lib\libc.a(lib_a-findfp.o)
 .bss           0x0000000008023c70        0x0 c:/altera/15.0/nios2eds/bin/gnu/h-x86_64-mingw32/bin/../lib/gcc/nios2-elf/4.9.1/../../../../../H-x86_64-mingw32/nios2-elf/lib\libc.a(lib_a-freer.o)
 .bss           0x0000000008023c70        0x0 c:/altera/15.0/nios2eds/bin/gnu/h-x86_64-mingw32/bin/../lib/gcc/nios2-elf/4.9.1/../../../../../H-x86_64-mingw32/nios2-elf/lib\libc.a(lib_a-fvwrite.o)
 .bss           0x0000000008023c70        0x0 c:/altera/15.0/nios2eds/bin/gnu/h-x86_64-mingw32/bin/../lib/gcc/nios2-elf/4.9.1/../../../../../H-x86_64-mingw32/nios2-elf/lib\libc.a(lib_a-fwalk.o)
 .bss           0x0000000008023c70        0x0 c:/altera/15.0/nios2eds/bin/gnu/h-x86_64-mingw32/bin/../lib/gcc/nios2-elf/4.9.1/../../../../../H-x86_64-mingw32/nios2-elf/lib\libc.a(lib_a-locale.o)
 .bss           0x0000000008023c70        0x0 c:/altera/15.0/nios2eds/bin/gnu/h-x86_64-mingw32/bin/../lib/gcc/nios2-elf/4.9.1/../../../../../H-x86_64-mingw32/nios2-elf/lib\libc.a(lib_a-makebuf.o)
 .bss           0x0000000008023c70       0x28 c:/altera/15.0/nios2eds/bin/gnu/h-x86_64-mingw32/bin/../lib/gcc/nios2-elf/4.9.1/../../../../../H-x86_64-mingw32/nios2-elf/lib\libc.a(lib_a-mallocr.o)
                0x0000000008023c70                __malloc_current_mallinfo
 .bss           0x0000000008023c98        0x0 c:/altera/15.0/nios2eds/bin/gnu/h-x86_64-mingw32/bin/../lib/gcc/nios2-elf/4.9.1/../../../../../H-x86_64-mingw32/nios2-elf/lib\libc.a(lib_a-memchr.o)
 .bss           0x0000000008023c98        0x0 c:/altera/15.0/nios2eds/bin/gnu/h-x86_64-mingw32/bin/../lib/gcc/nios2-elf/4.9.1/../../../../../H-x86_64-mingw32/nios2-elf/lib\libc.a(lib_a-memcpy.o)
 .bss           0x0000000008023c98        0x0 c:/altera/15.0/nios2eds/bin/gnu/h-x86_64-mingw32/bin/../lib/gcc/nios2-elf/4.9.1/../../../../../H-x86_64-mingw32/nios2-elf/lib\libc.a(lib_a-memmove.o)
 .bss           0x0000000008023c98        0x0 c:/altera/15.0/nios2eds/bin/gnu/h-x86_64-mingw32/bin/../lib/gcc/nios2-elf/4.9.1/../../../../../H-x86_64-mingw32/nios2-elf/lib\libc.a(lib_a-memset.o)
 .bss           0x0000000008023c98        0x0 c:/altera/15.0/nios2eds/bin/gnu/h-x86_64-mingw32/bin/../lib/gcc/nios2-elf/4.9.1/../../../../../H-x86_64-mingw32/nios2-elf/lib\libc.a(lib_a-mprec.o)
 .bss           0x0000000008023c98        0x0 c:/altera/15.0/nios2eds/bin/gnu/h-x86_64-mingw32/bin/../lib/gcc/nios2-elf/4.9.1/../../../../../H-x86_64-mingw32/nios2-elf/lib\libc.a(lib_a-putc.o)
 .bss           0x0000000008023c98        0x0 c:/altera/15.0/nios2eds/bin/gnu/h-x86_64-mingw32/bin/../lib/gcc/nios2-elf/4.9.1/../../../../../H-x86_64-mingw32/nios2-elf/lib\libc.a(lib_a-reallocr.o)
 .bss           0x0000000008023c98        0x0 c:/altera/15.0/nios2eds/bin/gnu/h-x86_64-mingw32/bin/../lib/gcc/nios2-elf/4.9.1/../../../../../H-x86_64-mingw32/nios2-elf/lib\libc.a(lib_a-s_fpclassify.o)
 .bss           0x0000000008023c98        0x0 c:/altera/15.0/nios2eds/bin/gnu/h-x86_64-mingw32/bin/../lib/gcc/nios2-elf/4.9.1/../../../../../H-x86_64-mingw32/nios2-elf/lib\libc.a(lib_a-sbrkr.o)
 .bss           0x0000000008023c98        0x0 c:/altera/15.0/nios2eds/bin/gnu/h-x86_64-mingw32/bin/../lib/gcc/nios2-elf/4.9.1/../../../../../H-x86_64-mingw32/nios2-elf/lib\libc.a(lib_a-stdio.o)
 .bss           0x0000000008023c98        0x0 c:/altera/15.0/nios2eds/bin/gnu/h-x86_64-mingw32/bin/../lib/gcc/nios2-elf/4.9.1/../../../../../H-x86_64-mingw32/nios2-elf/lib\libc.a(lib_a-strcmp.o)
 .bss           0x0000000008023c98        0x0 c:/altera/15.0/nios2eds/bin/gnu/h-x86_64-mingw32/bin/../lib/gcc/nios2-elf/4.9.1/../../../../../H-x86_64-mingw32/nios2-elf/lib\libc.a(lib_a-svfiprintf.o)
 .bss           0x0000000008023c98        0x0 c:/altera/15.0/nios2eds/bin/gnu/h-x86_64-mingw32/bin/../lib/gcc/nios2-elf/4.9.1/../../../../../H-x86_64-mingw32/nios2-elf/lib\libc.a(lib_a-vfiprintf.o)
 .bss           0x0000000008023c98        0x0 c:/altera/15.0/nios2eds/bin/gnu/h-x86_64-mingw32/bin/../lib/gcc/nios2-elf/4.9.1/../../../../../H-x86_64-mingw32/nios2-elf/lib\libc.a(lib_a-wbuf.o)
 .bss           0x0000000008023c98        0x0 c:/altera/15.0/nios2eds/bin/gnu/h-x86_64-mingw32/bin/../lib/gcc/nios2-elf/4.9.1/../../../../../H-x86_64-mingw32/nios2-elf/lib\libc.a(lib_a-writer.o)
 .bss           0x0000000008023c98        0x0 c:/altera/15.0/nios2eds/bin/gnu/h-x86_64-mingw32/bin/../lib/gcc/nios2-elf/4.9.1/../../../../../H-x86_64-mingw32/nios2-elf/lib\libc.a(closer.o)
 .bss           0x0000000008023c98        0x0 c:/altera/15.0/nios2eds/bin/gnu/h-x86_64-mingw32/bin/../lib/gcc/nios2-elf/4.9.1/../../../../../H-x86_64-mingw32/nios2-elf/lib\libc.a(lib_a-callocr.o)
 .bss           0x0000000008023c98        0x0 c:/altera/15.0/nios2eds/bin/gnu/h-x86_64-mingw32/bin/../lib/gcc/nios2-elf/4.9.1/../../../../../H-x86_64-mingw32/nios2-elf/lib\libc.a(lib_a-fclose.o)
 .bss           0x0000000008023c98        0x0 c:/altera/15.0/nios2eds/bin/gnu/h-x86_64-mingw32/bin/../lib/gcc/nios2-elf/4.9.1/../../../../../H-x86_64-mingw32/nios2-elf/lib\libc.a(lib_a-fputwc.o)
 .bss           0x0000000008023c98        0x0 c:/altera/15.0/nios2eds/bin/gnu/h-x86_64-mingw32/bin/../lib/gcc/nios2-elf/4.9.1/../../../../../H-x86_64-mingw32/nios2-elf/lib\libc.a(lib_a-fstatr.o)
 .bss           0x0000000008023c98        0x0 c:/altera/15.0/nios2eds/bin/gnu/h-x86_64-mingw32/bin/../lib/gcc/nios2-elf/4.9.1/../../../../../H-x86_64-mingw32/nios2-elf/lib\libc.a(lib_a-int_errno.o)
 .bss           0x0000000008023c98        0x0 c:/altera/15.0/nios2eds/bin/gnu/h-x86_64-mingw32/bin/../lib/gcc/nios2-elf/4.9.1/../../../../../H-x86_64-mingw32/nios2-elf/lib\libc.a(lib_a-isattyr.o)
 .bss           0x0000000008023c98        0x0 c:/altera/15.0/nios2eds/bin/gnu/h-x86_64-mingw32/bin/../lib/gcc/nios2-elf/4.9.1/../../../../../H-x86_64-mingw32/nios2-elf/lib\libc.a(lib_a-lseekr.o)
 .bss           0x0000000008023c98        0x0 c:/altera/15.0/nios2eds/bin/gnu/h-x86_64-mingw32/bin/../lib/gcc/nios2-elf/4.9.1/../../../../../H-x86_64-mingw32/nios2-elf/lib\libc.a(lib_a-readr.o)
 .bss           0x0000000008023c98        0x0 c:/altera/15.0/nios2eds/bin/gnu/h-x86_64-mingw32/bin/../lib/gcc/nios2-elf/4.9.1/../../../../../H-x86_64-mingw32/nios2-elf/lib\libc.a(lib_a-wcrtomb.o)
 .bss           0x0000000008023c98        0x0 c:/altera/15.0/nios2eds/bin/gnu/h-x86_64-mingw32/bin/../lib/gcc/nios2-elf/4.9.1/../../../../../H-x86_64-mingw32/nios2-elf/lib\libc.a(lib_a-wctomb_r.o)
 .bss           0x0000000008023c98        0x0 c:/altera/15.0/nios2eds/bin/gnu/h-x86_64-mingw32/bin/../lib/gcc/nios2-elf/4.9.1\libgcc.a(_udivdi3.o)
 .bss           0x0000000008023c98        0x0 c:/altera/15.0/nios2eds/bin/gnu/h-x86_64-mingw32/bin/../lib/gcc/nios2-elf/4.9.1\libgcc.a(_umoddi3.o)
 .bss           0x0000000008023c98        0x0 c:/altera/15.0/nios2eds/bin/gnu/h-x86_64-mingw32/bin/../lib/gcc/nios2-elf/4.9.1\libgcc.a(lib2-divmod.o)
 .bss           0x0000000008023c98        0x0 c:/altera/15.0/nios2eds/bin/gnu/h-x86_64-mingw32/bin/../lib/gcc/nios2-elf/4.9.1\libgcc.a(divdf3.o)
 .bss           0x0000000008023c98        0x0 c:/altera/15.0/nios2eds/bin/gnu/h-x86_64-mingw32/bin/../lib/gcc/nios2-elf/4.9.1\libgcc.a(eqdf2.o)
 .bss           0x0000000008023c98        0x0 c:/altera/15.0/nios2eds/bin/gnu/h-x86_64-mingw32/bin/../lib/gcc/nios2-elf/4.9.1\libgcc.a(subdf3.o)
 .bss           0x0000000008023c98        0x0 c:/altera/15.0/nios2eds/bin/gnu/h-x86_64-mingw32/bin/../lib/gcc/nios2-elf/4.9.1\libgcc.a(floatunsidf.o)
 .bss           0x0000000008023c98        0x0 ../Display_project_bsp/\libhal_bsp.a(alt_close.o)
 .bss           0x0000000008023c98        0x0 ../Display_project_bsp/\libhal_bsp.a(alt_dev.o)
 .bss           0x0000000008023c98        0x0 ../Display_project_bsp/\libhal_bsp.a(alt_errno.o)
 .bss           0x0000000008023c98        0x0 ../Display_project_bsp/\libhal_bsp.a(alt_fstat.o)
 .bss           0x0000000008023c98        0x0 ../Display_project_bsp/\libhal_bsp.a(alt_iic.o)
 .bss           0x0000000008023c98        0x0 ../Display_project_bsp/\libhal_bsp.a(alt_iic_isr_register.o)
 .bss           0x0000000008023c98        0x0 ../Display_project_bsp/\libhal_bsp.a(alt_irq_entry.o)
 .bss           0x0000000008023c98        0x0 ../Display_project_bsp/\libhal_bsp.a(alt_irq_handler.o)
 .bss           0x0000000008023c98        0x0 ../Display_project_bsp/\libhal_bsp.a(alt_irq_vars.o)
 .bss           0x0000000008023c98        0x0 ../Display_project_bsp/\libhal_bsp.a(alt_isatty.o)
 .bss           0x0000000008023c98        0x0 ../Display_project_bsp/\libhal_bsp.a(alt_load.o)
 .bss           0x0000000008023c98        0x0 ../Display_project_bsp/\libhal_bsp.a(alt_lseek.o)
 .bss           0x0000000008023c98        0x0 ../Display_project_bsp/\libhal_bsp.a(alt_main.o)
 .bss           0x0000000008023c98        0x0 ../Display_project_bsp/\libhal_bsp.a(alt_malloc_lock.o)
 .bss           0x0000000008023c98        0x0 ../Display_project_bsp/\libhal_bsp.a(alt_read.o)
 .bss           0x0000000008023c98        0x0 ../Display_project_bsp/\libhal_bsp.a(alt_release_fd.o)
 .bss           0x0000000008023c98        0x0 ../Display_project_bsp/\libhal_bsp.a(alt_sbrk.o)
 .bss           0x0000000008023c98        0x0 ../Display_project_bsp/\libhal_bsp.a(alt_times.o)
 .bss           0x0000000008023c98        0x0 ../Display_project_bsp/\libhal_bsp.a(alt_usleep.o)
 .bss           0x0000000008023c98        0x0 ../Display_project_bsp/\libhal_bsp.a(alt_write.o)
 .bss           0x0000000008023c98        0x0 ../Display_project_bsp/\libhal_bsp.a(alt_sys_init.o)
 .bss           0x0000000008023c98        0x0 ../Display_project_bsp/\libhal_bsp.a(altera_avalon_jtag_uart_fd.o)
 .bss           0x0000000008023c98        0x0 ../Display_project_bsp/\libhal_bsp.a(altera_avalon_jtag_uart_init.o)
 .bss           0x0000000008023c98        0x0 ../Display_project_bsp/\libhal_bsp.a(altera_avalon_jtag_uart_ioctl.o)
 .bss           0x0000000008023c98        0x0 ../Display_project_bsp/\libhal_bsp.a(altera_avalon_jtag_uart_read.o)
 .bss           0x0000000008023c98        0x0 ../Display_project_bsp/\libhal_bsp.a(altera_avalon_jtag_uart_write.o)
 .bss           0x0000000008023c98        0x0 ../Display_project_bsp/\libhal_bsp.a(altera_avalon_timer_sc.o)
 .bss           0x0000000008023c98        0x0 ../Display_project_bsp/\libhal_bsp.a(altera_avalon_timer_vars.o)
 .bss           0x0000000008023c98        0x0 ../Display_project_bsp/\libhal_bsp.a(altera_up_avalon_character_lcd.o)
 .bss           0x0000000008023c98        0x0 ../Display_project_bsp/\libhal_bsp.a(alt_alarm_start.o)
 .bss           0x0000000008023c98        0x0 ../Display_project_bsp/\libhal_bsp.a(alt_busy_sleep.o)
 .bss           0x0000000008023c98        0x0 ../Display_project_bsp/\libhal_bsp.a(alt_dcache_flush_all.o)
 .bss           0x0000000008023c98        0x0 ../Display_project_bsp/\libhal_bsp.a(alt_dev_llist_insert.o)
 .bss           0x0000000008023c98        0x0 ../Display_project_bsp/\libhal_bsp.a(alt_do_ctors.o)
 .bss           0x0000000008023c98        0x0 ../Display_project_bsp/\libhal_bsp.a(alt_do_dtors.o)
 .bss           0x0000000008023c98        0x0 ../Display_project_bsp/\libhal_bsp.a(alt_exception_entry.o)
 .bss           0x0000000008023c98        0x0 ../Display_project_bsp/\libhal_bsp.a(alt_find_dev.o)
 .bss           0x0000000008023c98        0x0 ../Display_project_bsp/\libhal_bsp.a(alt_icache_flush_all.o)
 .bss           0x0000000008023c98        0x0 ../Display_project_bsp/\libhal_bsp.a(alt_io_redirect.o)
 .bss           0x0000000008023c98        0x0 ../Display_project_bsp/\libhal_bsp.a(alt_open.o)
 .bss           0x0000000008023c98        0x0 ../Display_project_bsp/\libhal_bsp.a(alt_tick.o)
 .bss           0x0000000008023c98        0x0 ../Display_project_bsp/\libhal_bsp.a(altera_nios2_qsys_irq.o)
 .bss           0x0000000008023c98        0x0 ../Display_project_bsp/\libhal_bsp.a(alt_find_file.o)
 .bss           0x0000000008023c98        0x0 ../Display_project_bsp/\libhal_bsp.a(alt_get_fd.o)
 .bss           0x0000000008023c98        0x0 ../Display_project_bsp/\libhal_bsp.a(alt_icache_flush.o)
 .bss           0x0000000008023c98        0x0 c:/altera/15.0/nios2eds/bin/gnu/h-x86_64-mingw32/bin/../lib/gcc/nios2-elf/4.9.1/../../../../../H-x86_64-mingw32/nios2-elf/lib\libc.a(lib_a-atexit.o)
 .bss           0x0000000008023c98        0x0 c:/altera/15.0/nios2eds/bin/gnu/h-x86_64-mingw32/bin/../lib/gcc/nios2-elf/4.9.1/../../../../../H-x86_64-mingw32/nios2-elf/lib\libc.a(lib_a-exit.o)
 .bss           0x0000000008023c98        0x0 c:/altera/15.0/nios2eds/bin/gnu/h-x86_64-mingw32/bin/../lib/gcc/nios2-elf/4.9.1/../../../../../H-x86_64-mingw32/nios2-elf/lib\libc.a(lib_a-memcmp.o)
 .bss           0x0000000008023c98        0x0 c:/altera/15.0/nios2eds/bin/gnu/h-x86_64-mingw32/bin/../lib/gcc/nios2-elf/4.9.1/../../../../../H-x86_64-mingw32/nios2-elf/lib\libc.a(lib_a-__atexit.o)
 .bss           0x0000000008023c98        0x0 c:/altera/15.0/nios2eds/bin/gnu/h-x86_64-mingw32/bin/../lib/gcc/nios2-elf/4.9.1/../../../../../H-x86_64-mingw32/nios2-elf/lib\libc.a(lib_a-__call_atexit.o)
 .bss           0x0000000008023c98        0x0 ../Display_project_bsp/\libhal_bsp.a(alt_exit.o)
 *(COMMON)
 COMMON         0x0000000008023c98       0xf0 obj/default/hello_world.o
                0x0000000008023c98                roomArray
 COMMON         0x0000000008023d88      0x100 ../Display_project_bsp/\libhal_bsp.a(alt_irq_handler.o)
                0x0000000008023d88                alt_irq
                0x0000000008023e88                . = ALIGN (0x4)
                0x0000000008023e88                __bss_end = ABSOLUTE (.)

.sdram          0x0000000008023e88        0x0
                0x0000000008023e88                PROVIDE (_alt_partition_sdram_start, ABSOLUTE (.))
 *(.sdram .sdram. sdram.*)
                0x0000000008023e88                . = ALIGN (0x4)
                0x0000000008023e88                PROVIDE (_alt_partition_sdram_end, ABSOLUTE (.))
                0x0000000008023e88                _end = ABSOLUTE (.)
                0x0000000008023e88                end = ABSOLUTE (.)
                0x0000000008023e88                __alt_stack_base = ABSOLUTE (.)
                0x0000000008023e88                PROVIDE (_alt_partition_sdram_load_addr, LOADADDR (.sdram))

.stab
 *(.stab)

.stabstr
 *(.stabstr)

.stab.excl
 *(.stab.excl)

.stab.exclstr
 *(.stab.exclstr)

.stab.index
 *(.stab.index)

.stab.indexstr
 *(.stab.indexstr)

.comment        0x0000000000000000       0x23
 *(.comment)
 .comment       0x0000000000000000       0x23 obj/default/hello_world.o
                                         0x24 (size before relaxing)
 .comment       0x0000000000000000       0x24 c:/altera/15.0/nios2eds/bin/gnu/h-x86_64-mingw32/bin/../lib/gcc/nios2-elf/4.9.1/../../../../../H-x86_64-mingw32/nios2-elf/lib\libm.a(lib_a-s_floor.o)
 .comment       0x0000000000000000       0x24 c:/altera/15.0/nios2eds/bin/gnu/h-x86_64-mingw32/bin/../lib/gcc/nios2-elf/4.9.1\libgcc.a(adddf3.o)
 .comment       0x0000000000000000       0x24 c:/altera/15.0/nios2eds/bin/gnu/h-x86_64-mingw32/bin/../lib/gcc/nios2-elf/4.9.1\libgcc.a(gedf2.o)
 .comment       0x0000000000000000       0x24 c:/altera/15.0/nios2eds/bin/gnu/h-x86_64-mingw32/bin/../lib/gcc/nios2-elf/4.9.1\libgcc.a(ledf2.o)
 .comment       0x0000000000000000       0x24 c:/altera/15.0/nios2eds/bin/gnu/h-x86_64-mingw32/bin/../lib/gcc/nios2-elf/4.9.1\libgcc.a(muldf3.o)
 .comment       0x0000000000000000       0x24 c:/altera/15.0/nios2eds/bin/gnu/h-x86_64-mingw32/bin/../lib/gcc/nios2-elf/4.9.1\libgcc.a(fixdfsi.o)
 .comment       0x0000000000000000       0x24 c:/altera/15.0/nios2eds/bin/gnu/h-x86_64-mingw32/bin/../lib/gcc/nios2-elf/4.9.1\libgcc.a(floatsidf.o)
 .comment       0x0000000000000000       0x24 c:/altera/15.0/nios2eds/bin/gnu/h-x86_64-mingw32/bin/../lib/gcc/nios2-elf/4.9.1\libgcc.a(_clzsi2.o)
 .comment       0x0000000000000000       0x24 c:/altera/15.0/nios2eds/bin/gnu/h-x86_64-mingw32/bin/../lib/gcc/nios2-elf/4.9.1\libgcc.a(_clz.o)
 .comment       0x0000000000000000       0x24 c:/altera/15.0/nios2eds/bin/gnu/h-x86_64-mingw32/bin/../lib/gcc/nios2-elf/4.9.1/../../../../../H-x86_64-mingw32/nios2-elf/lib\libc.a(lib_a-clock.o)
 .comment       0x0000000000000000       0x24 c:/altera/15.0/nios2eds/bin/gnu/h-x86_64-mingw32/bin/../lib/gcc/nios2-elf/4.9.1/../../../../../H-x86_64-mingw32/nios2-elf/lib\libc.a(lib_a-impure.o)
 .comment       0x0000000000000000       0x24 c:/altera/15.0/nios2eds/bin/gnu/h-x86_64-mingw32/bin/../lib/gcc/nios2-elf/4.9.1/../../../../../H-x86_64-mingw32/nios2-elf/lib\libc.a(lib_a-printf.o)
 .comment       0x0000000000000000       0x24 c:/altera/15.0/nios2eds/bin/gnu/h-x86_64-mingw32/bin/../lib/gcc/nios2-elf/4.9.1/../../../../../H-x86_64-mingw32/nios2-elf/lib\libc.a(lib_a-putchar.o)
 .comment       0x0000000000000000       0x24 c:/altera/15.0/nios2eds/bin/gnu/h-x86_64-mingw32/bin/../lib/gcc/nios2-elf/4.9.1/../../../../../H-x86_64-mingw32/nios2-elf/lib\libc.a(lib_a-puts.o)
 .comment       0x0000000000000000       0x24 c:/altera/15.0/nios2eds/bin/gnu/h-x86_64-mingw32/bin/../lib/gcc/nios2-elf/4.9.1/../../../../../H-x86_64-mingw32/nios2-elf/lib\libc.a(lib_a-sprintf.o)
 .comment       0x0000000000000000       0x24 c:/altera/15.0/nios2eds/bin/gnu/h-x86_64-mingw32/bin/../lib/gcc/nios2-elf/4.9.1/../../../../../H-x86_64-mingw32/nios2-elf/lib\libc.a(lib_a-strlen.o)
 .comment       0x0000000000000000       0x24 c:/altera/15.0/nios2eds/bin/gnu/h-x86_64-mingw32/bin/../lib/gcc/nios2-elf/4.9.1/../../../../../H-x86_64-mingw32/nios2-elf/lib\libc.a(lib_a-svfprintf.o)
 .comment       0x0000000000000000       0x24 c:/altera/15.0/nios2eds/bin/gnu/h-x86_64-mingw32/bin/../lib/gcc/nios2-elf/4.9.1/../../../../../H-x86_64-mingw32/nios2-elf/lib\libc.a(lib_a-timesr.o)
 .comment       0x0000000000000000       0x24 c:/altera/15.0/nios2eds/bin/gnu/h-x86_64-mingw32/bin/../lib/gcc/nios2-elf/4.9.1/../../../../../H-x86_64-mingw32/nios2-elf/lib\libc.a(lib_a-vfprintf.o)
 .comment       0x0000000000000000       0x24 c:/altera/15.0/nios2eds/bin/gnu/h-x86_64-mingw32/bin/../lib/gcc/nios2-elf/4.9.1/../../../../../H-x86_64-mingw32/nios2-elf/lib\libc.a(lib_a-wsetup.o)
 .comment       0x0000000000000000       0x24 c:/altera/15.0/nios2eds/bin/gnu/h-x86_64-mingw32/bin/../lib/gcc/nios2-elf/4.9.1/../../../../../H-x86_64-mingw32/nios2-elf/lib\libc.a(lib_a-dtoa.o)
 .comment       0x0000000000000000       0x24 c:/altera/15.0/nios2eds/bin/gnu/h-x86_64-mingw32/bin/../lib/gcc/nios2-elf/4.9.1/../../../../../H-x86_64-mingw32/nios2-elf/lib\libc.a(lib_a-fflush.o)
 .comment       0x0000000000000000       0x24 c:/altera/15.0/nios2eds/bin/gnu/h-x86_64-mingw32/bin/../lib/gcc/nios2-elf/4.9.1/../../../../../H-x86_64-mingw32/nios2-elf/lib\libc.a(lib_a-findfp.o)
 .comment       0x0000000000000000       0x24 c:/altera/15.0/nios2eds/bin/gnu/h-x86_64-mingw32/bin/../lib/gcc/nios2-elf/4.9.1/../../../../../H-x86_64-mingw32/nios2-elf/lib\libc.a(lib_a-freer.o)
 .comment       0x0000000000000000       0x24 c:/altera/15.0/nios2eds/bin/gnu/h-x86_64-mingw32/bin/../lib/gcc/nios2-elf/4.9.1/../../../../../H-x86_64-mingw32/nios2-elf/lib\libc.a(lib_a-fvwrite.o)
 .comment       0x0000000000000000       0x24 c:/altera/15.0/nios2eds/bin/gnu/h-x86_64-mingw32/bin/../lib/gcc/nios2-elf/4.9.1/../../../../../H-x86_64-mingw32/nios2-elf/lib\libc.a(lib_a-fwalk.o)
 .comment       0x0000000000000000       0x24 c:/altera/15.0/nios2eds/bin/gnu/h-x86_64-mingw32/bin/../lib/gcc/nios2-elf/4.9.1/../../../../../H-x86_64-mingw32/nios2-elf/lib\libc.a(lib_a-locale.o)
 .comment       0x0000000000000000       0x24 c:/altera/15.0/nios2eds/bin/gnu/h-x86_64-mingw32/bin/../lib/gcc/nios2-elf/4.9.1/../../../../../H-x86_64-mingw32/nios2-elf/lib\libc.a(lib_a-makebuf.o)
 .comment       0x0000000000000000       0x24 c:/altera/15.0/nios2eds/bin/gnu/h-x86_64-mingw32/bin/../lib/gcc/nios2-elf/4.9.1/../../../../../H-x86_64-mingw32/nios2-elf/lib\libc.a(lib_a-mallocr.o)
 .comment       0x0000000000000000       0x24 c:/altera/15.0/nios2eds/bin/gnu/h-x86_64-mingw32/bin/../lib/gcc/nios2-elf/4.9.1/../../../../../H-x86_64-mingw32/nios2-elf/lib\libc.a(lib_a-memchr.o)
 .comment       0x0000000000000000       0x24 c:/altera/15.0/nios2eds/bin/gnu/h-x86_64-mingw32/bin/../lib/gcc/nios2-elf/4.9.1/../../../../../H-x86_64-mingw32/nios2-elf/lib\libc.a(lib_a-memcpy.o)
 .comment       0x0000000000000000       0x24 c:/altera/15.0/nios2eds/bin/gnu/h-x86_64-mingw32/bin/../lib/gcc/nios2-elf/4.9.1/../../../../../H-x86_64-mingw32/nios2-elf/lib\libc.a(lib_a-memmove.o)
 .comment       0x0000000000000000       0x24 c:/altera/15.0/nios2eds/bin/gnu/h-x86_64-mingw32/bin/../lib/gcc/nios2-elf/4.9.1/../../../../../H-x86_64-mingw32/nios2-elf/lib\libc.a(lib_a-memset.o)
 .comment       0x0000000000000000       0x24 c:/altera/15.0/nios2eds/bin/gnu/h-x86_64-mingw32/bin/../lib/gcc/nios2-elf/4.9.1/../../../../../H-x86_64-mingw32/nios2-elf/lib\libc.a(lib_a-mprec.o)
 .comment       0x0000000000000000       0x24 c:/altera/15.0/nios2eds/bin/gnu/h-x86_64-mingw32/bin/../lib/gcc/nios2-elf/4.9.1/../../../../../H-x86_64-mingw32/nios2-elf/lib\libc.a(lib_a-putc.o)
 .comment       0x0000000000000000       0x24 c:/altera/15.0/nios2eds/bin/gnu/h-x86_64-mingw32/bin/../lib/gcc/nios2-elf/4.9.1/../../../../../H-x86_64-mingw32/nios2-elf/lib\libc.a(lib_a-reallocr.o)
 .comment       0x0000000000000000       0x24 c:/altera/15.0/nios2eds/bin/gnu/h-x86_64-mingw32/bin/../lib/gcc/nios2-elf/4.9.1/../../../../../H-x86_64-mingw32/nios2-elf/lib\libc.a(lib_a-s_fpclassify.o)
 .comment       0x0000000000000000       0x24 c:/altera/15.0/nios2eds/bin/gnu/h-x86_64-mingw32/bin/../lib/gcc/nios2-elf/4.9.1/../../../../../H-x86_64-mingw32/nios2-elf/lib\libc.a(lib_a-sbrkr.o)
 .comment       0x0000000000000000       0x24 c:/altera/15.0/nios2eds/bin/gnu/h-x86_64-mingw32/bin/../lib/gcc/nios2-elf/4.9.1/../../../../../H-x86_64-mingw32/nios2-elf/lib\libc.a(lib_a-stdio.o)
 .comment       0x0000000000000000       0x24 c:/altera/15.0/nios2eds/bin/gnu/h-x86_64-mingw32/bin/../lib/gcc/nios2-elf/4.9.1/../../../../../H-x86_64-mingw32/nios2-elf/lib\libc.a(lib_a-strcmp.o)