Archive member included to satisfy reference by file (symbol)

c:/altera/15.0/nios2eds/bin/gnu/h-x86_64-mingw32/bin/../lib/gcc/nios2-elf/4.9.1/../../../../../H-x86_64-mingw32/nios2-elf/lib\libm.a(lib_a-s_floor.o)
                              obj/default/hello_world.o (floor)
c:/altera/15.0/nios2eds/bin/gnu/h-x86_64-mingw32/bin/../lib/gcc/nios2-elf/4.9.1\libgcc.a(adddf3.o)
                              c:/altera/15.0/nios2eds/bin/gnu/h-x86_64-mingw32/bin/../lib/gcc/nios2-elf/4.9.1/../../../../../H-x86_64-mingw32/nios2-elf/lib\libm.a(lib_a-s_floor.o) (__adddf3)
c:/altera/15.0/nios2eds/bin/gnu/h-x86_64-mingw32/bin/../lib/gcc/nios2-elf/4.9.1\libgcc.a(gedf2.o)
                              obj/default/hello_world.o (__gedf2)
c:/altera/15.0/nios2eds/bin/gnu/h-x86_64-mingw32/bin/../lib/gcc/nios2-elf/4.9.1\libgcc.a(ledf2.o)
                              obj/default/hello_world.o (__ledf2)
c:/altera/15.0/nios2eds/bin/gnu/h-x86_64-mingw32/bin/../lib/gcc/nios2-elf/4.9.1\libgcc.a(fixdfsi.o)
                              obj/default/hello_world.o (__fixdfsi)
c:/altera/15.0/nios2eds/bin/gnu/h-x86_64-mingw32/bin/../lib/gcc/nios2-elf/4.9.1\libgcc.a(floatsidf.o)
                              obj/default/hello_world.o (__floatsidf)
c:/altera/15.0/nios2eds/bin/gnu/h-x86_64-mingw32/bin/../lib/gcc/nios2-elf/4.9.1\libgcc.a(_clzsi2.o)
                              c:/altera/15.0/nios2eds/bin/gnu/h-x86_64-mingw32/bin/../lib/gcc/nios2-elf/4.9.1\libgcc.a(adddf3.o) (__clzsi2)
c:/altera/15.0/nios2eds/bin/gnu/h-x86_64-mingw32/bin/../lib/gcc/nios2-elf/4.9.1\libgcc.a(_clz.o)
                              c:/altera/15.0/nios2eds/bin/gnu/h-x86_64-mingw32/bin/../lib/gcc/nios2-elf/4.9.1\libgcc.a(_clzsi2.o) (__clz_tab)
c:/altera/15.0/nios2eds/bin/gnu/h-x86_64-mingw32/bin/../lib/gcc/nios2-elf/4.9.1/../../../../../H-x86_64-mingw32/nios2-elf/lib\libc.a(lib_a-printf.o)
                              obj/default/hello_world.o (printf)
c:/altera/15.0/nios2eds/bin/gnu/h-x86_64-mingw32/bin/../lib/gcc/nios2-elf/4.9.1/../../../../../H-x86_64-mingw32/nios2-elf/lib\libc.a(lib_a-putchar.o)
                              obj/default/hello_world.o (putchar)
c:/altera/15.0/nios2eds/bin/gnu/h-x86_64-mingw32/bin/../lib/gcc/nios2-elf/4.9.1/../../../../../H-x86_64-mingw32/nios2-elf/lib\libc.a(lib_a-puts.o)
                              obj/default/hello_world.o (puts)
c:/altera/15.0/nios2eds/bin/gnu/h-x86_64-mingw32/bin/../lib/gcc/nios2-elf/4.9.1/../../../../../H-x86_64-mingw32/nios2-elf/lib\libc.a(lib_a-sprintf.o)
                              obj/default/hello_world.o (sprintf)
c:/altera/15.0/nios2eds/bin/gnu/h-x86_64-mingw32/bin/../lib/gcc/nios2-elf/4.9.1/../../../../../H-x86_64-mingw32/nios2-elf/lib\libc.a(lib_a-strlen.o)
                              c:/altera/15.0/nios2eds/bin/gnu/h-x86_64-mingw32/bin/../lib/gcc/nios2-elf/4.9.1/../../../../../H-x86_64-mingw32/nios2-elf/lib\libc.a(lib_a-puts.o) (strlen)
c:/altera/15.0/nios2eds/bin/gnu/h-x86_64-mingw32/bin/../lib/gcc/nios2-elf/4.9.1/../../../../../H-x86_64-mingw32/nios2-elf/lib\libc.a(lib_a-svfprintf.o)
                              c:/altera/15.0/nios2eds/bin/gnu/h-x86_64-mingw32/bin/../lib/gcc/nios2-elf/4.9.1/../../../../../H-x86_64-mingw32/nios2-elf/lib\libc.a(lib_a-sprintf.o) (___svfprintf_internal_r)
c:/altera/15.0/nios2eds/bin/gnu/h-x86_64-mingw32/bin/../lib/gcc/nios2-elf/4.9.1/../../../../../H-x86_64-mingw32/nios2-elf/lib\libc.a(lib_a-vfprintf.o)
                              c:/altera/15.0/nios2eds/bin/gnu/h-x86_64-mingw32/bin/../lib/gcc/nios2-elf/4.9.1/../../../../../H-x86_64-mingw32/nios2-elf/lib\libc.a(lib_a-printf.o) (___vfprintf_internal_r)
c:/altera/15.0/nios2eds/bin/gnu/h-x86_64-mingw32/bin/../lib/gcc/nios2-elf/4.9.1/../../../../../H-x86_64-mingw32/nios2-elf/lib\libc.a(lib_a-wsetup.o)
                              c:/altera/15.0/nios2eds/bin/gnu/h-x86_64-mingw32/bin/../lib/gcc/nios2-elf/4.9.1/../../../../../H-x86_64-mingw32/nios2-elf/lib\libc.a(lib_a-vfprintf.o) (__swsetup_r)
c:/altera/15.0/nios2eds/bin/gnu/h-x86_64-mingw32/bin/../lib/gcc/nios2-elf/4.9.1/../../../../../H-x86_64-mingw32/nios2-elf/lib\libc.a(lib_a-dtoa.o)
                              c:/altera/15.0/nios2eds/bin/gnu/h-x86_64-mingw32/bin/../lib/gcc/nios2-elf/4.9.1/../../../../../H-x86_64-mingw32/nios2-elf/lib\libc.a(lib_a-svfprintf.o) (_dtoa_r)
c:/altera/15.0/nios2eds/bin/gnu/h-x86_64-mingw32/bin/../lib/gcc/nios2-elf/4.9.1/../../../../../H-x86_64-mingw32/nios2-elf/lib\libc.a(lib_a-fflush.o)
                              c:/altera/15.0/nios2eds/bin/gnu/h-x86_64-mingw32/bin/../lib/gcc/nios2-elf/4.9.1/../../../../../H-x86_64-mingw32/nios2-elf/lib\libc.a(lib_a-vfprintf.o) (_fflush_r)
c:/altera/15.0/nios2eds/bin/gnu/h-x86_64-mingw32/bin/../lib/gcc/nios2-elf/4.9.1/../../../../../H-x86_64-mingw32/nios2-elf/lib\libc.a(lib_a-findfp.o)
                              c:/altera/15.0/nios2eds/bin/gnu/h-x86_64-mingw32/bin/../lib/gcc/nios2-elf/4.9.1/../../../../../H-x86_64-mingw32/nios2-elf/lib\libc.a(lib_a-vfprintf.o) (__sinit)
[...]
Memory Configuration

Name             Origin             Length             Attributes
reset            0x0000000008000000 0x0000000000000020
sdram            0x0000000008000020 0x0000000003ffffe0
*default*        0x0000000000000000 0xffffffffffffffff

Linker script and memory map

LOAD ../Display_project_bsp//obj/HAL/src/crt0.o
LOAD obj/default/hello_world.o
LOAD c:/altera/15.0/nios2eds/bin/gnu/h-x86_64-mingw32/bin/../lib/gcc/nios2-elf/4.9.1/../../../../../H-x86_64-mingw32/nios2-elf/lib\libstdc++.a
LOAD c:/altera/15.0/nios2eds/bin/gnu/h-x86_64-mingw32/bin/../lib/gcc/nios2-elf/4.9.1/../../../../../H-x86_64-mingw32/nios2-elf/lib\libm.a
LOAD c:/altera/15.0/nios2eds/bin/gnu/h-x86_64-mingw32/bin/../lib/gcc/nios2-elf/4.9.1\libgcc.a
START GROUP
LOAD c:/altera/15.0/nios2eds/bin/gnu/h-x86_64-mingw32/bin/../lib/gcc/nios2-elf/4.9.1/../../../../../H-x86_64-mingw32/nios2-elf/lib\libc.a
LOAD c:/altera/15.0/nios2eds/bin/gnu/h-x86_64-mingw32/bin/../lib/gcc/nios2-elf/4.9.1\libgcc.a
LOAD ../Display_project_bsp/\libhal_bsp.a
LOAD c:/altera/15.0/nios2eds/bin/gnu/h-x86_64-mingw32/bin/../lib/gcc/nios2-elf/4.9.1/../../../../../H-x86_64-mingw32/nios2-elf/lib\libm.a
END GROUP
LOAD c:/altera/15.0/nios2eds/bin/gnu/h-x86_64-mingw32/bin/../lib/gcc/nios2-elf/4.9.1\libgcc.a
                0x0000000008000000                __alt_mem_sdram = 0x8000000

.entry          0x0000000008000000       0x20
 *(.entry)
 .entry         0x0000000008000000       0x20 ../Display_project_bsp//obj/HAL/src/crt0.o
                0x0000000008000000                __reset

.exceptions     0x0000000008000020      0x19c
                0x0000000008000020                PROVIDE (__ram_exceptions_start, ABSOLUTE (.))
                0x0000000008000020                . = ALIGN (0x20)
 *(.irq)
 *(.exceptions.entry.label)
 .exceptions.entry.label
                0x0000000008000020        0x0 ../Display_project_bsp/\libhal_bsp.a(alt_irq_entry.o)
                0x0000000008000020                alt_irq_entry
 .exceptions.entry.label
                0x0000000008000020        0x0 ../Display_project_bsp/\libhal_bsp.a(alt_exception_entry.o)
                0x0000000008000020                alt_exception
 *(.exceptions.entry.user)
 *(.exceptions.entry.ecc_fatal)
 *(.exceptions.entry)
 .exceptions.entry
                0x0000000008000020       0x54 ../Display_project_bsp/\libhal_bsp.a(alt_exception_entry.o)
 *(.exceptions.irqtest.user)
 *(.exceptions.irqtest)
 .exceptions.irqtest
                0x0000000008000074       0x10 ../Display_project_bsp/\libhal_bsp.a(alt_irq_entry.o)
 *(.exceptions.irqhandler.user)
 *(.exceptions.irqhandler)
 .exceptions.irqhandler
                0x0000000008000084        0x4 ../Display_project_bsp/\libhal_bsp.a(alt_irq_entry.o)
 *(.exceptions.irqreturn.user)
 *(.exceptions.irqreturn)
 .exceptions.irqreturn
                0x0000000008000088        0x4 ../Display_project_bsp/\libhal_bsp.a(alt_irq_entry.o)
 *(.exceptions.notirq.label)
 .exceptions.notirq.label
                0x000000000800008c        0x0 ../Display_project_bsp/\libhal_bsp.a(alt_irq_entry.o)
 *(.exceptions.notirq.user)
 *(.exceptions.notirq)
 .exceptions.notirq
                0x000000000800008c        0x8 ../Display_project_bsp/\libhal_bsp.a(alt_exception_entry.o)
 *(.exceptions.soft.user)
 *(.exceptions.soft)
 *(.exceptions.unknown.user)
 *(.exceptions.unknown)
 .exceptions.unknown
                0x0000000008000094        0x4 ../Display_project_bsp/\libhal_bsp.a(alt_exception_entry.o)
 *(.exceptions.exit.label)
 .exceptions.exit.label
                0x0000000008000098        0x0 ../Display_project_bsp/\libhal_bsp.a(alt_irq_entry.o)
 .exceptions.exit.label
                0x0000000008000098        0x0 ../Display_project_bsp/\libhal_bsp.a(alt_exception_entry.o)
 *(.exceptions.exit.user)
 *(.exceptions.exit)
 .exceptions.exit
                0x0000000008000098       0x54 ../Display_project_bsp/\libhal_bsp.a(alt_exception_entry.o)
 *(.exceptions)
 .exceptions    0x00000000080000ec       0xd0 ../Display_project_bsp/\libhal_bsp.a(alt_irq_handler.o)
                0x00000000080000ec                alt_irq_handler
                0x00000000080001bc                PROVIDE (__ram_exceptions_end, ABSOLUTE (.))
                0x0000000008000020                PROVIDE (__flash_exceptions_start, LOADADDR (.exceptions))

.text           0x00000000080001bc    0x14cc8
                0x00000000080001bc                PROVIDE (stext, ABSOLUTE (.))
 *(.interp)
 *(.hash)
 *(.dynsym)
 *(.dynstr)
 *(.gnu.version)
 *(.gnu.version_d)
 *(.gnu.version_r)
 *(.rel.init)
 *(.rela.init)
 *(.rel.text .rel.text.* .rel.gnu.linkonce.t.*)
 *(.rela.text .rela.text.* .rela.gnu.linkonce.t.*)
 *(.rel.fini)
 *(.rela.fini)
 *(.rel.rodata .rel.rodata.* .rel.gnu.linkonce.r.*)
 *(.rela.rodata .rela.rodata.* .rela.gnu.linkonce.r.*)
 *(.rel.data .rel.data.* .rel.gnu.linkonce.d.*)
 *(.rela.data .rela.data.* .rela.gnu.linkonce.d.*)
 *(.rel.tdata .rel.tdata.* .rel.gnu.linkonce.td.*)
 *(.rela.tdata .rela.tdata.* .rela.gnu.linkonce.td.*)
 *(.rel.tbss .rel.tbss.* .rel.gnu.linkonce.tb.*)
 *(.rela.tbss .rela.tbss.* .rela.gnu.linkonce.tb.*)
 *(.rel.ctors)
 *(.rela.ctors)
 *(.rel.dtors)
 *(.rela.dtors)
 *(.rel.got)
 *(.rela.got)
 *(.rel.sdata .rel.sdata.* .rel.gnu.linkonce.s.*)
 *(.rela.sdata .rela.sdata.* .rela.gnu.linkonce.s.*)
 *(.rel.sbss .rel.sbss.* .rel.gnu.linkonce.sb.*)
 *(.rela.sbss .rela.sbss.* .rela.gnu.linkonce.sb.*)
 *(.rel.sdata2 .rel.sdata2.* .rel.gnu.linkonce.s2.*)
 *(.rela.sdata2 .rela.sdata2.* .rela.gnu.linkonce.s2.*)
 *(.rel.sbss2 .rel.sbss2.* .rel.gnu.linkonce.sb2.*)
 *(.rela.sbss2 .rela.sbss2.* .rela.gnu.linkonce.sb2.*)
 *(.rel.bss .rel.bss.* .rel.gnu.linkonce.b.*)
 *(.rela.bss .rela.bss.* .rela.gnu.linkonce.b.*)
 *(.rel.plt)
 *(.rela.plt)
 *(.rel.dyn)
 *(.init)
 *(.plt)
 *(.text .stub .text.* .gnu.linkonce.t.*)
 .text          0x00000000080001bc       0x3c ../Display_project_bsp//obj/HAL/src/crt0.o
                0x00000000080001bc                _start
 .text          0x00000000080001f8     0x253c obj/default/hello_world.o
                0x00000000080001f8                runUltrasonic
                0x0000000008000234                putcharBluetooth
                0x0000000008000290                getcharBluetooth
                0x00000000080002e8                wait
                0x0000000008000344                writeDataToTx
                0x00000000080003d4                readDataFromTx
                0x0000000008000550                initUltrasonic
                0x00000000080005b0                Init_RS232
                0x0000000008000610                putcharRS232
                0x000000000800066c                getbitRS232
                0x00000000080006cc                getcharRS232
                0x000000000800072c                RS232TestForReceivedData
                0x000000000800075c                GetRangeData
                0x00000000080007a4                TurnServo
                0x00000000080007d4                TurnOnLights
                0x0000000008000800                GetButtonPress
                0x0000000008000860                ResolvedRequest
                0x000000000800088c                putCharTouch
                0x00000000080008e4                getCharTouch
                0x000000000800092c                Init_Touch
                0x0000000008000998                ScreenTouched
                0x00000000080009cc                WaitForTouch
                0x00000000080009fc                GetPen
                0x0000000008000b24                GetPress
                0x0000000008000b80                WriteAPixel
                0x0000000008000bfc                ReadAPixel
                0x0000000008000c8c                ProgramPalette
                0x0000000008000d08                DrawHorizontalLine
                0x0000000008000d98                DrawVerticalLine
                0x0000000008000e28                sign
                0x0000000008000e7c                DrawBresenhamLine
                0x0000000008000f1c                DrawFillRect
                0x0000000008000f88                DrawRect
                0x000000000800100c                DrawFillRectBorder
                0x00000000080010f0                OutGraphicsCharFont1
                0x000000000800129c                OutGraphicsCharFont2
                0x000000000800144c                DrawString
                0x0000000008001594                BaseDisplay
                0x0000000008001694                InfoDisplay
                0x0000000008001be8                RequestDisplay
                0x0000000008001c64                RequestDotDisplay
                0x0000000008001cc4                RequestStringDisplay
                0x0000000008001d90                RequestChoice
                0x0000000008001e3c                BaseChoice
                0x0000000008001f10                InfoChoice
                0x0000000008002210                PrintNumbers
                0x00000000080022f0                RunDisplay
                0x00000000080026fc                main
 .text          0x0000000008002734      0x1f4 c:/altera/15.0/nios2eds/bin/gnu/h-x86_64-mingw32/bin/../lib/gcc/nios2-elf/4.9.1/../../../../../H-x86_64-mingw32/nios2-elf/lib\libm.a(lib_a-s_floor.o)
                0x0000000008002734                floor
 .text          0x0000000008002928      0x89c c:/altera/15.0/nios2eds/bin/gnu/h-x86_64-mingw32/bin/../lib/gcc/nios2-elf/4.9.1\libgcc.a(adddf3.o)
                0x0000000008002928                __adddf3
 .text          0x00000000080031c4       0xe0 c:/altera/15.0/nios2eds/bin/gnu/h-x86_64-mingw32/bin/../lib/gcc/nios2-elf/4.9.1\libgcc.a(gedf2.o)
                0x00000000080031c4                __gedf2
                0x00000000080031c4                __gtdf2
 .text          0x00000000080032a4       0xe0 c:/altera/15.0/nios2eds/bin/gnu/h-x86_64-mingw32/bin/../lib/gcc/nios2-elf/4.9.1\libgcc.a(ledf2.o)
                0x00000000080032a4                __ledf2
                0x00000000080032a4                __ltdf2
 .text          0x0000000008003384       0x88 c:/altera/15.0/nios2eds/bin/gnu/h-x86_64-mingw32/bin/../lib/gcc/nios2-elf/4.9.1\libgcc.a(fixdfsi.o)
                0x0000000008003384                __fixdfsi
 .text          0x000000000800340c       0xd0 c:/altera/15.0/nios2eds/bin/gnu/h-x86_64-mingw32/bin/../lib/gcc/nios2-elf/4.9.1\libgcc.a(floatsidf.o)
                0x000000000800340c                __floatsidf
 .text          0x00000000080034dc       0x64 c:/altera/15.0/nios2eds/bin/gnu/h-x86_64-mingw32/bin/../lib/gcc/nios2-elf/4.9.1\libgcc.a(_clzsi2.o)
                0x00000000080034dc                __clzsi2
 .text          0x0000000008003540        0x0 c:/altera/15.0/nios2eds/bin/gnu/h-x86_64-mingw32/bin/../lib/gcc/nios2-elf/4.9.1\libgcc.a(_clz.o)
 .text          0x0000000008003540       0x68 c:/altera/15.0/nios2eds/bin/gnu/h-x86_64-mingw32/bin/../lib/gcc/nios2-elf/4.9.1/../../../../../H-x86_64-mingw32/nios2-elf/lib\libc.a(lib_a-printf.o)
                0x0000000008003540                _printf_r
                0x000000000800356c                printf
 .text          0x00000000080035a8       0x20 c:/altera/15.0/nios2eds/bin/gnu/h-x86_64-mingw32/bin/../lib/gcc/nios2-elf/4.9.1/../../../../../H-x86_64-mingw32/nios2-elf/lib\libc.a(lib_a-putchar.o)
                0x00000000080035a8                _putchar_r
                0x00000000080035b0                putchar
 .text          0x00000000080035c8       0xcc c:/altera/15.0/nios2eds/bin/gnu/h-x86_64-mingw32/bin/../lib/gcc/nios2-elf/4.9.1/../../../../../H-x86_64-mingw32/nios2-elf/lib\libc.a(lib_a-puts.o)
                0x00000000080035c8                _puts_r
                0x0000000008003680                puts
 .text          0x0000000008003694       0xc4 c:/altera/15.0/nios2eds/bin/gnu/h-x86_64-mingw32/bin/../lib/gcc/nios2-elf/4.9.1/../../../../../H-x86_64-mingw32/nios2-elf/lib\libc.a(lib_a-sprintf.o)
                0x0000000008003694                _sprintf_r
                0x00000000080036ec                sprintf
 .text          0x0000000008003758       0x98 c:/altera/15.0/nios2eds/bin/gnu/h-x86_64-mingw32/bin/../lib/gcc/nios2-elf/4.9.1/../../../../../H-x86_64-mingw32/nios2-elf/lib\libc.a(lib_a-strlen.o)
                0x0000000008003758                strlen
 .text          0x00000000080037f0     0x1f90 c:/altera/15.0/nios2eds/bin/gnu/h-x86_64-mingw32/bin/../lib/gcc/nios2-elf/4.9.1/../../../../../H-x86_64-mingw32/nios2-elf/lib\libc.a(lib_a-svfprintf.o)
                0x00000000080037f0                ___svfprintf_internal_r
 .text          0x0000000008005780     0x2020 c:/altera/15.0/nios2eds/bin/gnu/h-x86_64-mingw32/bin/../lib/gcc/nios2-elf/4.9.1/../../../../../H-x86_64-mingw32/nios2-elf/lib\libc.a(lib_a-vfprintf.o)
                0x0000000008005780                ___vfprintf_internal_r
                0x000000000800777c                __vfprintf_internal
 .text          0x00000000080077a0      0x130 c:/altera/15.0/nios2eds/bin/gnu/h-x86_64-mingw32/bin/../lib/gcc/nios2-elf/4.9.1/../../../../../H-x86_64-mingw32/nios2-elf/lib\libc.a(lib_a-wsetup.o)
                0x00000000080077a0                __swsetup_r
 .text          0x00000000080078d0     0x1928 c:/altera/15.0/nios2eds/bin/gnu/h-x86_64-mingw32/bin/../lib/gcc/nios2-elf/4.9.1/../../../../../H-x86_64-mingw32/nios2-elf/lib\libc.a(lib_a-dtoa.o)
                0x0000000008007ad0                _dtoa_r
 .text          0x00000000080091f8      0x258 c:/altera/15.0/nios2eds/bin/gnu/h-x86_64-mingw32/bin/../lib/gcc/nios2-elf/4.9.1/../../../../../H-x86_64-mingw32/nios2-elf/lib\libc.a(lib_a-fflush.o)
                0x00000000080091f8                _fflush_r
                0x0000000008009420                fflush
 .text          0x0000000008009450      0x3a0 c:/altera/15.0/nios2eds/bin/gnu/h-x86_64-mingw32/bin/../lib/gcc/nios2-elf/4.9.1/../../../../../H-x86_64-mingw32/nios2-elf/lib\libc.a(lib_a-findfp.o)
                0x0000000008009460                _cleanup_r
                0x000000000800960c                __sfmoreglue
                0x0000000008009670                __sfp
                0x0000000008009788                _cleanup
                0x00000000080097a0                __sinit
                0x00000000080097b0                __sfp_lock_acquire
                0x00000000080097b4                __sfp_lock_release
                0x00000000080097b8                __sinit_lock_acquire
                0x00000000080097bc                __sinit_lock_release
                0x00000000080097c0                __fp_lock_all
                0x00000000080097d8                __fp_unlock_all
 .text          0x00000000080097f0      0x414 c:/altera/15.0/nios2eds/bin/gnu/h-x86_64-mingw32/bin/../lib/gcc/nios2-elf/4.9.1/../../../../../H-x86_64-mingw32/nios2-elf/lib\libc.a(lib_a-freer.o)
                0x00000000080097f0                _malloc_trim_r
                0x0000000008009914                _free_r
 .text          0x0000000008009c04      0x4a4 c:/altera/15.0/nios2eds/bin/gnu/h-x86_64-mingw32/bin/../lib/gcc/nios2-elf/4.9.1/../../../../../H-x86_64-mingw32/nios2-elf/lib\libc.a(lib_a-fvwrite.o)
                0x0000000008009c04                __sfvwrite_r
 .text          0x000000000800a0a8      0x170 c:/altera/15.0/nios2eds/bin/gnu/h-x86_64-mingw32/bin/../lib/gcc/nios2-elf/4.9.1/../../../../../H-x86_64-mingw32/nios2-elf/lib\libc.a(lib_a-fwalk.o)
                0x000000000800a0a8                _fwalk
                0x000000000800a160                _fwalk_reent
 .text          0x000000000800a218        0x0 c:/altera/15.0/nios2eds/bin/gnu/h-x86_64-mingw32/bin/../lib/gcc/nios2-elf/4.9.1/../../../../../H-x86_64-mingw32/nios2-elf/lib\libc.a(lib_a-impure.o)
 .text          0x000000000800a218       0xe0 c:/altera/15.0/nios2eds/bin/gnu/h-x86_64-mingw32/bin/../lib/gcc/nios2-elf/4.9.1/../../../../../H-x86_64-mingw32/nios2-elf/lib\libc.a(lib_a-locale.o)
                0x000000000800a218                _setlocale_r
                0x000000000800a294                __locale_charset
                0x000000000800a2a0                __locale_mb_cur_max
                0x000000000800a2b0                __locale_msgcharset
                0x000000000800a2bc                __locale_cjk_lang
                0x000000000800a2c4                _localeconv_r
                0x000000000800a2d0                setlocale
                0x000000000800a2ec                localeconv
 .text          0x000000000800a2f8      0x1b8 c:/altera/15.0/nios2eds/bin/gnu/h-x86_64-mingw32/bin/../lib/gcc/nios2-elf/4.9.1/../../../../../H-x86_64-mingw32/nios2-elf/lib\libc.a(lib_a-makebuf.o)
                0x000000000800a2f8                __smakebuf_r
 .text          0x000000000800a4b0      0x7a8 c:/altera/15.0/nios2eds/bin/gnu/h-x86_64-mingw32/bin/../lib/gcc/nios2-elf/4.9.1/../../../../../H-x86_64-mingw32/nios2-elf/lib\libc.a(lib_a-mallocr.o)
                0x000000000800a4b0                _malloc_r
 .text          0x000000000800ac58       0xe8 c:/altera/15.0/nios2eds/bin/gnu/h-x86_64-mingw32/bin/../lib/gcc/nios2-elf/4.9.1/../../../../../H-x86_64-mingw32/nios2-elf/lib\libc.a(lib_a-memchr.o)
                0x000000000800ac58                memchr
 .text          0x000000000800ad40      0x138 c:/altera/15.0/nios2eds/bin/gnu/h-x86_64-mingw32/bin/../lib/gcc/nios2-elf/4.9.1/../../../../../H-x86_64-mingw32/nios2-elf/lib\libc.a(lib_a-memcpy.o)
                0x000000000800ad40                memcpy
 .text          0x000000000800ae78      0x15c c:/altera/15.0/nios2eds/bin/gnu/h-x86_64-mingw32/bin/../lib/gcc/nios2-elf/4.9.1/../../../../../H-x86_64-mingw32/nios2-elf/lib\libc.a(lib_a-memmove.o)
                0x000000000800ae78                memmove
 .text          0x000000000800afd4      0x124 c:/altera/15.0/nios2eds/bin/gnu/h-x86_64-mingw32/bin/../lib/gcc/nios2-elf/4.9.1/../../../../../H-x86_64-mingw32/nios2-elf/lib\libc.a(lib_a-memset.o)
                0x000000000800afd4                memset
 .text          0x000000000800b0f8      0xf8c c:/altera/15.0/nios2eds/bin/gnu/h-x86_64-mingw32/bin/../lib/gcc/nios2-elf/4.9.1/../../../../../H-x86_64-mingw32/nios2-elf/lib\libc.a(lib_a-mprec.o)
                0x000000000800b0f8                _Balloc
                0x000000000800b1a0                _Bfree
                0x000000000800b1c8                __multadd
                0x000000000800b2dc                __s2b
                0x000000000800b3e0                __hi0bits
                0x000000000800b448                __lo0bits
                0x000000000800b4f8                __i2b
                0x000000000800b534                __multiply
                0x000000000800b730                __pow5mult
                0x000000000800b870                __lshift
                0x000000000800b9b8                __mcmp
                0x000000000800ba18                __mdiff
                0x000000000800bbb0                __ulp
                0x000000000800bc10                __b2d
                0x000000000800bd2c                __d2b
                0x000000000800be68                __ratio
                0x000000000800bf0c                _mprec_log10
                0x000000000800bf80                __copybits
                0x000000000800bff8                __any_on
 .text          0x000000000800c084      0x168 c:/altera/15.0/nios2eds/bin/gnu/h-x86_64-mingw32/bin/../lib/gcc/nios2-elf/4.9.1/../../../../../H-x86_64-mingw32/nios2-elf/lib\libc.a(lib_a-putc.o)
                0x000000000800c084                _putc_r
                0x000000000800c124                putc
 .text          0x000000000800c1ec      0x5a0 c:/altera/15.0/nios2eds/bin/gnu/h-x86_64-mingw32/bin/../lib/gcc/nios2-elf/4.9.1/../../../../../H-x86_64-mingw32/nios2-elf/lib\libc.a(lib_a-reallocr.o)
                0x000000000800c1ec                _realloc_r
 .text          0x000000000800c78c       0x74 c:/altera/15.0/nios2eds/bin/gnu/h-x86_64-mingw32/bin/../lib/gcc/nios2-elf/4.9.1/../../../../../H-x86_64-mingw32/nios2-elf/lib\libc.a(lib_a-s_fpclassify.o)
                0x000000000800c78c                __fpclassifyd
 .text          0x000000000800c800       0x54 c:/altera/15.0/nios2eds/bin/gnu/h-x86_64-mingw32/bin/../lib/gcc/nios2-elf/4.9.1/../../../../../H-x86_64-mingw32/nios2-elf/lib\libc.a(lib_a-sbrkr.o)
                0x000000000800c800                _sbrk_r
 .text          0x000000000800c854      0x13c c:/altera/15.0/nios2eds/bin/gnu/h-x86_64-mingw32/bin/../lib/gcc/nios2-elf/4.9.1/../../../../../H-x86_64-mingw32/nios2-elf/lib\libc.a(lib_a-stdio.o)
                0x000000000800c854                __sread
                0x000000000800c8a8                __seofread
                0x000000000800c8b0                __swrite
                0x000000000800c92c                __sseek
                0x000000000800c988                __sclose
 .text          0x000000000800c990       0xa4 c:/altera/15.0/nios2eds/bin/gnu/h-x86_64-mingw32/bin/../lib/gcc/nios2-elf/4.9.1/../../../../../H-x86_64-mingw32/nios2-elf/lib\libc.a(lib_a-strcmp.o)
                0x000000000800c990                strcmp
 .text          0x000000000800ca34     0x1230 c:/altera/15.0/nios2eds/bin/gnu/h-x86_64-mingw32/bin/../lib/gcc/nios2-elf/4.9.1/../../../../../H-x86_64-mingw32/nios2-elf/lib\libc.a(lib_a-svfiprintf.o)
                0x000000000800ca34                __ssprint_r
                0x000000000800cbfc                ___svfiprintf_internal_r
 .text          0x000000000800dc64     0x1494 c:/altera/15.0/nios2eds/bin/gnu/h-x86_64-mingw32/bin/../lib/gcc/nios2-elf/4.9.1/../../../../../H-x86_64-mingw32/nios2-elf/lib\libc.a(lib_a-vfiprintf.o)
                0x000000000800dd60                __sprint_r
                0x000000000800dd78                ___vfiprintf_internal_r
                0x000000000800f0d4                __vfiprintf_internal
 .text          0x000000000800f0f8      0x170 c:/altera/15.0/nios2eds/bin/gnu/h-x86_64-mingw32/bin/../lib/gcc/nios2-elf/4.9.1/../../../../../H-x86_64-mingw32/nios2-elf/lib\libc.a(lib_a-wbuf.o)
                0x000000000800f0f8                __swbuf_r
                0x000000000800f24c                __swbuf
 .text          0x000000000800f268       0x5c c:/altera/15.0/nios2eds/bin/gnu/h-x86_64-mingw32/bin/../lib/gcc/nios2-elf/4.9.1/../../../../../H-x86_64-mingw32/nios2-elf/lib\libc.a(lib_a-writer.o)
                0x000000000800f268                _write_r
 .text          0x000000000800f2c4       0x54 c:/altera/15.0/nios2eds/bin/gnu/h-x86_64-mingw32/bin/../lib/gcc/nios2-elf/4.9.1/../../../../../H-x86_64-mingw32/nios2-elf/lib\libc.a(closer.o)
                0x000000000800f2c4                _close_r
 .text          0x000000000800f318       0xc4 c:/altera/15.0/nios2eds/bin/gnu/h-x86_64-mingw32/bin/../lib/gcc/nios2-elf/4.9.1/../../../../../H-x86_64-mingw32/nios2-elf/lib\libc.a(lib_a-callocr.o)
                0x000000000800f318                _calloc_r
 .text          0x000000000800f3dc      0x114 c:/altera/15.0/nios2eds/bin/gnu/h-x86_64-mingw32/bin/../lib/gcc/nios2-elf/4.9.1/../../../../../H-x86_64-mingw32/nios2-elf/lib\libc.a(lib_a-fclose.o)
                0x000000000800f3dc                _fclose_r
                0x000000000800f4dc                fclose
 .text          0x000000000800f4f0      0x1dc c:/altera/15.0/nios2eds/bin/gnu/h-x86_64-mingw32/bin/../lib/gcc/nios2-elf/4.9.1/../../../../../H-x86_64-mingw32/nios2-elf/lib\libc.a(lib_a-fputwc.o)
                0x000000000800f4f0                _fputwc_r
                0x000000000800f674                fputwc
 .text          0x000000000800f6cc       0x58 c:/altera/15.0/nios2eds/bin/gnu/h-x86_64-mingw32/bin/../lib/gcc/nios2-elf/4.9.1/../../../../../H-x86_64-mingw32/nios2-elf/lib\libc.a(lib_a-fstatr.o)
                0x000000000800f6cc                _fstat_r
 .text          0x000000000800f724        0x0 c:/altera/15.0/nios2eds/bin/gnu/h-x86_64-mingw32/bin/../lib/gcc/nios2-elf/4.9.1/../../../../../H-x86_64-mingw32/nios2-elf/lib\libc.a(lib_a-int_errno.o)
 .text          0x000000000800f724       0x54 c:/altera/15.0/nios2eds/bin/gnu/h-x86_64-mingw32/bin/../lib/gcc/nios2-elf/4.9.1/../../../../../H-x86_64-mingw32/nios2-elf/lib\libc.a(lib_a-isattyr.o)
                0x000000000800f724                _isatty_r
 .text          0x000000000800f778       0x5c c:/altera/15.0/nios2eds/bin/gnu/h-x86_64-mingw32/bin/../lib/gcc/nios2-elf/4.9.1/../../../../../H-x86_64-mingw32/nios2-elf/lib\libc.a(lib_a-lseekr.o)
                0x000000000800f778                _lseek_r
 .text          0x000000000800f7d4       0x5c c:/altera/15.0/nios2eds/bin/gnu/h-x86_64-mingw32/bin/../lib/gcc/nios2-elf/4.9.1/../../../../../H-x86_64-mingw32/nios2-elf/lib\libc.a(lib_a-readr.o)
                0x000000000800f7d4                _read_r
 .text          0x000000000800f830      0x174 c:/altera/15.0/nios2eds/bin/gnu/h-x86_64-mingw32/bin/../lib/gcc/nios2-elf/4.9.1/../../../../../H-x86_64-mingw32/nios2-elf/lib\libc.a(lib_a-wcrtomb.o)
                0x000000000800f830                _wcrtomb_r
                0x000000000800f8cc                wcrtomb
 .text          0x000000000800f9a4       0x8c c:/altera/15.0/nios2eds/bin/gnu/h-x86_64-mingw32/bin/../lib/gcc/nios2-elf/4.9.1/../../../../../H-x86_64-mingw32/nios2-elf/lib\libc.a(lib_a-wctomb_r.o)
                0x000000000800f9a4                __ascii_wctomb
                0x000000000800f9d4                _wctomb_r
 .text          0x000000000800fa30      0x5c0 c:/altera/15.0/nios2eds/bin/gnu/h-x86_64-mingw32/bin/../lib/gcc/nios2-elf/4.9.1\libgcc.a(_udivdi3.o)
                0x000000000800fa30                __udivdi3
 .text          0x000000000800fff0      0x590 c:/altera/15.0/nios2eds/bin/gnu/h-x86_64-mingw32/bin/../lib/gcc/nios2-elf/4.9.1\libgcc.a(_umoddi3.o)
                0x000000000800fff0                __umoddi3
 .text          0x0000000008010580      0x12c c:/altera/15.0/nios2eds/bin/gnu/h-x86_64-mingw32/bin/../lib/gcc/nios2-elf/4.9.1\libgcc.a(lib2-divmod.o)
                0x00000000080105ec                __divsi3
                0x0000000008010640                __modsi3
                0x000000000801069c                __udivsi3
                0x00000000080106a4                __umodsi3
 .text          0x00000000080106ac      0x8cc c:/altera/15.0/nios2eds/bin/gnu/h-x86_64-mingw32/bin/../lib/gcc/nios2-elf/4.9.1\libgcc.a(divdf3.o)
                0x00000000080106ac                __divdf3
 .text          0x0000000008010f78       0x84 c:/altera/15.0/nios2eds/bin/gnu/h-x86_64-mingw32/bin/../lib/gcc/nios2-elf/4.9.1\libgcc.a(eqdf2.o)
                0x0000000008010f78                __nedf2
                0x0000000008010f78                __eqdf2
 .text          0x0000000008010ffc      0x724 c:/altera/15.0/nios2eds/bin/gnu/h-x86_64-mingw32/bin/../lib/gcc/nios2-elf/4.9.1\libgcc.a(muldf3.o)
                0x0000000008010ffc                __muldf3
 .text          0x0000000008011720      0x8d0 c:/altera/15.0/nios2eds/bin/gnu/h-x86_64-mingw32/bin/../lib/gcc/nios2-elf/4.9.1\libgcc.a(subdf3.o)
                0x0000000008011720                __subdf3
 .text          0x0000000008011ff0       0xa4 c:/altera/15.0/nios2eds/bin/gnu/h-x86_64-mingw32/bin/../lib/gcc/nios2-elf/4.9.1\libgcc.a(floatunsidf.o)
                0x0000000008011ff0                __floatunsidf
 .text          0x0000000008012094      0x120 ../Display_project_bsp/\libhal_bsp.a(alt_close.o)
                0x00000000080120e4                close
 .text          0x00000000080121b4       0x2c ../Display_project_bsp/\libhal_bsp.a(alt_dev.o)
 .text          0x00000000080121e0        0x0 ../Display_project_bsp/\libhal_bsp.a(alt_errno.o)
 .text          0x00000000080121e0      0x100 ../Display_project_bsp/\libhal_bsp.a(alt_fstat.o)
                0x0000000008012230                fstat
 .text          0x00000000080122e0       0xf4 ../Display_project_bsp/\libhal_bsp.a(alt_isatty.o)
                0x0000000008012330                isatty
 .text          0x00000000080123d4       0xe4 ../Display_project_bsp/\libhal_bsp.a(alt_load.o)
                0x0000000008012438                alt_load
 .text          0x00000000080124b8      0x124 ../Display_project_bsp/\libhal_bsp.a(alt_lseek.o)
                0x0000000008012508                lseek
 .text          0x00000000080125dc       0x78 ../Display_project_bsp/\libhal_bsp.a(alt_main.o)
                0x00000000080125dc                alt_main
 .text          0x0000000008012654       0x40 ../Display_project_bsp/\libhal_bsp.a(alt_malloc_lock.o)
                0x0000000008012654                __malloc_lock
                0x0000000008012674                __malloc_unlock
 .text          0x0000000008012694      0x14c ../Display_project_bsp/\libhal_bsp.a(alt_read.o)
                0x00000000080126e4                read
 .text          0x00000000080127e0       0x60 ../Display_project_bsp/\libhal_bsp.a(alt_release_fd.o)
                0x00000000080127e0                alt_release_fd
 .text          0x0000000008012840       0xb0 ../Display_project_bsp/\libhal_bsp.a(alt_sbrk.o)
                0x0000000008012840                sbrk
 .text          0x00000000080128f0       0x30 ../Display_project_bsp/\libhal_bsp.a(alt_usleep.o)
                0x00000000080128f0                usleep
 .text          0x0000000008012920      0x148 ../Display_project_bsp/\libhal_bsp.a(alt_write.o)
                0x0000000008012970                write
 .text          0x0000000008012a68       0xdc ../Display_project_bsp/\libhal_bsp.a(alt_sys_init.o)
                0x0000000008012aa0                alt_irq_init
                0x0000000008012ad4                alt_sys_init
 .text          0x0000000008012b44      0x164 ../Display_project_bsp/\libhal_bsp.a(altera_avalon_jtag_uart_fd.o)
                0x0000000008012b44                altera_avalon_jtag_uart_read_fd
                0x0000000008012ba4                altera_avalon_jtag_uart_write_fd
                0x0000000008012c04                altera_avalon_jtag_uart_close_fd
                0x0000000008012c54                altera_avalon_jtag_uart_ioctl_fd
 .text          0x0000000008012ca8      0x3d8 ../Display_project_bsp/\libhal_bsp.a(altera_avalon_jtag_uart_init.o)
                0x0000000008012ca8                altera_avalon_jtag_uart_init
                0x0000000008013018                altera_avalon_jtag_uart_close
 .text          0x0000000008013080       0xec ../Display_project_bsp/\libhal_bsp.a(altera_avalon_jtag_uart_ioctl.o)
                0x0000000008013080                altera_avalon_jtag_uart_ioctl
 .text          0x000000000801316c      0x20c ../Display_project_bsp/\libhal_bsp.a(altera_avalon_jtag_uart_read.o)
                0x000000000801316c                altera_avalon_jtag_uart_read
 .text          0x0000000008013378      0x218 ../Display_project_bsp/\libhal_bsp.a(altera_avalon_jtag_uart_write.o)
                0x0000000008013378                altera_avalon_jtag_uart_write
 .text          0x0000000008013590       0xfc ../Display_project_bsp/\libhal_bsp.a(altera_avalon_timer_sc.o)
                0x0000000008013604                alt_avalon_timer_sc_init
 .text          0x000000000801368c      0x4d8 ../Display_project_bsp/\libhal_bsp.a(altera_up_avalon_character_lcd.o)
                0x000000000801368c                get_DDRAM_addr
                0x0000000008013700                alt_up_character_lcd_send_cmd
                0x000000000801373c                alt_up_character_lcd_init
                0x0000000008013770                alt_up_character_lcd_open_dev
                0x00000000080137b0                alt_up_character_lcd_write
                0x0000000008013828                alt_up_character_lcd_string
                0x000000000801389c                alt_up_character_lcd_write_fd
                0x00000000080138ec                alt_up_character_lcd_set_cursor_pos
                0x0000000008013960                alt_up_character_lcd_shift_cursor
                0x00000000080139e8                alt_up_character_lcd_shift_display
                0x0000000008013a70                alt_up_character_lcd_erase_pos
                0x0000000008013afc                alt_up_character_lcd_cursor_off
                0x0000000008013b30                alt_up_character_lcd_cursor_blink_on
 .text          0x0000000008013b64      0x140 ../Display_project_bsp/\libhal_bsp.a(alt_alarm_start.o)
                0x0000000008013b64                alt_alarm_start
 .text          0x0000000008013ca4      0x128 ../Display_project_bsp/\libhal_bsp.a(alt_busy_sleep.o)
                0x0000000008013ca4                alt_busy_sleep
 .text          0x0000000008013dcc       0x1c ../Display_project_bsp/\libhal_bsp.a(alt_dcache_flush_all.o)
                0x0000000008013dcc                alt_dcache_flush_all
 .text          0x0000000008013de8       0xf4 ../Display_project_bsp/\libhal_bsp.a(alt_dev_llist_insert.o)
                0x0000000008013e38                alt_dev_llist_insert
 .text          0x0000000008013edc       0x5c ../Display_project_bsp/\libhal_bsp.a(alt_do_ctors.o)
                0x0000000008013edc                _do_ctors
 .text          0x0000000008013f38       0x5c ../Display_project_bsp/\libhal_bsp.a(alt_do_dtors.o)
                0x0000000008013f38                _do_dtors
 .text          0x0000000008013f94       0x90 ../Display_project_bsp/\libhal_bsp.a(alt_find_dev.o)
                0x0000000008013f94                alt_find_dev
 .text          0x0000000008014024       0x30 ../Display_project_bsp/\libhal_bsp.a(alt_icache_flush_all.o)
                0x0000000008014024                alt_icache_flush_all
 .text          0x0000000008014054      0x1e0 ../Display_project_bsp/\libhal_bsp.a(alt_iic.o)
                0x0000000008014054                alt_ic_isr_register
                0x00000000080140a4                alt_ic_irq_enable
                0x0000000008014144                alt_ic_irq_disable
                0x00000000080141e8                alt_ic_irq_enabled
 .text          0x0000000008014234       0xf0 ../Display_project_bsp/\libhal_bsp.a(alt_iic_isr_register.o)
                0x0000000008014234                alt_iic_isr_register
 .text          0x0000000008014324      0x138 ../Display_project_bsp/\libhal_bsp.a(alt_io_redirect.o)
                0x00000000080143e4                alt_io_redirect
 .text          0x000000000801445c        0x0 ../Display_project_bsp/\libhal_bsp.a(alt_irq_entry.o)
 .text          0x000000000801445c        0x0 ../Display_project_bsp/\libhal_bsp.a(alt_irq_handler.o)
 .text          0x000000000801445c        0x0 ../Display_project_bsp/\libhal_bsp.a(alt_irq_vars.o)
 .text          0x000000000801445c      0x274 ../Display_project_bsp/\libhal_bsp.a(alt_open.o)
                0x0000000008014578                open
 .text          0x00000000080146d0      0x19c ../Display_project_bsp/\libhal_bsp.a(alt_tick.o)
                0x00000000080146d0                alt_alarm_stop
                0x0000000008014768                alt_tick
 .text          0x000000000801486c       0x20 ../Display_project_bsp/\libhal_bsp.a(altera_nios2_qsys_irq.o)
                0x000000000801486c                altera_nios2_qsys_irq_init
 .text          0x000000000801488c        0x0 ../Display_project_bsp/\libhal_bsp.a(alt_exception_entry.o)
 .text          0x000000000801488c      0x114 ../Display_project_bsp/\libhal_bsp.a(alt_find_file.o)
                0x000000000801488c                alt_find_file
 .text          0x00000000080149a0       0xb4 ../Display_project_bsp/\libhal_bsp.a(alt_get_fd.o)
                0x00000000080149a0                alt_get_fd
 .text          0x0000000008014a54       0x8c ../Display_project_bsp/\libhal_bsp.a(alt_icache_flush.o)
                0x0000000008014a54                alt_icache_flush
 .text          0x0000000008014ae0       0x14 c:/altera/15.0/nios2eds/bin/gnu/h-x86_64-mingw32/bin/../lib/gcc/nios2-elf/4.9.1/../../../../../H-x86_64-mingw32/nios2-elf/lib\libc.a(lib_a-atexit.o)
                0x0000000008014ae0                atexit
 .text          0x0000000008014af4       0x38 c:/altera/15.0/nios2eds/bin/gnu/h-x86_64-mingw32/bin/../lib/gcc/nios2-elf/4.9.1/../../../../../H-x86_64-mingw32/nios2-elf/lib\libc.a(lib_a-exit.o)
                0x0000000008014af4                exit
 .text          0x0000000008014b2c       0x7c c:/altera/15.0/nios2eds/bin/gnu/h-x86_64-mingw32/bin/../lib/gcc/nios2-elf/4.9.1/../../../../../H-x86_64-mingw32/nios2-elf/lib\libc.a(lib_a-memcmp.o)
                0x0000000008014b2c                memcmp
 .text          0x0000000008014ba8      0x114 c:/altera/15.0/nios2eds/bin/gnu/h-x86_64-mingw32/bin/../lib/gcc/nios2-elf/4.9.1/../../../../../H-x86_64-mingw32/nios2-elf/lib\libc.a(lib_a-__atexit.o)
                0x0000000008014ba8                __register_exitproc
 .text          0x0000000008014cbc      0x194 c:/altera/15.0/nios2eds/bin/gnu/h-x86_64-mingw32/bin/../lib/gcc/nios2-elf/4.9.1/../../../../../H-x86_64-mingw32/nios2-elf/lib\libc.a(lib_a-__call_atexit.o)
                0x0000000008014cbc                __call_exitprocs
 .text          0x0000000008014e50       0x34 ../Display_project_bsp/\libhal_bsp.a(alt_exit.o)
                0x0000000008014e50                _exit
 *(.gnu.warning.*)
 *(.fini)
                0x0000000008014e84                PROVIDE (__etext, ABSOLUTE (.))
                0x0000000008014e84                PROVIDE (_etext, ABSOLUTE (.))
                0x0000000008014e84                PROVIDE (etext, ABSOLUTE (.))
 *(.eh_frame_hdr)
                0x0000000008014e84                . = ALIGN (0x4)
                0x0000000008014e84                PROVIDE (__preinit_array_start, ABSOLUTE (.))
 *(.preinit_array)
                0x0000000008014e84                PROVIDE (__preinit_array_end, ABSOLUTE (.))
                0x0000000008014e84                PROVIDE (__init_array_start, ABSOLUTE (.))
 *(.init_array)
                0x0000000008014e84                PROVIDE (__init_array_end, ABSOLUTE (.))
                0x0000000008014e84                PROVIDE (__fini_array_start, ABSOLUTE (.))
 *(.fini_array)
                0x0000000008014e84                PROVIDE (__fini_array_end, ABSOLUTE (.))
 *(.eh_frame)
 *(.gcc_except_table .gcc_except_table.*)
 *(.dynamic)
                0x0000000008014e84                PROVIDE (__CTOR_LIST__, ABSOLUTE (.))
 *(.ctors)
 *(SORT(.ctors.*))
                0x0000000008014e84                PROVIDE (__CTOR_END__, ABSOLUTE (.))
                0x0000000008014e84                PROVIDE (__DTOR_LIST__, ABSOLUTE (.))
 *(.dtors)
 *(SORT(.dtors.*))
                0x0000000008014e84                PROVIDE (__DTOR_END__, ABSOLUTE (.))
 *(.jcr)
                0x0000000008014e84                . = ALIGN (0x4)

.rodata         0x0000000008014e84     0xaa54
                0x0000000008014e84                PROVIDE (__ram_rodata_start, ABSOLUTE (.))
                0x0000000008014e84                . = ALIGN (0x4)
 *(.rodata .rodata.* .gnu.linkonce.r.*)
 .rodata        0x0000000008014e84     0xa6fc obj/default/hello_world.o
                0x0000000008014e84                Font5x7
                0x000000000801511e                Font10x14
                0x0000000008015b82                Font16x27
                0x0000000008016f8c                Font22x40
                0x0000000008019c14                Font38x59
 .rodata        0x000000000801f580      0x100 c:/altera/15.0/nios2eds/bin/gnu/h-x86_64-mingw32/bin/../lib/gcc/nios2-elf/4.9.1\libgcc.a(_clz.o)
                0x000000000801f580                __clz_tab
 .rodata.str1.4
                0x000000000801f680        0x2 c:/altera/15.0/nios2eds/bin/gnu/h-x86_64-mingw32/bin/../lib/gcc/nios2-elf/4.9.1/../../../../../H-x86_64-mingw32/nios2-elf/lib\libc.a(lib_a-puts.o)
                                          0x4 (size before relaxing)
 *fill*         0x000000000801f682        0x2 
 .rodata.str1.4
                0x000000000801f684       0x42 c:/altera/15.0/nios2eds/bin/gnu/h-x86_64-mingw32/bin/../lib/gcc/nios2-elf/4.9.1/../../../../../H-x86_64-mingw32/nios2-elf/lib\libc.a(lib_a-svfprintf.o)
                                         0x44 (size before relaxing)
 .rodata        0x000000000801f6c6       0x20 c:/altera/15.0/nios2eds/bin/gnu/h-x86_64-mingw32/bin/../lib/gcc/nios2-elf/4.9.1/../../../../../H-x86_64-mingw32/nios2-elf/lib\libc.a(lib_a-svfprintf.o)
 .rodata.str1.4
                0x0000000000000000       0x44 c:/altera/15.0/nios2eds/bin/gnu/h-x86_64-mingw32/bin/../lib/gcc/nios2-elf/4.9.1/../../../../../H-x86_64-mingw32/nios2-elf/lib\libc.a(lib_a-vfprintf.o)
 .rodata        0x000000000801f6e6       0x20 c:/altera/15.0/nios2eds/bin/gnu/h-x86_64-mingw32/bin/../lib/gcc/nios2-elf/4.9.1/../../../../../H-x86_64-mingw32/nios2-elf/lib\libc.a(lib_a-vfprintf.o)
 *fill*         0x000000000801f706        0x2 
 .rodata.str1.4
                0x000000000801f708       0x10 c:/altera/15.0/nios2eds/bin/gnu/h-x86_64-mingw32/bin/../lib/gcc/nios2-elf/4.9.1/../../../../../H-x86_64-mingw32/nios2-elf/lib\libc.a(lib_a-dtoa.o)
                                         0x14 (size before relaxing)
 .rodata.str1.4
                0x000000000801f718        0x2 c:/altera/15.0/nios2eds/bin/gnu/h-x86_64-mingw32/bin/../lib/gcc/nios2-elf/4.9.1/../../../../../H-x86_64-mingw32/nios2-elf/lib\libc.a(lib_a-impure.o)
                                          0x4 (size before relaxing)
 *fill*         0x000000000801f71a        0x2 
 .rodata.str1.4
                0x000000000801f71c        0xc c:/altera/15.0/nios2eds/bin/gnu/h-x86_64-mingw32/bin/../lib/gcc/nios2-elf/4.9.1/../../../../../H-x86_64-mingw32/nios2-elf/lib\libc.a(lib_a-locale.o)
                                         0x14 (size before relaxing)
 .rodata        0x000000000801f728      0x124 c:/altera/15.0/nios2eds/bin/gnu/h-x86_64-mingw32/bin/../lib/gcc/nios2-elf/4.9.1/../../../../../H-x86_64-mingw32/nios2-elf/lib\libc.a(lib_a-mprec.o)
                0x000000000801f734                __mprec_tinytens
                0x000000000801f75c                __mprec_bigtens
                0x000000000801f784                __mprec_tens
 .rodata.str1.4
                0x0000000000000000       0x30 c:/altera/15.0/nios2eds/bin/gnu/h-x86_64-mingw32/bin/../lib/gcc/nios2-elf/4.9.1/../../../../../H-x86_64-mingw32/nios2-elf/lib\libc.a(lib_a-svfiprintf.o)
 .rodata        0x000000000801f84c       0x20 c:/altera/15.0/nios2eds/bin/gnu/h-x86_64-mingw32/bin/../lib/gcc/nios2-elf/4.9.1/../../../../../H-x86_64-mingw32/nios2-elf/lib\libc.a(lib_a-svfiprintf.o)
 .rodata.str1.4
                0x0000000000000000       0x30 c:/altera/15.0/nios2eds/bin/gnu/h-x86_64-mingw32/bin/../lib/gcc/nios2-elf/4.9.1/../../../../../H-x86_64-mingw32/nios2-elf/lib\libc.a(lib_a-vfiprintf.o)
 .rodata        0x000000000801f86c       0x20 c:/altera/15.0/nios2eds/bin/gnu/h-x86_64-mingw32/bin/../lib/gcc/nios2-elf/4.9.1/../../../../../H-x86_64-mingw32/nios2-elf/lib\libc.a(lib_a-vfiprintf.o)
 .rodata        0x000000000801f88c        0xc ../Display_project_bsp/\libhal_bsp.a(alt_dev.o)
 .rodata        0x000000000801f898       0x14 ../Display_project_bsp/\libhal_bsp.a(alt_main.o)
 .rodata        0x000000000801f8ac       0x2c ../Display_project_bsp/\libhal_bsp.a(alt_sys_init.o)
 *(.rodata1)
                0x000000000801f8d8                . = ALIGN (0x4)
                0x000000000801f8d8                PROVIDE (__ram_rodata_end, ABSOLUTE (.))
                0x0000000008014e84                PROVIDE (__flash_rodata_start, LOADADDR (.rodata))

.rwdata         0x000000000801f8d8     0x1b18 load address 0x00000000080213f0
                0x000000000801f8d8                PROVIDE (__ram_rwdata_start, ABSOLUTE (.))
                0x000000000801f8d8                . = ALIGN (0x4)
 *(.got.plt)
 *(.got)
 *(.data1)
 *(.data .data.* .gnu.linkonce.d.*)
 .data          0x000000000801f8d8        0x0 ../Display_project_bsp//obj/HAL/src/crt0.o
 .data          0x000000000801f8d8        0x0 obj/default/hello_world.o
 .data          0x000000000801f8d8        0x0 c:/altera/15.0/nios2eds/bin/gnu/h-x86_64-mingw32/bin/../lib/gcc/nios2-elf/4.9.1/../../../../../H-x86_64-mingw32/nios2-elf/lib\libm.a(lib_a-s_floor.o)
 .data          0x000000000801f8d8        0x0 c:/altera/15.0/nios2eds/bin/gnu/h-x86_64-mingw32/bin/../lib/gcc/nios2-elf/4.9.1\libgcc.a(adddf3.o)
 .data          0x000000000801f8d8        0x0 c:/altera/15.0/nios2eds/bin/gnu/h-x86_64-mingw32/bin/../lib/gcc/nios2-elf/4.9.1\libgcc.a(gedf2.o)
 .data          0x000000000801f8d8        0x0 c:/altera/15.0/nios2eds/bin/gnu/h-x86_64-mingw32/bin/../lib/gcc/nios2-elf/4.9.1\libgcc.a(ledf2.o)
 .data          0x000000000801f8d8        0x0 c:/altera/15.0/nios2eds/bin/gnu/h-x86_64-mingw32/bin/../lib/gcc/nios2-elf/4.9.1\libgcc.a(fixdfsi.o)
 .data          0x000000000801f8d8        0x0 c:/altera/15.0/nios2eds/bin/gnu/h-x86_64-mingw32/bin/../lib/gcc/nios2-elf/4.9.1\libgcc.a(floatsidf.o)
 .data          0x000000000801f8d8        0x0 c:/altera/15.0/nios2eds/bin/gnu/h-x86_64-mingw32/bin/../lib/gcc/nios2-elf/4.9.1\libgcc.a(_clzsi2.o)
 .data          0x000000000801f8d8        0x0 c:/altera/15.0/nios2eds/bin/gnu/h-x86_64-mingw32/bin/../lib/gcc/nios2-elf/4.9.1\libgcc.a(_clz.o)
 .data          0x000000000801f8d8        0x0 c:/altera/15.0/nios2eds/bin/gnu/h-x86_64-mingw32/bin/../lib/gcc/nios2-elf/4.9.1/../../../../../H-x86_64-mingw32/nios2-elf/lib\libc.a(lib_a-printf.o)
 .data          0x000000000801f8d8        0x0 c:/altera/15.0/nios2eds/bin/gnu/h-x86_64-mingw32/bin/../lib/gcc/nios2-elf/4.9.1/../../../../../H-x86_64-mingw32/nios2-elf/lib\libc.a(lib_a-putchar.o)
 .data          0x000000000801f8d8        0x0 c:/altera/15.0/nios2eds/bin/gnu/h-x86_64-mingw32/bin/../lib/gcc/nios2-elf/4.9.1/../../../../../H-x86_64-mingw32/nios2-elf/lib\libc.a(lib_a-puts.o)
 .data          0x000000000801f8d8        0x0 c:/altera/15.0/nios2eds/bin/gnu/h-x86_64-mingw32/bin/../lib/gcc/nios2-elf/4.9.1/../../../../../H-x86_64-mingw32/nios2-elf/lib\libc.a(lib_a-sprintf.o)
 .data          0x000000000801f8d8        0x0 c:/altera/15.0/nios2eds/bin/gnu/h-x86_64-mingw32/bin/../lib/gcc/nios2-elf/4.9.1/../../../../../H-x86_64-mingw32/nios2-elf/lib\libc.a(lib_a-strlen.o)
 .data          0x000000000801f8d8        0x0 c:/altera/15.0/nios2eds/bin/gnu/h-x86_64-mingw32/bin/../lib/gcc/nios2-elf/4.9.1/../../../../../H-x86_64-mingw32/nios2-elf/lib\libc.a(lib_a-svfprintf.o)
 .data          0x000000000801f8d8        0x0 c:/altera/15.0/nios2eds/bin/gnu/h-x86_64-mingw32/bin/../lib/gcc/nios2-elf/4.9.1/../../../../../H-x86_64-mingw32/nios2-elf/lib\libc.a(lib_a-vfprintf.o)
 .data          0x000000000801f8d8        0x0 c:/altera/15.0/nios2eds/bin/gnu/h-x86_64-mingw32/bin/../lib/gcc/nios2-elf/4.9.1/../../../../../H-x86_64-mingw32/nios2-elf/lib\libc.a(lib_a-wsetup.o)
 .data          0x000000000801f8d8        0x0 c:/altera/15.0/nios2eds/bin/gnu/h-x86_64-mingw32/bin/../lib/gcc/nios2-elf/4.9.1/../../../../../H-x86_64-mingw32/nios2-elf/lib\libc.a(lib_a-dtoa.o)
 .data          0x000000000801f8d8        0x0 c:/altera/15.0/nios2eds/bin/gnu/h-x86_64-mingw32/bin/../lib/gcc/nios2-elf/4.9.1/../../../../../H-x86_64-mingw32/nios2-elf/lib\libc.a(lib_a-fflush.o)
 .data          0x000000000801f8d8        0x0 c:/altera/15.0/nios2eds/bin/gnu/h-x86_64-mingw32/bin/../lib/gcc/nios2-elf/4.9.1/../../../../../H-x86_64-mingw32/nios2-elf/lib\libc.a(lib_a-findfp.o)
 .data          0x000000000801f8d8        0x0 c:/altera/15.0/nios2eds/bin/gnu/h-x86_64-mingw32/bin/../lib/gcc/nios2-elf/4.9.1/../../../../../H-x86_64-mingw32/nios2-elf/lib\libc.a(lib_a-freer.o)
 .data          0x000000000801f8d8        0x0 c:/altera/15.0/nios2eds/bin/gnu/h-x86_64-mingw32/bin/../lib/gcc/nios2-elf/4.9.1/../../../../../H-x86_64-mingw32/nios2-elf/lib\libc.a(lib_a-fvwrite.o)
 .data          0x000000000801f8d8        0x0 c:/altera/15.0/nios2eds/bin/gnu/h-x86_64-mingw32/bin/../lib/gcc/nios2-elf/4.9.1/../../../../../H-x86_64-mingw32/nios2-elf/lib\libc.a(lib_a-fwalk.o)
 .data          0x000000000801f8d8      0x424 c:/altera/15.0/nios2eds/bin/gnu/h-x86_64-mingw32/bin/../lib/gcc/nios2-elf/4.9.1/../../../../../H-x86_64-mingw32/nios2-elf/lib\libc.a(lib_a-impure.o)
 .data          0x000000000801fcfc       0x78 c:/altera/15.0/nios2eds/bin/gnu/h-x86_64-mingw32/bin/../lib/gcc/nios2-elf/4.9.1/../../../../../H-x86_64-mingw32/nios2-elf/lib\libc.a(lib_a-locale.o)
 .data          0x000000000801fd74        0x0 c:/altera/15.0/nios2eds/bin/gnu/h-x86_64-mingw32/bin/../lib/gcc/nios2-elf/4.9.1/../../../../../H-x86_64-mingw32/nios2-elf/lib\libc.a(lib_a-makebuf.o)
 .data          0x000000000801fd74      0x408 c:/altera/15.0/nios2eds/bin/gnu/h-x86_64-mingw32/bin/../lib/gcc/nios2-elf/4.9.1/../../../../../H-x86_64-mingw32/nios2-elf/lib\libc.a(lib_a-mallocr.o)
                0x000000000801fd74                __malloc_av_
 .data          0x000000000802017c        0x0 c:/altera/15.0/nios2eds/bin/gnu/h-x86_64-mingw32/bin/../lib/gcc/nios2-elf/4.9.1/../../../../../H-x86_64-mingw32/nios2-elf/lib\libc.a(lib_a-memchr.o)
 .data          0x000000000802017c        0x0 c:/altera/15.0/nios2eds/bin/gnu/h-x86_64-mingw32/bin/../lib/gcc/nios2-elf/4.9.1/../../../../../H-x86_64-mingw32/nios2-elf/lib\libc.a(lib_a-memcpy.o)
 .data          0x000000000802017c        0x0 c:/altera/15.0/nios2eds/bin/gnu/h-x86_64-mingw32/bin/../lib/gcc/nios2-elf/4.9.1/../../../../../H-x86_64-mingw32/nios2-elf/lib\libc.a(lib_a-memmove.o)
 .data          0x000000000802017c        0x0 c:/altera/15.0/nios2eds/bin/gnu/h-x86_64-mingw32/bin/../lib/gcc/nios2-elf/4.9.1/../../../../../H-x86_64-mingw32/nios2-elf/lib\libc.a(lib_a-memset.o)
 .data          0x000000000802017c        0x0 c:/altera/15.0/nios2eds/bin/gnu/h-x86_64-mingw32/bin/../lib/gcc/nios2-elf/4.9.1/../../../../../H-x86_64-mingw32/nios2-elf/lib\libc.a(lib_a-mprec.o)
 .data          0x000000000802017c        0x0 c:/altera/15.0/nios2eds/bin/gnu/h-x86_64-mingw32/bin/../lib/gcc/nios2-elf/4.9.1/../../../../../H-x86_64-mingw32/nios2-elf/lib\libc.a(lib_a-putc.o)
 .data          0x000000000802017c        0x0 c:/altera/15.0/nios2eds/bin/gnu/h-x86_64-mingw32/bin/../lib/gcc/nios2-elf/4.9.1/../../../../../H-x86_64-mingw32/nios2-elf/lib\libc.a(lib_a-reallocr.o)
 .data          0x000000000802017c        0x0 c:/altera/15.0/nios2eds/bin/gnu/h-x86_64-mingw32/bin/../lib/gcc/nios2-elf/4.9.1/../../../../../H-x86_64-mingw32/nios2-elf/lib\libc.a(lib_a-s_fpclassify.o)
 .data          0x000000000802017c        0x0 c:/altera/15.0/nios2eds/bin/gnu/h-x86_64-mingw32/bin/../lib/gcc/nios2-elf/4.9.1/../../../../../H-x86_64-mingw32/nios2-elf/lib\libc.a(lib_a-sbrkr.o)
 .data          0x000000000802017c        0x0 c:/altera/15.0/nios2eds/bin/gnu/h-x86_64-mingw32/bin/../lib/gcc/nios2-elf/4.9.1/../../../../../H-x86_64-mingw32/nios2-elf/lib\libc.a(lib_a-stdio.o)
 .data          0x000000000802017c        0x0 c:/altera/15.0/nios2eds/bin/gnu/h-x86_64-mingw32/bin/../lib/gcc/nios2-elf/4.9.1/../../../../../H-x86_64-mingw32/nios2-elf/lib\libc.a(lib_a-strcmp.o)
 .data          0x000000000802017c        0x0 c:/altera/15.0/nios2eds/bin/gnu/h-x86_64-mingw32/bin/../lib/gcc/nios2-elf/4.9.1/../../../../../H-x86_64-mingw32/nios2-elf/lib\libc.a(lib_a-svfiprintf.o)
 .data          0x000000000802017c        0x0 c:/altera/15.0/nios2eds/bin/gnu/h-x86_64-mingw32/bin/../lib/gcc/nios2-elf/4.9.1/../../../../../H-x86_64-mingw32/nios2-elf/lib\libc.a(lib_a-vfiprintf.o)
 .data          0x000000000802017c        0x0 c:/altera/15.0/nios2eds/bin/gnu/h-x86_64-mingw32/bin/../lib/gcc/nios2-elf/4.9.1/../../../../../H-x86_64-mingw32/nios2-elf/lib\libc.a(lib_a-wbuf.o)
 .data          0x000000000802017c        0x0 c:/altera/15.0/nios2eds/bin/gnu/h-x86_64-mingw32/bin/../lib/gcc/nios2-elf/4.9.1/../../../../../H-x86_64-mingw32/nios2-elf/lib\libc.a(lib_a-writer.o)
 .data          0x000000000802017c        0x0 c:/altera/15.0/nios2eds/bin/gnu/h-x86_64-mingw32/bin/../lib/gcc/nios2-elf/4.9.1/../../../../../H-x86_64-mingw32/nios2-elf/lib\libc.a(closer.o)
 .data          0x000000000802017c        0x0 c:/altera/15.0/nios2eds/bin/gnu/h-x86_64-mingw32/bin/../lib/gcc/nios2-elf/4.9.1/../../../../../H-x86_64-mingw32/nios2-elf/lib\libc.a(lib_a-callocr.o)
 .data          0x000000000802017c        0x0 c:/altera/15.0/nios2eds/bin/gnu/h-x86_64-mingw32/bin/../lib/gcc/nios2-elf/4.9.1/../../../../../H-x86_64-mingw32/nios2-elf/lib\libc.a(lib_a-fclose.o)
 .data          0x000000000802017c        0x0 c:/altera/15.0/nios2eds/bin/gnu/h-x86_64-mingw32/bin/../lib/gcc/nios2-elf/4.9.1/../../../../../H-x86_64-mingw32/nios2-elf/lib\libc.a(lib_a-fputwc.o)
 .data          0x000000000802017c        0x0 c:/altera/15.0/nios2eds/bin/gnu/h-x86_64-mingw32/bin/../lib/gcc/nios2-elf/4.9.1/../../../../../H-x86_64-mingw32/nios2-elf/lib\libc.a(lib_a-fstatr.o)
 .data          0x000000000802017c        0x0 c:/altera/15.0/nios2eds/bin/gnu/h-x86_64-mingw32/bin/../lib/gcc/nios2-elf/4.9.1/../../../../../H-x86_64-mingw32/nios2-elf/lib\libc.a(lib_a-int_errno.o)
 .data          0x000000000802017c        0x0 c:/altera/15.0/nios2eds/bin/gnu/h-x86_64-mingw32/bin/../lib/gcc/nios2-elf/4.9.1/../../../../../H-x86_64-mingw32/nios2-elf/lib\libc.a(lib_a-isattyr.o)
 .data          0x000000000802017c        0x0 c:/altera/15.0/nios2eds/bin/gnu/h-x86_64-mingw32/bin/../lib/gcc/nios2-elf/4.9.1/../../../../../H-x86_64-mingw32/nios2-elf/lib\libc.a(lib_a-lseekr.o)
 .data          0x000000000802017c        0x0 c:/altera/15.0/nios2eds/bin/gnu/h-x86_64-mingw32/bin/../lib/gcc/nios2-elf/4.9.1/../../../../../H-x86_64-mingw32/nios2-elf/lib\libc.a(lib_a-readr.o)
 .data          0x000000000802017c        0x0 c:/altera/15.0/nios2eds/bin/gnu/h-x86_64-mingw32/bin/../lib/gcc/nios2-elf/4.9.1/../../../../../H-x86_64-mingw32/nios2-elf/lib\libc.a(lib_a-wcrtomb.o)
 .data          0x000000000802017c        0x0 c:/altera/15.0/nios2eds/bin/gnu/h-x86_64-mingw32/bin/../lib/gcc/nios2-elf/4.9.1/../../../../../H-x86_64-mingw32/nios2-elf/lib\libc.a(lib_a-wctomb_r.o)
 .data          0x000000000802017c        0x0 c:/altera/15.0/nios2eds/bin/gnu/h-x86_64-mingw32/bin/../lib/gcc/nios2-elf/4.9.1\libgcc.a(_udivdi3.o)
 .data          0x000000000802017c        0x0 c:/altera/15.0/nios2eds/bin/gnu/h-x86_64-mingw32/bin/../lib/gcc/nios2-elf/4.9.1\libgcc.a(_umoddi3.o)
 .data          0x000000000802017c        0x0 c:/altera/15.0/nios2eds/bin/gnu/h-x86_64-mingw32/bin/../lib/gcc/nios2-elf/4.9.1\libgcc.a(lib2-divmod.o)
 .data          0x000000000802017c        0x0 c:/altera/15.0/nios2eds/bin/gnu/h-x86_64-mingw32/bin/../lib/gcc/nios2-elf/4.9.1\libgcc.a(divdf3.o)
 .data          0x000000000802017c        0x0 c:/altera/15.0/nios2eds/bin/gnu/h-x86_64-mingw32/bin/../lib/gcc/nios2-elf/4.9.1\libgcc.a(eqdf2.o)
 .data          0x000000000802017c        0x0 c:/altera/15.0/nios2eds/bin/gnu/h-x86_64-mingw32/bin/../lib/gcc/nios2-elf/4.9.1\libgcc.a(muldf3.o)
 .data          0x000000000802017c        0x0 c:/altera/15.0/nios2eds/bin/gnu/h-x86_64-mingw32/bin/../lib/gcc/nios2-elf/4.9.1\libgcc.a(subdf3.o)
 .data          0x000000000802017c        0x0 c:/altera/15.0/nios2eds/bin/gnu/h-x86_64-mingw32/bin/../lib/gcc/nios2-elf/4.9.1\libgcc.a(floatunsidf.o)
 .data          0x000000000802017c        0x0 ../Display_project_bsp/\libhal_bsp.a(alt_close.o)
 .data          0x000000000802017c      0x1a8 ../Display_project_bsp/\libhal_bsp.a(alt_dev.o)
                0x000000000802017c                alt_dev_null
                0x00000000080201a4                alt_fd_list
 .data          0x0000000008020324        0x0 ../Display_project_bsp/\libhal_bsp.a(alt_errno.o)
 .data          0x0000000008020324        0x0 ../Display_project_bsp/\libhal_bsp.a(alt_fstat.o)
 .data          0x0000000008020324        0x0 ../Display_project_bsp/\libhal_bsp.a(alt_isatty.o)
 .data          0x0000000008020324        0x0 ../Display_project_bsp/\libhal_bsp.a(alt_load.o)
 .data          0x0000000008020324        0x0 ../Display_project_bsp/\libhal_bsp.a(alt_lseek.o)
 .data          0x0000000008020324        0x0 ../Display_project_bsp/\libhal_bsp.a(alt_main.o)
 .data          0x0000000008020324        0x0 ../Display_project_bsp/\libhal_bsp.a(alt_malloc_lock.o)
 .data          0x0000000008020324        0x0 ../Display_project_bsp/\libhal_bsp.a(alt_read.o)
 .data          0x0000000008020324        0x0 ../Display_project_bsp/\libhal_bsp.a(alt_release_fd.o)
 .data          0x0000000008020324        0x0 ../Display_project_bsp/\libhal_bsp.a(alt_sbrk.o)
 .data          0x0000000008020324        0x0 ../Display_project_bsp/\libhal_bsp.a(alt_usleep.o)
 .data          0x0000000008020324        0x0 ../Display_project_bsp/\libhal_bsp.a(alt_write.o)
 .data          0x0000000008020324     0x108c ../Display_project_bsp/\libhal_bsp.a(alt_sys_init.o)
 .data          0x00000000080213b0        0x0 ../Display_project_bsp/\libhal_bsp.a(altera_avalon_jtag_uart_fd.o)
 .data          0x00000000080213b0        0x0 ../Display_project_bsp/\libhal_bsp.a(altera_avalon_jtag_uart_init.o)
 .data          0x00000000080213b0        0x0 ../Display_project_bsp/\libhal_bsp.a(altera_avalon_jtag_uart_ioctl.o)
 .data          0x00000000080213b0        0x0 ../Display_project_bsp/\libhal_bsp.a(altera_avalon_jtag_uart_read.o)
 .data          0x00000000080213b0        0x0 ../Display_project_bsp/\libhal_bsp.a(altera_avalon_jtag_uart_write.o)
 .data          0x00000000080213b0        0x0 ../Display_project_bsp/\libhal_bsp.a(altera_avalon_timer_sc.o)
 .data          0x00000000080213b0        0x0 ../Display_project_bsp/\libhal_bsp.a(altera_up_avalon_character_lcd.o)
 .data          0x00000000080213b0        0x0 ../Display_project_bsp/\libhal_bsp.a(alt_alarm_start.o)
 .data          0x00000000080213b0        0x0 ../Display_project_bsp/\libhal_bsp.a(alt_busy_sleep.o)
 .data          0x00000000080213b0        0x0 ../Display_project_bsp/\libhal_bsp.a(alt_dcache_flush_all.o)
 .data          0x00000000080213b0        0x0 ../Display_project_bsp/\libhal_bsp.a(alt_dev_llist_insert.o)
 .data          0x00000000080213b0        0x0 ../Display_project_bsp/\libhal_bsp.a(alt_do_ctors.o)
 .data          0x00000000080213b0        0x0 ../Display_project_bsp/\libhal_bsp.a(alt_do_dtors.o)
 .data          0x00000000080213b0        0x0 ../Display_project_bsp/\libhal_bsp.a(alt_find_dev.o)
 .data          0x00000000080213b0        0x0 ../Display_project_bsp/\libhal_bsp.a(alt_icache_flush_all.o)
 .data          0x00000000080213b0        0x0 ../Display_project_bsp/\libhal_bsp.a(alt_iic.o)
 .data          0x00000000080213b0        0x0 ../Display_project_bsp/\libhal_bsp.a(alt_iic_isr_register.o)
 .data          0x00000000080213b0        0x0 ../Display_project_bsp/\libhal_bsp.a(alt_io_redirect.o)
 .data          0x00000000080213b0        0x0 ../Display_project_bsp/\libhal_bsp.a(alt_irq_entry.o)
 .data          0x00000000080213b0        0x0 ../Display_project_bsp/\libhal_bsp.a(alt_irq_handler.o)
 .data          0x00000000080213b0        0x0 ../Display_project_bsp/\libhal_bsp.a(alt_irq_vars.o)
 .data          0x00000000080213b0        0x0 ../Display_project_bsp/\libhal_bsp.a(alt_open.o)
 .data          0x00000000080213b0        0x0 ../Display_project_bsp/\libhal_bsp.a(alt_tick.o)
 .data          0x00000000080213b0        0x0 ../Display_project_bsp/\libhal_bsp.a(altera_nios2_qsys_irq.o)
 .data          0x00000000080213b0        0x0 ../Display_project_bsp/\libhal_bsp.a(alt_exception_entry.o)
 .data          0x00000000080213b0        0x0 ../Display_project_bsp/\libhal_bsp.a(alt_find_file.o)
 .data          0x00000000080213b0        0x0 ../Display_project_bsp/\libhal_bsp.a(alt_get_fd.o)
 .data          0x00000000080213b0        0x0 ../Display_project_bsp/\libhal_bsp.a(alt_icache_flush.o)
 .data          0x00000000080213b0        0x0 c:/altera/15.0/nios2eds/bin/gnu/h-x86_64-mingw32/bin/../lib/gcc/nios2-elf/4.9.1/../../../../../H-x86_64-mingw32/nios2-elf/lib\libc.a(lib_a-atexit.o)
 .data          0x00000000080213b0        0x0 c:/altera/15.0/nios2eds/bin/gnu/h-x86_64-mingw32/bin/../lib/gcc/nios2-elf/4.9.1/../../../../../H-x86_64-mingw32/nios2-elf/lib\libc.a(lib_a-exit.o)
 .data          0x00000000080213b0        0x0 c:/altera/15.0/nios2eds/bin/gnu/h-x86_64-mingw32/bin/../lib/gcc/nios2-elf/4.9.1/../../../../../H-x86_64-mingw32/nios2-elf/lib\libc.a(lib_a-memcmp.o)
 .data          0x00000000080213b0        0x0 c:/altera/15.0/nios2eds/bin/gnu/h-x86_64-mingw32/bin/../lib/gcc/nios2-elf/4.9.1/../../../../../H-x86_64-mingw32/nios2-elf/lib\libc.a(lib_a-__atexit.o)
 .data          0x00000000080213b0        0x0 c:/altera/15.0/nios2eds/bin/gnu/h-x86_64-mingw32/bin/../lib/gcc/nios2-elf/4.9.1/../../../../../H-x86_64-mingw32/nios2-elf/lib\libc.a(lib_a-__call_atexit.o)
 .data          0x00000000080213b0        0x0 ../Display_project_bsp/\libhal_bsp.a(alt_exit.o)
                0x00000000080293b0                _gp = ABSOLUTE ((. + 0x8000))
                0x00000000080293b0                PROVIDE (gp, _gp)
 *(.rwdata .rwdata.*)
 *(.sdata .sdata.* .gnu.linkonce.s.*)
 .sdata         0x00000000080213b0        0x8 c:/altera/15.0/nios2eds/bin/gnu/h-x86_64-mingw32/bin/../lib/gcc/nios2-elf/4.9.1/../../../../../H-x86_64-mingw32/nios2-elf/lib\libc.a(lib_a-impure.o)
                0x00000000080213b0                _global_impure_ptr
                0x00000000080213b4                _impure_ptr
 .sdata         0x00000000080213b8        0x4 c:/altera/15.0/nios2eds/bin/gnu/h-x86_64-mingw32/bin/../lib/gcc/nios2-elf/4.9.1/../../../../../H-x86_64-mingw32/nios2-elf/lib\libc.a(lib_a-locale.o)
                0x00000000080213b8                __mb_cur_max
 .sdata         0x00000000080213bc        0x8 c:/altera/15.0/nios2eds/bin/gnu/h-x86_64-mingw32/bin/../lib/gcc/nios2-elf/4.9.1/../../../../../H-x86_64-mingw32/nios2-elf/lib\libc.a(lib_a-mallocr.o)
                0x00000000080213bc                __malloc_sbrk_base
                0x00000000080213c0                __malloc_trim_threshold
 .sdata         0x00000000080213c4        0x4 c:/altera/15.0/nios2eds/bin/gnu/h-x86_64-mingw32/bin/../lib/gcc/nios2-elf/4.9.1/../../../../../H-x86_64-mingw32/nios2-elf/lib\libc.a(lib_a-wctomb_r.o)
                0x00000000080213c4                __wctomb
 .sdata         0x00000000080213c8       0x14 ../Display_project_bsp/\libhal_bsp.a(alt_dev.o)
                0x00000000080213c8                alt_fs_list
                0x00000000080213d0                alt_dev_list
                0x00000000080213d8                alt_max_fd
 .sdata         0x00000000080213dc        0x4 ../Display_project_bsp/\libhal_bsp.a(alt_errno.o)
                0x00000000080213dc                alt_errno
 .sdata         0x00000000080213e0        0x4 ../Display_project_bsp/\libhal_bsp.a(alt_sbrk.o)
 .sdata         0x00000000080213e4        0x4 ../Display_project_bsp/\libhal_bsp.a(alt_irq_vars.o)
                0x00000000080213e4                alt_priority_mask
 .sdata         0x00000000080213e8        0x8 ../Display_project_bsp/\libhal_bsp.a(alt_tick.o)
                0x00000000080213e8                alt_alarm_list
 *(.sdata2 .sdata2.* .gnu.linkonce.s2.*)
                0x00000000080213f0                . = ALIGN (0x4)
                0x00000000080213f0                _edata = ABSOLUTE (.)
                0x00000000080213f0                PROVIDE (edata, ABSOLUTE (.))
                0x00000000080213f0                PROVIDE (__ram_rwdata_end, ABSOLUTE (.))
                0x00000000080213f0                PROVIDE (__flash_rwdata_start, LOADADDR (.rwdata))

.bss            0x0000000008022f08      0x1c0
                0x0000000008022f08                __bss_start = ABSOLUTE (.)
                0x0000000008022f08                PROVIDE (__sbss_start, ABSOLUTE (.))
                0x0000000008022f08                PROVIDE (___sbss_start, ABSOLUTE (.))
 *(.dynsbss)
 *(.sbss .sbss.* .gnu.linkonce.sb.*)
 .sbss          0x0000000008022f08        0xc c:/altera/15.0/nios2eds/bin/gnu/h-x86_64-mingw32/bin/../lib/gcc/nios2-elf/4.9.1/../../../../../H-x86_64-mingw32/nios2-elf/lib\libc.a(lib_a-locale.o)
                0x0000000008022f08                _PathLocale
                0x0000000008022f0c                __mlocale_changed
                0x0000000008022f10                __nlocale_changed
 .sbss          0x0000000008022f14        0xc c:/altera/15.0/nios2eds/bin/gnu/h-x86_64-mingw32/bin/../lib/gcc/nios2-elf/4.9.1/../../../../../H-x86_64-mingw32/nios2-elf/lib\libc.a(lib_a-mallocr.o)
                0x0000000008022f14                __malloc_max_total_mem
                0x0000000008022f18                __malloc_max_sbrked_mem
                0x0000000008022f1c                __malloc_top_pad
 .sbss          0x0000000008022f20        0x4 c:/altera/15.0/nios2eds/bin/gnu/h-x86_64-mingw32/bin/../lib/gcc/nios2-elf/4.9.1/../../../../../H-x86_64-mingw32/nios2-elf/lib\libc.a(lib_a-int_errno.o)
                0x0000000008022f20                errno
 .sbss          0x0000000008022f24        0xc ../Display_project_bsp/\libhal_bsp.a(alt_main.o)
                0x0000000008022f24                alt_argc
                0x0000000008022f28                alt_argv
                0x0000000008022f2c                alt_envp
 .sbss          0x0000000008022f30        0x4 ../Display_project_bsp/\libhal_bsp.a(alt_irq_vars.o)
                0x0000000008022f30                alt_irq_active
 .sbss          0x0000000008022f34        0x8 ../Display_project_bsp/\libhal_bsp.a(alt_tick.o)
                0x0000000008022f34                _alt_tick_rate
                0x0000000008022f38                _alt_nticks
 *(.sbss2 .sbss2.* .gnu.linkonce.sb2.*)
 *(.scommon)
                0x0000000008022f3c                PROVIDE (__sbss_end, ABSOLUTE (.))
                0x0000000008022f3c                PROVIDE (___sbss_end, ABSOLUTE (.))
 *(.dynbss)
 *(.bss .bss.* .gnu.linkonce.b.*)
 .bss           0x0000000008022f3c        0x0 ../Display_project_bsp//obj/HAL/src/crt0.o
 .bss           0x0000000008022f3c        0x0 obj/default/hello_world.o
 .bss           0x0000000008022f3c        0x0 c:/altera/15.0/nios2eds/bin/gnu/h-x86_64-mingw32/bin/../lib/gcc/nios2-elf/4.9.1/../../../../../H-x86_64-mingw32/nios2-elf/lib\libm.a(lib_a-s_floor.o)
 .bss           0x0000000008022f3c        0x0 c:/altera/15.0/nios2eds/bin/gnu/h-x86_64-mingw32/bin/../lib/gcc/nios2-elf/4.9.1\libgcc.a(adddf3.o)
 .bss           0x0000000008022f3c        0x0 c:/altera/15.0/nios2eds/bin/gnu/h-x86_64-mingw32/bin/../lib/gcc/nios2-elf/4.9.1\libgcc.a(gedf2.o)
 .bss           0x0000000008022f3c        0x0 c:/altera/15.0/nios2eds/bin/gnu/h-x86_64-mingw32/bin/../lib/gcc/nios2-elf/4.9.1\libgcc.a(ledf2.o)
 .bss           0x0000000008022f3c        0x0 c:/altera/15.0/nios2eds/bin/gnu/h-x86_64-mingw32/bin/../lib/gcc/nios2-elf/4.9.1\libgcc.a(fixdfsi.o)
 .bss           0x0000000008022f3c        0x0 c:/altera/15.0/nios2eds/bin/gnu/h-x86_64-mingw32/bin/../lib/gcc/nios2-elf/4.9.1\libgcc.a(floatsidf.o)
 .bss           0x0000000008022f3c        0x0 c:/altera/15.0/nios2eds/bin/gnu/h-x86_64-mingw32/bin/../lib/gcc/nios2-elf/4.9.1\libgcc.a(_clzsi2.o)
 .bss           0x0000000008022f3c        0x0 c:/altera/15.0/nios2eds/bin/gnu/h-x86_64-mingw32/bin/../lib/gcc/nios2-elf/4.9.1\libgcc.a(_clz.o)
 .bss           0x0000000008022f3c        0x0 c:/altera/15.0/nios2eds/bin/gnu/h-x86_64-mingw32/bin/../lib/gcc/nios2-elf/4.9.1/../../../../../H-x86_64-mingw32/nios2-elf/lib\libc.a(lib_a-printf.o)
 .bss           0x0000000008022f3c        0x0 c:/altera/15.0/nios2eds/bin/gnu/h-x86_64-mingw32/bin/../lib/gcc/nios2-elf/4.9.1/../../../../../H-x86_64-mingw32/nios2-elf/lib\libc.a(lib_a-putchar.o)
 .bss           0x0000000008022f3c        0x0 c:/altera/15.0/nios2eds/bin/gnu/h-x86_64-mingw32/bin/../lib/gcc/nios2-elf/4.9.1/../../../../../H-x86_64-mingw32/nios2-elf/lib\libc.a(lib_a-puts.o)
 .bss           0x0000000008022f3c        0x0 c:/altera/15.0/nios2eds/bin/gnu/h-x86_64-mingw32/bin/../lib/gcc/nios2-elf/4.9.1/../../../../../H-x86_64-mingw32/nios2-elf/lib\libc.a(lib_a-sprintf.o)
 .bss           0x0000000008022f3c        0x0 c:/altera/15.0/nios2eds/bin/gnu/h-x86_64-mingw32/bin/../lib/gcc/nios2-elf/4.9.1/../../../../../H-x86_64-mingw32/nios2-elf/lib\libc.a(lib_a-strlen.o)
 .bss           0x0000000008022f3c        0x0 c:/altera/15.0/nios2eds/bin/gnu/h-x86_64-mingw32/bin/../lib/gcc/nios2-elf/4.9.1/../../../../../H-x86_64-mingw32/nios2-elf/lib\libc.a(lib_a-svfprintf.o)
 .bss           0x0000000008022f3c        0x0 c:/altera/15.0/nios2eds/bin/gnu/h-x86_64-mingw32/bin/../lib/gcc/nios2-elf/4.9.1/../../../../../H-x86_64-mingw32/nios2-elf/lib\libc.a(lib_a-vfprintf.o)
 .bss           0x0000000008022f3c        0x0 c:/altera/15.0/nios2eds/bin/gnu/h-x86_64-mingw32/bin/../lib/gcc/nios2-elf/4.9.1/../../../../../H-x86_64-mingw32/nios2-elf/lib\libc.a(lib_a-wsetup.o)
 .bss           0x0000000008022f3c        0x0 c:/altera/15.0/nios2eds/bin/gnu/h-x86_64-mingw32/bin/../lib/gcc/nios2-elf/4.9.1/../../../../../H-x86_64-mingw32/nios2-elf/lib\libc.a(lib_a-dtoa.o)
 .bss           0x0000000008022f3c        0x0 c:/altera/15.0/nios2eds/bin/gnu/h-x86_64-mingw32/bin/../lib/gcc/nios2-elf/4.9.1/../../../../../H-x86_64-mingw32/nios2-elf/lib\libc.a(lib_a-fflush.o)
 .bss           0x0000000008022f3c        0x0 c:/altera/15.0/nios2eds/bin/gnu/h-x86_64-mingw32/bin/../lib/gcc/nios2-elf/4.9.1/../../../../../H-x86_64-mingw32/nios2-elf/lib\libc.a(lib_a-findfp.o)
 .bss           0x0000000008022f3c        0x0 c:/altera/15.0/nios2eds/bin/gnu/h-x86_64-mingw32/bin/../lib/gcc/nios2-elf/4.9.1/../../../../../H-x86_64-mingw32/nios2-elf/lib\libc.a(lib_a-freer.o)
 .bss           0x0000000008022f3c        0x0 c:/altera/15.0/nios2eds/bin/gnu/h-x86_64-mingw32/bin/../lib/gcc/nios2-elf/4.9.1/../../../../../H-x86_64-mingw32/nios2-elf/lib\libc.a(lib_a-fvwrite.o)
 .bss           0x0000000008022f3c        0x0 c:/altera/15.0/nios2eds/bin/gnu/h-x86_64-mingw32/bin/../lib/gcc/nios2-elf/4.9.1/../../../../../H-x86_64-mingw32/nios2-elf/lib\libc.a(lib_a-fwalk.o)
 .bss           0x0000000008022f3c        0x0 c:/altera/15.0/nios2eds/bin/gnu/h-x86_64-mingw32/bin/../lib/gcc/nios2-elf/4.9.1/../../../../../H-x86_64-mingw32/nios2-elf/lib\libc.a(lib_a-impure.o)
 .bss           0x0000000008022f3c        0x0 c:/altera/15.0/nios2eds/bin/gnu/h-x86_64-mingw32/bin/../lib/gcc/nios2-elf/4.9.1/../../../../../H-x86_64-mingw32/nios2-elf/lib\libc.a(lib_a-locale.o)
 .bss           0x0000000008022f3c        0x0 c:/altera/15.0/nios2eds/bin/gnu/h-x86_64-mingw32/bin/../lib/gcc/nios2-elf/4.9.1/../../../../../H-x86_64-mingw32/nios2-elf/lib\libc.a(lib_a-makebuf.o)
 .bss           0x0000000008022f3c       0x28 c:/altera/15.0/nios2eds/bin/gnu/h-x86_64-mingw32/bin/../lib/gcc/nios2-elf/4.9.1/../../../../../H-x86_64-mingw32/nios2-elf/lib\libc.a(lib_a-mallocr.o)
                0x0000000008022f3c                __malloc_current_mallinfo
 .bss           0x0000000008022f64        0x0 c:/altera/15.0/nios2eds/bin/gnu/h-x86_64-mingw32/bin/../lib/gcc/nios2-elf/4.9.1/../../../../../H-x86_64-mingw32/nios2-elf/lib\libc.a(lib_a-memchr.o)
 .bss           0x0000000008022f64        0x0 c:/altera/15.0/nios2eds/bin/gnu/h-x86_64-mingw32/bin/../lib/gcc/nios2-elf/4.9.1/../../../../../H-x86_64-mingw32/nios2-elf/lib\libc.a(lib_a-memcpy.o)
 .bss           0x0000000008022f64        0x0 c:/altera/15.0/nios2eds/bin/gnu/h-x86_64-mingw32/bin/../lib/gcc/nios2-elf/4.9.1/../../../../../H-x86_64-mingw32/nios2-elf/lib\libc.a(lib_a-memmove.o)
 .bss           0x0000000008022f64        0x0 c:/altera/15.0/nios2eds/bin/gnu/h-x86_64-mingw32/bin/../lib/gcc/nios2-elf/4.9.1/../../../../../H-x86_64-mingw32/nios2-elf/lib\libc.a(lib_a-memset.o)
 .bss           0x0000000008022f64        0x0 c:/altera/15.0/nios2eds/bin/gnu/h-x86_64-mingw32/bin/../lib/gcc/nios2-elf/4.9.1/../../../../../H-x86_64-mingw32/nios2-elf/lib\libc.a(lib_a-mprec.o)
 .bss           0x0000000008022f64        0x0 c:/altera/15.0/nios2eds/bin/gnu/h-x86_64-mingw32/bin/../lib/gcc/nios2-elf/4.9.1/../../../../../H-x86_64-mingw32/nios2-elf/lib\libc.a(lib_a-putc.o)
 .bss           0x0000000008022f64        0x0 c:/altera/15.0/nios2eds/bin/gnu/h-x86_64-mingw32/bin/../lib/gcc/nios2-elf/4.9.1/../../../../../H-x86_64-mingw32/nios2-elf/lib\libc.a(lib_a-reallocr.o)
 .bss           0x0000000008022f64        0x0 c:/altera/15.0/nios2eds/bin/gnu/h-x86_64-mingw32/bin/../lib/gcc/nios2-elf/4.9.1/../../../../../H-x86_64-mingw32/nios2-elf/lib\libc.a(lib_a-s_fpclassify.o)
 .bss           0x0000000008022f64        0x0 c:/altera/15.0/nios2eds/bin/gnu/h-x86_64-mingw32/bin/../lib/gcc/nios2-elf/4.9.1/../../../../../H-x86_64-mingw32/nios2-elf/lib\libc.a(lib_a-sbrkr.o)
 .bss           0x0000000008022f64        0x0 c:/altera/15.0/nios2eds/bin/gnu/h-x86_64-mingw32/bin/../lib/gcc/nios2-elf/4.9.1/../../../../../H-x86_64-mingw32/nios2-elf/lib\libc.a(lib_a-stdio.o)
 .bss           0x0000000008022f64        0x0 c:/altera/15.0/nios2eds/bin/gnu/h-x86_64-mingw32/bin/../lib/gcc/nios2-elf/4.9.1/../../../../../H-x86_64-mingw32/nios2-elf/lib\libc.a(lib_a-strcmp.o)
 .bss           0x0000000008022f64        0x0 c:/altera/15.0/nios2eds/bin/gnu/h-x86_64-mingw32/bin/../lib/gcc/nios2-elf/4.9.1/../../../../../H-x86_64-mingw32/nios2-elf/lib\libc.a(lib_a-svfiprintf.o)
 .bss           0x0000000008022f64        0x0 c:/altera/15.0/nios2eds/bin/gnu/h-x86_64-mingw32/bin/../lib/gcc/nios2-elf/4.9.1/../../../../../H-x86_64-mingw32/nios2-elf/lib\libc.a(lib_a-vfiprintf.o)
 .bss           0x0000000008022f64        0x0 c:/altera/15.0/nios2eds/bin/gnu/h-x86_64-mingw32/bin/../lib/gcc/nios2-elf/4.9.1/../../../../../H-x86_64-mingw32/nios2-elf/lib\libc.a(lib_a-wbuf.o)
 .bss           0x0000000008022f64        0x0 c:/altera/15.0/nios2eds/bin/gnu/h-x86_64-mingw32/bin/../lib/gcc/nios2-elf/4.9.1/../../../../../H-x86_64-mingw32/nios2-elf/lib\libc.a(lib_a-writer.o)
 .bss           0x0000000008022f64        0x0 c:/altera/15.0/nios2eds/bin/gnu/h-x86_64-mingw32/bin/../lib/gcc/nios2-elf/4.9.1/../../../../../H-x86_64-mingw32/nios2-elf/lib\libc.a(closer.o)
 .bss           0x0000000008022f64        0x0 c:/altera/15.0/nios2eds/bin/gnu/h-x86_64-mingw32/bin/../lib/gcc/nios2-elf/4.9.1/../../../../../H-x86_64-mingw32/nios2-elf/lib\libc.a(lib_a-callocr.o)
 .bss           0x0000000008022f64        0x0 c:/altera/15.0/nios2eds/bin/gnu/h-x86_64-mingw32/bin/../lib/gcc/nios2-elf/4.9.1/../../../../../H-x86_64-mingw32/nios2-elf/lib\libc.a(lib_a-fclose.o)
 .bss           0x0000000008022f64        0x0 c:/altera/15.0/nios2eds/bin/gnu/h-x86_64-mingw32/bin/../lib/gcc/nios2-elf/4.9.1/../../../../../H-x86_64-mingw32/nios2-elf/lib\libc.a(lib_a-fputwc.o)
 .bss           0x0000000008022f64        0x0 c:/altera/15.0/nios2eds/bin/gnu/h-x86_64-mingw32/bin/../lib/gcc/nios2-elf/4.9.1/../../../../../H-x86_64-mingw32/nios2-elf/lib\libc.a(lib_a-fstatr.o)
 .bss           0x0000000008022f64        0x0 c:/altera/15.0/nios2eds/bin/gnu/h-x86_64-mingw32/bin/../lib/gcc/nios2-elf/4.9.1/../../../../../H-x86_64-mingw32/nios2-elf/lib\libc.a(lib_a-int_errno.o)
 .bss           0x0000000008022f64        0x0 c:/altera/15.0/nios2eds/bin/gnu/h-x86_64-mingw32/bin/../lib/gcc/nios2-elf/4.9.1/../../../../../H-x86_64-mingw32/nios2-elf/lib\libc.a(lib_a-isattyr.o)
 .bss           0x0000000008022f64        0x0 c:/altera/15.0/nios2eds/bin/gnu/h-x86_64-mingw32/bin/../lib/gcc/nios2-elf/4.9.1/../../../../../H-x86_64-mingw32/nios2-elf/lib\libc.a(lib_a-lseekr.o)
 .bss           0x0000000008022f64        0x0 c:/altera/15.0/nios2eds/bin/gnu/h-x86_64-mingw32/bin/../lib/gcc/nios2-elf/4.9.1/../../../../../H-x86_64-mingw32/nios2-elf/lib\libc.a(lib_a-readr.o)
 .bss           0x0000000008022f64        0x0 c:/altera/15.0/nios2eds/bin/gnu/h-x86_64-mingw32/bin/../lib/gcc/nios2-elf/4.9.1/../../../../../H-x86_64-mingw32/nios2-elf/lib\libc.a(lib_a-wcrtomb.o)
 .bss           0x0000000008022f64        0x0 c:/altera/15.0/nios2eds/bin/gnu/h-x86_64-mingw32/bin/../lib/gcc/nios2-elf/4.9.1/../../../../../H-x86_64-mingw32/nios2-elf/lib\libc.a(lib_a-wctomb_r.o)
 .bss           0x0000000008022f64        0x0 c:/altera/15.0/nios2eds/bin/gnu/h-x86_64-mingw32/bin/../lib/gcc/nios2-elf/4.9.1\libgcc.a(_udivdi3.o)
 .bss           0x0000000008022f64        0x0 c:/altera/15.0/nios2eds/bin/gnu/h-x86_64-mingw32/bin/../lib/gcc/nios2-elf/4.9.1\libgcc.a(_umoddi3.o)
 .bss           0x0000000008022f64        0x0 c:/altera/15.0/nios2eds/bin/gnu/h-x86_64-mingw32/bin/../lib/gcc/nios2-elf/4.9.1\libgcc.a(lib2-divmod.o)
 .bss           0x0000000008022f64        0x0 c:/altera/15.0/nios2eds/bin/gnu/h-x86_64-mingw32/bin/../lib/gcc/nios2-elf/4.9.1\libgcc.a(divdf3.o)
 .bss           0x0000000008022f64        0x0 c:/altera/15.0/nios2eds/bin/gnu/h-x86_64-mingw32/bin/../lib/gcc/nios2-elf/4.9.1\libgcc.a(eqdf2.o)
 .bss           0x0000000008022f64        0x0 c:/altera/15.0/nios2eds/bin/gnu/h-x86_64-mingw32/bin/../lib/gcc/nios2-elf/4.9.1\libgcc.a(muldf3.o)
 .bss           0x0000000008022f64        0x0 c:/altera/15.0/nios2eds/bin/gnu/h-x86_64-mingw32/bin/../lib/gcc/nios2-elf/4.9.1\libgcc.a(subdf3.o)
 .bss           0x0000000008022f64        0x0 c:/altera/15.0/nios2eds/bin/gnu/h-x86_64-mingw32/bin/../lib/gcc/nios2-elf/4.9.1\libgcc.a(floatunsidf.o)
 .bss           0x0000000008022f64        0x0 ../Display_project_bsp/\libhal_bsp.a(alt_close.o)
 .bss           0x0000000008022f64        0x0 ../Display_project_bsp/\libhal_bsp.a(alt_dev.o)
 .bss           0x0000000008022f64        0x0 ../Display_project_bsp/\libhal_bsp.a(alt_errno.o)
 .bss           0x0000000008022f64        0x0 ../Display_project_bsp/\libhal_bsp.a(alt_fstat.o)
 .bss           0x0000000008022f64        0x0 ../Display_project_bsp/\libhal_bsp.a(alt_isatty.o)
 .bss           0x0000000008022f64        0x0 ../Display_project_bsp/\libhal_bsp.a(alt_load.o)
 .bss           0x0000000008022f64        0x0 ../Display_project_bsp/\libhal_bsp.a(alt_lseek.o)
 .bss           0x0000000008022f64        0x0 ../Display_project_bsp/\libhal_bsp.a(alt_main.o)
 .bss           0x0000000008022f64        0x0 ../Display_project_bsp/\libhal_bsp.a(alt_malloc_lock.o)
 .bss           0x0000000008022f64        0x0 ../Display_project_bsp/\libhal_bsp.a(alt_read.o)
 .bss           0x0000000008022f64        0x0 ../Display_project_bsp/\libhal_bsp.a(alt_release_fd.o)
 .bss           0x0000000008022f64        0x0 ../Display_project_bsp/\libhal_bsp.a(alt_sbrk.o)
 .bss           0x0000000008022f64        0x0 ../Display_project_bsp/\libhal_bsp.a(alt_usleep.o)
 .bss           0x0000000008022f64        0x0 ../Display_project_bsp/\libhal_bsp.a(alt_write.o)
 .bss           0x0000000008022f64        0x0 ../Display_project_bsp/\libhal_bsp.a(alt_sys_init.o)
 .bss           0x0000000008022f64        0x0 ../Display_project_bsp/\libhal_bsp.a(altera_avalon_jtag_uart_fd.o)
 .bss           0x0000000008022f64        0x0 ../Display_project_bsp/\libhal_bsp.a(altera_avalon_jtag_uart_init.o)
 .bss           0x0000000008022f64        0x0 ../Display_project_bsp/\libhal_bsp.a(altera_avalon_jtag_uart_ioctl.o)
 .bss           0x0000000008022f64        0x0 ../Display_project_bsp/\libhal_bsp.a(altera_avalon_jtag_uart_read.o)
 .bss           0x0000000008022f64        0x0 ../Display_project_bsp/\libhal_bsp.a(altera_avalon_jtag_uart_write.o)
 .bss           0x0000000008022f64        0x0 ../Display_project_bsp/\libhal_bsp.a(altera_avalon_timer_sc.o)
 .bss           0x0000000008022f64        0x0 ../Display_project_bsp/\libhal_bsp.a(altera_up_avalon_character_lcd.o)
 .bss           0x0000000008022f64        0x0 ../Display_project_bsp/\libhal_bsp.a(alt_alarm_start.o)
 .bss           0x0000000008022f64        0x0 ../Display_project_bsp/\libhal_bsp.a(alt_busy_sleep.o)
 .bss           0x0000000008022f64        0x0 ../Display_project_bsp/\libhal_bsp.a(alt_dcache_flush_all.o)
 .bss           0x0000000008022f64        0x0 ../Display_project_bsp/\libhal_bsp.a(alt_dev_llist_insert.o)
 .bss           0x0000000008022f64        0x0 ../Display_project_bsp/\libhal_bsp.a(alt_do_ctors.o)
 .bss           0x0000000008022f64        0x0 ../Display_project_bsp/\libhal_bsp.a(alt_do_dtors.o)
 .bss           0x0000000008022f64        0x0 ../Display_project_bsp/\libhal_bsp.a(alt_find_dev.o)
 .bss           0x0000000008022f64        0x0 ../Display_project_bsp/\libhal_bsp.a(alt_icache_flush_all.o)
 .bss           0x0000000008022f64        0x0 ../Display_project_bsp/\libhal_bsp.a(alt_iic.o)
 .bss           0x0000000008022f64        0x0 ../Display_project_bsp/\libhal_bsp.a(alt_iic_isr_register.o)
 .bss           0x0000000008022f64        0x0 ../Display_project_bsp/\libhal_bsp.a(alt_io_redirect.o)
 .bss           0x0000000008022f64        0x0 ../Display_project_bsp/\libhal_bsp.a(alt_irq_entry.o)
 .bss           0x0000000008022f64        0x0 ../Display_project_bsp/\libhal_bsp.a(alt_irq_handler.o)
 .bss           0x0000000008022f64        0x0 ../Display_project_bsp/\libhal_bsp.a(alt_irq_vars.o)
 .bss           0x0000000008022f64        0x0 ../Display_project_bsp/\libhal_bsp.a(alt_open.o)
 .bss           0x0000000008022f64        0x0 ../Display_project_bsp/\libhal_bsp.a(alt_tick.o)
 .bss           0x0000000008022f64        0x0 ../Display_project_bsp/\libhal_bsp.a(altera_nios2_qsys_irq.o)
 .bss           0x0000000008022f64        0x0 ../Display_project_bsp/\libhal_bsp.a(alt_exception_entry.o)
 .bss           0x0000000008022f64        0x0 ../Display_project_bsp/\libhal_bsp.a(alt_find_file.o)
 .bss           0x0000000008022f64        0x0 ../Display_project_bsp/\libhal_bsp.a(alt_get_fd.o)
 .bss           0x0000000008022f64        0x0 ../Display_project_bsp/\libhal_bsp.a(alt_icache_flush.o)
 .bss           0x0000000008022f64        0x0 c:/altera/15.0/nios2eds/bin/gnu/h-x86_64-mingw32/bin/../lib/gcc/nios2-elf/4.9.1/../../../../../H-x86_64-mingw32/nios2-elf/lib\libc.a(lib_a-atexit.o)
 .bss           0x0000000008022f64        0x0 c:/altera/15.0/nios2eds/bin/gnu/h-x86_64-mingw32/bin/../lib/gcc/nios2-elf/4.9.1/../../../../../H-x86_64-mingw32/nios2-elf/lib\libc.a(lib_a-exit.o)
 .bss           0x0000000008022f64        0x0 c:/altera/15.0/nios2eds/bin/gnu/h-x86_64-mingw32/bin/../lib/gcc/nios2-elf/4.9.1/../../../../../H-x86_64-mingw32/nios2-elf/lib\libc.a(lib_a-memcmp.o)
 .bss           0x0000000008022f64        0x0 c:/altera/15.0/nios2eds/bin/gnu/h-x86_64-mingw32/bin/../lib/gcc/nios2-elf/4.9.1/../../../../../H-x86_64-mingw32/nios2-elf/lib\libc.a(lib_a-__atexit.o)
 .bss           0x0000000008022f64        0x0 c:/altera/15.0/nios2eds/bin/gnu/h-x86_64-mingw32/bin/../lib/gcc/nios2-elf/4.9.1/../../../../../H-x86_64-mingw32/nios2-elf/lib\libc.a(lib_a-__call_atexit.o)
 .bss           0x0000000008022f64        0x0 ../Display_project_bsp/\libhal_bsp.a(alt_exit.o)
 *(COMMON)
 COMMON         0x0000000008022f64       0x64 obj/default/hello_world.o
                0x0000000008022f64                roomArray
 COMMON         0x0000000008022fc8      0x100 ../Display_project_bsp/\libhal_bsp.a(alt_irq_handler.o)
                0x0000000008022fc8                alt_irq
                0x00000000080230c8                . = ALIGN (0x4)
                0x00000000080230c8                __bss_end = ABSOLUTE (.)

.sdram          0x00000000080230c8        0x0
                0x00000000080230c8                PROVIDE (_alt_partition_sdram_start, ABSOLUTE (.))
 *(.sdram .sdram. sdram.*)
                0x00000000080230c8                . = ALIGN (0x4)
                0x00000000080230c8                PROVIDE (_alt_partition_sdram_end, ABSOLUTE (.))
                0x00000000080230c8                _end = ABSOLUTE (.)
                0x00000000080230c8                end = ABSOLUTE (.)
                0x00000000080230c8                __alt_stack_base = ABSOLUTE (.)
                0x00000000080230c8                PROVIDE (_alt_partition_sdram_load_addr, LOADADDR (.sdram))

.stab
 *(.stab)

.stabstr
 *(.stabstr)

.stab.excl
 *(.stab.excl)

.stab.exclstr
 *(.stab.exclstr)

.stab.index
 *(.stab.index)

.stab.indexstr
 *(.stab.indexstr)

.comment        0x0000000000000000       0x23
 *(.comment)
 .comment       0x0000000000000000       0x23 obj/default/hello_world.o
                                         0x24 (size before relaxing)
 .comment       0x0000000000000000       0x24 c:/altera/15.0/nios2eds/bin/gnu/h-x86_64-mingw32/bin/../lib/gcc/nios2-elf/4.9.1/../../../../../H-x86_64-mingw32/nios2-elf/lib\libm.a(lib_a-s_floor.o)
 .comment       0x0000000000000000       0x24 c:/altera/15.0/nios2eds/bin/gnu/h-x86_64-mingw32/bin/../lib/gcc/nios2-elf/4.9.1\libgcc.a(adddf3.o)
 .comment       0x0000000000000000       0x24 c:/altera/15.0/nios2eds/bin/gnu/h-x86_64-mingw32/bin/../lib/gcc/nios2-elf/4.9.1\libgcc.a(gedf2.o)
 .comment       0x0000000000000000       0x24 c:/altera/15.0/nios2eds/bin/gnu/h-x86_64-mingw32/bin/../lib/gcc/nios2-elf/4.9.1\libgcc.a(ledf2.o)
 .comment       0x0000000000000000       0x24 c:/altera/15.0/nios2eds/bin/gnu/h-x86_64-mingw32/bin/../lib/gcc/nios2-elf/4.9.1\libgcc.a(fixdfsi.o)
 .comment       0x0000000000000000       0x24 c:/altera/15.0/nios2eds/bin/gnu/h-x86_64-mingw32/bin/../lib/gcc/nios2-elf/4.9.1\libgcc.a(floatsidf.o)
 .comment       0x0000000000000000       0x24 c:/altera/15.0/nios2eds/bin/gnu/h-x86_64-mingw32/bin/../lib/gcc/nios2-elf/4.9.1\libgcc.a(_clzsi2.o)
 .comment       0x0000000000000000       0x24 c:/altera/15.0/nios2eds/bin/gnu/h-x86_64-mingw32/bin/../lib/gcc/nios2-elf/4.9.1\libgcc.a(_clz.o)
 .comment       0x0000000000000000       0x24 c:/altera/15.0/nios2eds/bin/gnu/h-x86_64-mingw32/bin/../lib/gcc/nios2-elf/4.9.1/../../../../../H-x86_64-mingw32/nios2-elf/lib\libc.a(lib_a-printf.o)
 .comment       0x0000000000000000       0x24 c:/altera/15.0/nios2eds/bin/gnu/h-x86_64-mingw32/bin/../lib/gcc/nios2-elf/4.9.1/../../../../../H-x86_64-mingw32/nios2-elf/lib\libc.a(lib_a-putchar.o)
 .comment       0x0000000000000000       0x24 c:/altera/15.0/nios2eds/bin/gnu/h-x86_64-mingw32/bin/../lib/gcc/nios2-elf/4.9.1/../../../../../H-x86_64-mingw32/nios2-elf/lib\libc.a(lib_a-puts.o)
 .comment       0x0000000000000000       0x24 c:/altera/15.0/nios2eds/bin/gnu/h-x86_64-mingw32/bin/../lib/gcc/nios2-elf/4.9.1/../../../../../H-x86_64-mingw32/nios2-elf/lib\libc.a(lib_a-sprintf.o)
 .comment       0x0000000000000000       0x24 c:/altera/15.0/nios2eds/bin/gnu/h-x86_64-mingw32/bin/../lib/gcc/nios2-elf/4.9.1/../../../../../H-x86_64-mingw32/nios2-elf/lib\libc.a(lib_a-strlen.o)
 .comment       0x0000000000000000       0x24 c:/altera/15.0/nios2eds/bin/gnu/h-x86_64-mingw32/bin/../lib/gcc/nios2-elf/4.9.1/../../../../../H-x86_64-mingw32/nios2-elf/lib\libc.a(lib_a-svfprintf.o)
 .comment       0x0000000000000000       0x24 c:/altera/15.0/nios2eds/bin/gnu/h-x86_64-mingw32/bin/../lib/gcc/nios2-elf/4.9.1/../../../../../H-x86_64-mingw32/nios2-elf/lib\libc.a(lib_a-vfprintf.o)
 .comment       0x0000000000000000       0x24 c:/altera/15.0/nios2eds/bin/gnu/h-x86_64-mingw32/bin/../lib/gcc/nios2-elf/4.9.1/../../../../../H-x86_64-mingw32/nios2-elf/lib\libc.a(lib_a-wsetup.o)
 .comment       0x0000000000000000       0x24 c:/altera/15.0/nios2eds/bin/gnu/h-x86_64-mingw32/bin/../lib/gcc/nios2-elf/4.9.1/../../../../../H-x86_64-mingw32/nios2-elf/lib\libc.a(lib_a-dtoa.o)
 .comment       0x0000000000000000       0x24 c:/altera/15.0/nios2eds/bin/gnu/h-x86_64-mingw32/bin/../lib/gcc/nios2-elf/4.9.1/../../../../../H-x86_64-mingw32/nios2-elf/lib\libc.a(lib_a-fflush.o)
 .comment       0x0000000000000000       0x24 c:/altera/15.0/nios2eds/bin/gnu/h-x86_64-mingw32/bin/../lib/gcc/nios2-elf/4.9.1/../../../../../H-x86_64-mingw32/nios2-elf/lib\libc.a(lib_a-findfp.o)
 .comment       0x0000000000000000       0x24 c:/altera/15.0/nios2eds/bin/gnu/h-x86_64-mingw32/bin/../lib/gcc/nios2-elf/4.9.1/../../../../../H-x86_64-mingw32/nios2-elf/lib\libc.a(lib_a-freer.o)
 .comment       0x0000000000000000       0x24 c:/altera/15.0/nios2eds/bin/gnu/h-x86_64-mingw32/bin/../lib/gcc/nios2-elf/4.9.1/../../../../../H-x86_64-mingw32/nios2-elf/lib\libc.a(lib_a-fvwrite.o)
 .comment       0x0000000000000000       0x24 c:/altera/15.0/nios2eds/bin/gnu/h-x86_64-mingw32/bin/../lib/gcc/nios2-elf/4.9.1/../../../../../H-x86_64-mingw32/nios2-elf/lib\libc.a(lib_a-fwalk.o)
 .comment       0x0000000000000000       0x24 c:/altera/15.0/nios2eds/bin/gnu/h-x86_64-mingw32/bin/../lib/gcc/nios2-elf/4.9.1/../../../../../H-x86_64-mingw32/nios2-elf/lib\libc.a(lib_a-impure.o)
 .comment       0x0000000000000000       0x24 c:/altera/15.0/nios2eds/bin/gnu/h-x86_64-mingw32/bin/../lib/gcc/nios2-elf/4.9.1/../../../../../H-x86_64-mingw32/nios2-elf/lib\libc.a(lib_a-locale.o)
 .comment       0x0000000000000000       0x24 c:/altera/15.0/nios2eds/bin/gnu/h-x86_64-mingw32/bin/../lib/gcc/nios2-elf/4.9.1/../../../../../H-x86_64-mingw32/nios2-elf/lib\libc.a(lib_a-makebuf.o)
 .comment       0x0000000000000000       0x24 c:/altera/15.0/nios2eds/bin/gnu/h-x86_64-mingw32/bin/../lib/gcc/nios2-elf/4.9.1/../../../../../H-x86_64-mingw32/nios2-elf/lib\libc.a(lib_a-mallocr.o)
 .comment       0x0000000000000000       0x24 c:/altera/15.0/nios2eds/bin/gnu/h-x86_64-mingw32/bin/../lib/gcc/nios2-elf/4.9.1/../../../../../H-x86_64-mingw32/nios2-elf/lib\libc.a(lib_a-memchr.o)
 .comment       0x0000000000000000       0x24 c:/altera/15.0/nios2eds/bin/gnu/h-x86_64-mingw32/bin/../lib/gcc/nios2-elf/4.9.1/../../../../../H-x86_64-mingw32/nios2-elf/lib\libc.a(lib_a-memcpy.o)
 .comment       0x0000000000000000       0x24 c:/altera/15.0/nios2eds/bin/gnu/h-x86_64-mingw32/bin/../lib/gcc/nios2-elf/4.9.1/../../../../../H-x86_64-mingw32/nios2-elf/lib\libc.a(lib_a-memmove.o)
 .comment       0x0000000000000000       0x24 c:/altera/15.0/nios2eds/bin/gnu/h-x86_64-mingw32/bin/../lib/gcc/nios2-elf/4.9.1/../../../../../H-x86_64-mingw32/nios2-elf/lib\libc.a(lib_a-memset.o)
 .comment       0x0000000000000000       0x24 c:/altera/15.0/nios2eds/bin/gnu/h-x86_64-mingw32/bin/../lib/gcc/nios2-elf/4.9.1/../../../../../H-x86_64-mingw32/nios2-elf/lib\libc.a(lib_a-mprec.o)
 .comment       0x0000000000000000       0x24 c:/altera/15.0/nios2eds/bin/gnu/h-x86_64-mingw32/bin/../lib/gcc/nios2-elf/4.9.1/../../../../../H-x86_64-mingw32/nios2-elf/lib\libc.a(lib_a-putc.o)
 .comment       0x0000000000000000       0x24 c:/altera/15.0/nios2eds/bin/gnu/h-x86_64-mingw32/bin/../lib/gcc/nios2-elf/4.9.1/../../../../../H-x86_64-mingw32/nios2-elf/lib\libc.a(lib_a-reallocr.o)
 .comment       0x0000000000000000       0x24 c:/altera/15.0/nios2eds/bin/gnu/h-x86_64-mingw32/bin/../lib/gcc/nios2-elf/4.9.1/../../../../../H-x86_64-mingw32/nios2-elf/lib\libc.a(lib_a-s_fpclassify.o)
 .comment       0x0000000000000000       0x24 c:/altera/15.0/nios2eds/bin/gnu/h-x86_64-mingw32/bin/../lib/gcc/nios2-elf/4.9.1/../../../../../H-x86_64-mingw32/nios2-elf/lib\libc.a(lib_a-sbrkr.o)
 .comment       0x0000000000000000       0x24 c:/altera/15.0/nios2eds/bin/gnu/h-x86_64-mingw32/bin/../lib/gcc/nios2-elf/4.9.1/../../../../../H-x86_64-mingw32/nios2-elf/lib\libc.a(lib_a-stdio.o)
 .comment       0x0000000000000000       0x24 c:/altera/15.0/nios2eds/bin/gnu/h-x86_64-mingw32/bin/../lib/gcc/nios2-elf/4.9.1/../../../../../H-x86_64-mingw32/nios2-elf/lib\libc.a(lib_a-strcmp.o)
 .comment       0x0000000000000000       0x24 c:/altera/15.0/nios2eds/bin/gnu/h-x86_64-mingw32/bin/../lib/gcc/nios2-elf/4.9.1/../../../../../H-x86_64-mingw32/nios2-elf/lib\libc.a(lib_a-svfiprintf.o)
 .comment       0x0000000000000000       0x24 c:/altera/15.0/nios2eds/bin/gnu/h-x86_64-mingw32/bin/../lib/gcc/nios2-elf/4.9.1/../../../../../H-x86_64-mingw32/nios2-elf/lib\libc.a(lib_a-vfiprintf.o)
 .comment       0x0000000000000000       0x24 c:/altera/15.0/nios2eds/bin/gnu/h-x86_64-mingw32/bin/../lib/gcc/nios2-elf/4.9.1/../../../../../H-x86_64-mingw32/nios2-elf/lib\libc.a(lib_a-wbuf.o)
 .comment       0x0000000000000000       0x24 c:/altera/15.0/nios2eds/bin/gnu/h-x86_64-mingw32/bin/../lib/gcc/nios2-elf/4.9.1/../../../../../H-x86_64-mingw32/nios2-elf/lib\libc.a(lib_a-writer.o)
 .comment       0x0000000000000000       0x24 c:/altera/15.0/nios2eds/bin/gnu/h-x86_64-mingw32/bin/../lib/gcc/nios2-elf/4.9.1/../../../../../H-x86_64-mingw32/nios2-elf/lib\libc.a(closer.o)
 .comment       0x0000000000000000       0x24 c:/altera/15.0/nios2eds/bin/gnu/h-x86_64-mingw32/bin/../lib/gcc/nios2-elf/4.9.1/../../../../../H-x86_64-mingw32/nios2-elf/lib\libc.a(lib_a-callocr.o)
 .comment       0x0000000000000000       0x24 c:/altera/15.0/nios2eds/bin/gnu/h-x86_64-mingw32/bin/../lib/gcc/nios2-elf/4.9.1/../../../../../H-x86_64-mingw32/nios2-elf/lib\libc.a(lib_a-fclose.o)
 .comment       0x0000000000000000       0x24 c:/altera/15.0/nios2eds/bin/gnu/h-x86_64-mingw32/bin/../lib/gcc/nios2-elf/4.9.1/../../../../../H-x86_64-mingw32/nios2-elf/lib\libc.a(lib_a-fputwc.o)
 .comment       0x0000000000000000       0x24 c:/altera/15.0/nios2eds/bin/gnu/h-x86_64-mingw32/bin/../lib/gcc/nios2-elf/4.9.1/../../../../../H-x86_64-mingw32/nios2-elf/lib\libc.a(lib_a-fstatr.o)
 .comment       0x0000000000000000       0x24 c:/altera/15.0/nios2eds/bin/gnu/h-x86_64-mingw32/bin/../lib/gcc/nios2-elf/4.9.1/../../../../../H-x86_64-mingw32/nios2-elf/lib\libc.a(lib_a-int_errno.o)
 .comment       0x0000000000000000       0x24 c:/altera/15.0/nios2eds/bin/gnu/h-x86_64-mingw32/bin/../lib/gcc/nios2-elf/4.9.1/../../../../../H-x86_64-mingw32/nios2-elf/lib\libc.a(lib_a-isattyr.o)
 .comment       0x0000000000000000       0x24 c:/altera/15.0/nios2eds/bin/gnu/h-x86_64-mingw32/bin/../lib/gcc/nios2-elf/4.9.1/../../../../../H-x86_64-mingw32/nios2-elf/lib\libc.a(lib_a-lseekr.o)
 .comment       0x0000000000000000       0x24 c:/altera/15.0/nios2eds/bin/gnu/h-x86_64-mingw32/bin/../lib/gcc/nios2-elf/4.9.1/../../../../../H-x86_64-mingw32/nios2-elf/lib\libc.a(lib_a-readr.o)
 .comment       0x0000000000000000       0x24 c:/altera/15.0/nios2eds/bin/gnu/h-x86_64-mingw32/bin/../lib/gcc/nios2-elf/4.9.1/../../../../../H-x86_64-mingw32/nios2-elf/lib\libc.a(lib_a-wcrtomb.o)
 .comment       0x0000000000000000       0x24 c:/altera/15.0/nios2eds/bin/gnu/h-x86_64-mingw32/bin/../lib/gcc/nios2-elf/4.9.1/../../../../../H-x86_64-mingw32/nios2-elf/lib\libc.a(lib_a-wctomb_r.o)
 .comment       0x0000000000000000       0x24 c:/altera/15.0/nios2eds/bin/gnu/h-x86_64-mingw32/bin/../lib/gcc/nios2-elf/4.9.1\libgcc.a(_udivdi3.o)
 .comment       0x0000000000000000       0x24 c:/altera/15.0/nios2eds/bin/gnu/h-x86_64-mingw32/bin/../lib/gcc/nios2-elf/4.9.1\libgcc.a(_umoddi3.o)
 .comment       0x0000000000000000       0x24 c:/altera/15.0/nios2eds/bin/gnu/h-x86_64-mingw32/bin/../lib/gcc/nios2-elf/4.9.1\libgcc.a(lib2-divmod.o)
 .comment       0x0000000000000000       0x24 c:/altera/15.0/nios2eds/bin/gnu/h-x86_64-mingw32/bin/../lib/gcc/nios2-elf/4.9.1\libgcc.a(divdf3.o)
 .comment       0x0000000000000000       0x24 c:/altera/15.0/nios2eds/bin/gnu/h-x86_64-mingw32/bin/../lib/gcc/nios2-elf/4.9.1\libgcc.a(eqdf2.o)
 .comment       0x0000000000000000       0x24 c:/altera/15.0/nios2eds/bin/gnu/h-x86_64-mingw32/bin/../lib/gcc/nios2-elf/4.9.1\libgcc.a(muldf3.o)
 .comment       0x0000000000000000       0x24 c:/altera/15.0/nios2eds/bin/gnu/h-x86_64-mingw32/bin/../lib/gcc/nios2-elf/4.9.1\libgcc.a(subdf3.o)
 .comment       0x0000000000000000       0x24 c:/altera/15.0/nios2eds/bin/gnu/h-x86_64-mingw32/bin/../lib/gcc/nios2-elf/4.9.1\libgcc.a(floatunsidf.o)
 .comment       0x0000000000000000       0x24 ../Display_project_bsp/\libhal_bsp.a(alt_close.o)
 .comment       0x0000000000000000       0x24 ../Display_project_bsp/\libhal_bsp.a(alt_dev.o)